
> anime-api@1.0.0 test
> set NODE_ENV=test&& jest --verbose --runInBand

  console.log
    [dotenv@17.2.3] injecting env (6) from .env -- tip: ­ƒöÉ encrypt with Dotenvx: https://dotenvx.com

      at _log (node_modules/dotenv/lib/main.js:142:11)

  console.log
    [dotenv@17.2.3] injecting env (0) from .env -- tip: ­ƒùé´©Å backup and recover secrets: https://dotenvx.com/ops

      at _log (node_modules/dotenv/lib/main.js:142:11)

  console.log
    Ô£à Connected to SQLite database: C:\Users\justi\Nextcloud\school\Summa jaar 2 redo\API-basis\Project-Manga\config\anime_test.db

      at log (config/db.js:127:13)

  console.log
    [36m[REQUEST][0m POST /api/auth/register - IP: ::ffff:127.0.0.1

      at log (middleware/logger.js:76:11)

  console.log
    [90m  Body: {"username":"admin_1775113939722","email":"admin_1775113939722@example.com","password":"password123"}[0m

      at log (middleware/logger.js:82:13)

  console.log
    [32m[RESPONSE][0m POST /api/auth/register - 201 - 102ms

      at ServerResponse.log [as json] (middleware/logger.js:95:13)

  console.log
    [36m[REQUEST][0m GET /api/anime/999999 - IP: ::ffff:127.0.0.1

      at log (middleware/logger.js:76:11)

  console.log
    [33m[RESPONSE][0m GET /api/anime/999999 - 404 - 3ms

      at ServerResponse.log [as json] (middleware/logger.js:95:13)

  console.log
      [31mError: Anime not found[0m

      at ServerResponse.log [as json] (middleware/logger.js:101:15)

  console.log
    [36m[REQUEST][0m POST /api/auth/register - IP: ::ffff:127.0.0.1

      at log (middleware/logger.js:76:11)

  console.log
    [90m  Body: {"username":"admin_1775113939875","email":"admin_1775113939875@example.com","password":"password123"}[0m

      at log (middleware/logger.js:82:13)

  console.log
    [32m[RESPONSE][0m POST /api/auth/register - 201 - 85ms

      at ServerResponse.log [as json] (middleware/logger.js:95:13)

  console.log
    [36m[REQUEST][0m PUT /api/anime/999999 - IP: ::ffff:127.0.0.1

      at log (middleware/logger.js:76:11)

  console.log
    [90m  Body: {"name":"Test"}[0m

      at log (middleware/logger.js:82:13)

  console.log
    [33m[RESPONSE][0m PUT /api/anime/999999 - 404 - 3ms

      at ServerResponse.log [as json] (middleware/logger.js:95:13)

  console.log
      [31mError: Anime not found[0m

      at ServerResponse.log [as json] (middleware/logger.js:101:15)

  console.log
    [36m[REQUEST][0m POST /api/auth/register - IP: ::ffff:127.0.0.1

      at log (middleware/logger.js:76:11)

  console.log
    [90m  Body: {"username":"admin_1775113939981","email":"admin_1775113939981@example.com","password":"password123"}[0m

      at log (middleware/logger.js:82:13)

  console.log
    [32m[RESPONSE][0m POST /api/auth/register - 201 - 87ms

      at ServerResponse.log [as json] (middleware/logger.js:95:13)

  console.log
    [36m[REQUEST][0m DELETE /api/anime/999999 - IP: ::ffff:127.0.0.1

      at log (middleware/logger.js:76:11)

  console.log
    [33m[RESPONSE][0m DELETE /api/anime/999999 - 404 - 3ms

      at ServerResponse.log [as json] (middleware/logger.js:95:13)

  console.log
      [31mError: Anime not found[0m

      at ServerResponse.log [as json] (middleware/logger.js:101:15)

  console.log
    [36m[REQUEST][0m POST /api/auth/register - IP: ::ffff:127.0.0.1

      at log (middleware/logger.js:76:11)

  console.log
    [90m  Body: {"username":"admin_1775113940088","email":"admin_1775113940088@example.com","password":"password123"}[0m

      at log (middleware/logger.js:82:13)

  console.log
    [32m[RESPONSE][0m POST /api/auth/register - 201 - 89ms

      at ServerResponse.log [as json] (middleware/logger.js:95:13)

  console.log
    [36m[REQUEST][0m GET /api/anime/999999/characters - IP: ::ffff:127.0.0.1

      at log (middleware/logger.js:76:11)

  console.log
    [33m[RESPONSE][0m GET /api/anime/999999/characters - 404 - 2ms

      at ServerResponse.log [as json] (middleware/logger.js:95:13)

  console.log
      [31mError: Anime not found[0m

      at ServerResponse.log [as json] (middleware/logger.js:101:15)

  console.log
    [36m[REQUEST][0m POST /api/auth/register - IP: ::ffff:127.0.0.1

      at log (middleware/logger.js:76:11)

  console.log
    [90m  Body: {"username":"admin_1775113940199","email":"admin_1775113940199@example.com","password":"password123"}[0m

      at log (middleware/logger.js:82:13)

  console.log
    [32m[RESPONSE][0m POST /api/auth/register - 201 - 91ms

      at ServerResponse.log [as json] (middleware/logger.js:95:13)

  console.log
    [36m[REQUEST][0m POST /api/anime/999999/characters - IP: ::ffff:127.0.0.1

      at log (middleware/logger.js:76:11)

  console.log
    [90m  Body: {"name":"Test Character"}[0m

      at log (middleware/logger.js:82:13)

  console.log
    [33m[RESPONSE][0m POST /api/anime/999999/characters - 404 - 3ms

      at ServerResponse.log [as json] (middleware/logger.js:95:13)

  console.log
      [31mError: Anime not found[0m

      at ServerResponse.log [as json] (middleware/logger.js:101:15)

  console.log
    [36m[REQUEST][0m POST /api/auth/register - IP: ::ffff:127.0.0.1

      at log (middleware/logger.js:76:11)

  console.log
    [90m  Body: {"username":"admin_1775113940311","email":"admin_1775113940311@example.com","password":"password123"}[0m

      at log (middleware/logger.js:82:13)

  console.log
    [32m[RESPONSE][0m POST /api/auth/register - 201 - 98ms

      at ServerResponse.log [as json] (middleware/logger.js:95:13)

  console.log
    [36m[REQUEST][0m POST /api/anime - IP: ::ffff:127.0.0.1

      at log (middleware/logger.js:76:11)

  console.log
    [33m[RESPONSE][0m POST /api/anime - 400 - 2ms

      at ServerResponse.log [as json] (middleware/logger.js:95:13)

  console.log
      [31mError: Anime name is required[0m

      at ServerResponse.log [as json] (middleware/logger.js:101:15)

  console.log
    [36m[REQUEST][0m POST /api/auth/register - IP: ::ffff:127.0.0.1

      at log (middleware/logger.js:76:11)

  console.log
    [90m  Body: {"username":"admin_1775113940437","email":"admin_1775113940437@example.com","password":"password123"}[0m

      at log (middleware/logger.js:82:13)

  console.log
    [32m[RESPONSE][0m POST /api/auth/register - 201 - 101ms

      at ServerResponse.log [as json] (middleware/logger.js:95:13)

  console.log
    [36m[REQUEST][0m POST /api/anime - IP: ::ffff:127.0.0.1

      at log (middleware/logger.js:76:11)

  console.log
    [90m  Body: {"name":""}[0m

      at log (middleware/logger.js:82:13)

  console.log
    [33m[RESPONSE][0m POST /api/anime - 400 - 4ms

      at ServerResponse.log [as json] (middleware/logger.js:95:13)

  console.log
      [31mError: Anime name is required[0m

      at ServerResponse.log [as json] (middleware/logger.js:101:15)

  console.log
    [36m[REQUEST][0m POST /api/auth/register - IP: ::ffff:127.0.0.1

      at log (middleware/logger.js:76:11)

  console.log
    [90m  Body: {"username":"admin_1775113940562","email":"admin_1775113940562@example.com","password":"password123"}[0m

      at log (middleware/logger.js:82:13)

  console.log
    [32m[RESPONSE][0m POST /api/auth/register - 201 - 103ms

      at ServerResponse.log [as json] (middleware/logger.js:95:13)

  console.log
    [36m[REQUEST][0m PUT /api/anime/2122 - IP: ::ffff:127.0.0.1

      at log (middleware/logger.js:76:11)

  console.log
    [33m[RESPONSE][0m PUT /api/anime/2122 - 400 - 2ms

      at ServerResponse.log [as json] (middleware/logger.js:95:13)

  console.log
      [31mError: Anime name is required[0m

      at ServerResponse.log [as json] (middleware/logger.js:101:15)

  console.log
    [36m[REQUEST][0m POST /api/auth/register - IP: ::ffff:127.0.0.1

      at log (middleware/logger.js:76:11)

  console.log
    [90m  Body: {"username":"admin_1775113940695","email":"admin_1775113940695@example.com","password":"password123"}[0m

      at log (middleware/logger.js:82:13)

  console.log
    [32m[RESPONSE][0m POST /api/auth/register - 201 - 96ms

      at ServerResponse.log [as json] (middleware/logger.js:95:13)

  console.log
    [36m[REQUEST][0m POST /api/anime/2123/characters - IP: ::ffff:127.0.0.1

      at log (middleware/logger.js:76:11)

  console.log
    [33m[RESPONSE][0m POST /api/anime/2123/characters - 400 - 2ms

      at ServerResponse.log [as json] (middleware/logger.js:95:13)

  console.log
      [31mError: Character name is required[0m

      at ServerResponse.log [as json] (middleware/logger.js:101:15)

  console.log
    [36m[REQUEST][0m POST /api/auth/register - IP: ::ffff:127.0.0.1

      at log (middleware/logger.js:76:11)

  console.log
    [90m  Body: {"username":"admin_1775113940819","email":"admin_1775113940819@example.com","password":"password123"}[0m

      at log (middleware/logger.js:82:13)

  console.log
    [32m[RESPONSE][0m POST /api/auth/register - 201 - 107ms

      at ServerResponse.log [as json] (middleware/logger.js:95:13)

  console.log
    [36m[REQUEST][0m POST /api/anime/2124/characters - IP: ::ffff:127.0.0.1

      at log (middleware/logger.js:76:11)

  console.log
    [90m  Body: {"name":""}[0m

      at log (middleware/logger.js:82:13)

  console.log
    [33m[RESPONSE][0m POST /api/anime/2124/characters - 400 - 3ms

      at ServerResponse.log [as json] (middleware/logger.js:95:13)

  console.log
      [31mError: Character name is required[0m

      at ServerResponse.log [as json] (middleware/logger.js:101:15)

  console.log
    [36m[REQUEST][0m POST /api/auth/register - IP: ::ffff:127.0.0.1

      at log (middleware/logger.js:76:11)

  console.log
    [90m  Body: {"username":"admin_1775113940956","email":"admin_1775113940956@example.com","password":"password123"}[0m

      at log (middleware/logger.js:82:13)

  console.log
    [32m[RESPONSE][0m POST /api/auth/register - 201 - 97ms

      at ServerResponse.log [as json] (middleware/logger.js:95:13)

  console.log
    [36m[REQUEST][0m GET /api/search - IP: ::ffff:127.0.0.1

      at log (middleware/logger.js:76:11)

  console.log
    [33m[RESPONSE][0m GET /api/search - 400 - 2ms

      at ServerResponse.log [as json] (middleware/logger.js:95:13)

  console.log
      [31mError: Search query is required[0m

      at ServerResponse.log [as json] (middleware/logger.js:101:15)

  console.log
    [36m[REQUEST][0m POST /api/auth/register - IP: ::ffff:127.0.0.1

      at log (middleware/logger.js:76:11)

  console.log
    [90m  Body: {"username":"admin_1775113941075","email":"admin_1775113941075@example.com","password":"password123"}[0m

      at log (middleware/logger.js:82:13)

  console.log
    [32m[RESPONSE][0m POST /api/auth/register - 201 - 89ms

      at ServerResponse.log [as json] (middleware/logger.js:95:13)

  console.log
    [36m[REQUEST][0m GET /api/search?q= - IP: ::ffff:127.0.0.1

      at log (middleware/logger.js:76:11)

  console.log
    [33m[RESPONSE][0m GET /api/search?q= - 400 - 1ms

      at ServerResponse.log [as json] (middleware/logger.js:95:13)

  console.log
      [31mError: Search query is required[0m

      at ServerResponse.log [as json] (middleware/logger.js:101:15)

  console.log
    [36m[REQUEST][0m POST /api/auth/register - IP: ::ffff:127.0.0.1

      at log (middleware/logger.js:76:11)

  console.log
    [90m  Body: {"username":"admin_1775113941180","email":"admin_1775113941180@example.com","password":"password123"}[0m

      at log (middleware/logger.js:82:13)

  console.log
    [32m[RESPONSE][0m POST /api/auth/register - 201 - 88ms

      at ServerResponse.log [as json] (middleware/logger.js:95:13)

  console.log
    [36m[REQUEST][0m POST /api/anime - IP: ::ffff:127.0.0.1

      at log (middleware/logger.js:76:11)

  console.log
    [90m  Body: {"name":"Duplicate Name"}[0m

      at log (middleware/logger.js:82:13)

  console.log
    [33m[RESPONSE][0m POST /api/anime - 409 - 3ms

      at ServerResponse.log [as json] (middleware/logger.js:95:13)

  console.log
      [31mError: An anime with this name already exists[0m

      at ServerResponse.log [as json] (middleware/logger.js:101:15)

  console.log
    [36m[REQUEST][0m POST /api/auth/register - IP: ::ffff:127.0.0.1

      at log (middleware/logger.js:76:11)

  console.log
    [90m  Body: {"username":"admin_1775113941290","email":"admin_1775113941290@example.com","password":"password123"}[0m

      at log (middleware/logger.js:82:13)

  console.log
    [32m[RESPONSE][0m POST /api/auth/register - 201 - 82ms

      at ServerResponse.log [as json] (middleware/logger.js:95:13)

  console.log
    [36m[REQUEST][0m PUT /api/anime/2127 - IP: ::ffff:127.0.0.1

      at log (middleware/logger.js:76:11)

  console.log
    [90m  Body: {"name":"Existing Name"}[0m

      at log (middleware/logger.js:82:13)

  console.log
    [33m[RESPONSE][0m PUT /api/anime/2127 - 409 - 2ms

      at ServerResponse.log [as json] (middleware/logger.js:95:13)

  console.log
      [31mError: An anime with this name already exists[0m

      at ServerResponse.log [as json] (middleware/logger.js:101:15)

  console.log
    [36m[REQUEST][0m POST /api/auth/register - IP: ::ffff:127.0.0.1

      at log (middleware/logger.js:76:11)

  console.log
    [90m  Body: {"username":"admin_1775113941395","email":"admin_1775113941395@example.com","password":"password123"}[0m

      at log (middleware/logger.js:82:13)

  console.log
    [32m[RESPONSE][0m POST /api/auth/register - 201 - 82ms

      at ServerResponse.log [as json] (middleware/logger.js:95:13)

  console.log
    [36m[REQUEST][0m GET /api/anime/invalid - IP: ::ffff:127.0.0.1

      at log (middleware/logger.js:76:11)

  console.log
    [33m[RESPONSE][0m GET /api/anime/invalid - 400 - 2ms

      at ServerResponse.log [as json] (middleware/logger.js:95:13)

  console.log
      [31mError: Invalid anime ID format[0m

      at ServerResponse.log [as json] (middleware/logger.js:101:15)

  console.log
    [36m[REQUEST][0m POST /api/auth/register - IP: ::ffff:127.0.0.1

      at log (middleware/logger.js:76:11)

  console.log
    [90m  Body: {"username":"admin_1775113941494","email":"admin_1775113941494@example.com","password":"password123"}[0m

      at log (middleware/logger.js:82:13)

  console.log
    [32m[RESPONSE][0m POST /api/auth/register - 201 - 86ms

      at ServerResponse.log [as json] (middleware/logger.js:95:13)

  console.log
    [36m[REQUEST][0m GET /api/anime/-1 - IP: ::ffff:127.0.0.1

      at log (middleware/logger.js:76:11)

  console.log
    [33m[RESPONSE][0m GET /api/anime/-1 - 400 - 2ms

      at ServerResponse.log [as json] (middleware/logger.js:95:13)

  console.log
      [31mError: Anime ID must be a positive integer[0m

      at ServerResponse.log [as json] (middleware/logger.js:101:15)

  console.log
    [36m[REQUEST][0m POST /api/auth/register - IP: ::ffff:127.0.0.1

      at log (middleware/logger.js:76:11)

  console.log
    [90m  Body: {"username":"admin_1775113941597","email":"admin_1775113941597@example.com","password":"password123"}[0m

      at log (middleware/logger.js:82:13)

  console.log
    [32m[RESPONSE][0m POST /api/auth/register - 201 - 88ms

      at ServerResponse.log [as json] (middleware/logger.js:95:13)

  console.log
    [36m[REQUEST][0m POST /api/anime - IP: ::ffff:127.0.0.1

      at log (middleware/logger.js:76:11)

  console.log
    [90m  Body: {"name":"AAAAAAAAAAAAAAAAAAAAAAAAAAAAAAAAAAAAAAAAAAAAAAAAAAAAAAAAAAAAAAAAAAAAAAAAAAAAAAAAAAAAAAAAAAAAAAAAAAAAAAAAAAAAAAAAAAAAAAAAAAAAAAAAAAAAAAAAAAAAAAAAAAAAAAAAAAAAAAAAAAAAAAAAAAAAAAAAAAAAAAAAAAAAAAAAAAAAAAAAAAAAAAAAAAAAAAAAAAAAAAAAAAAAAAAAAAAAAAAAAAAAAAAAAAAAAAAAAAAAAAAAAAAAAAAAAAAAAAAAAAAAAAAAAAAAAAAAAAAA"}[0m

      at log (middleware/logger.js:82:13)

  console.log
    [33m[RESPONSE][0m POST /api/anime - 400 - 2ms

      at ServerResponse.log [as json] (middleware/logger.js:95:13)

  console.log
      [31mError: Anime name must be less than 100 characters[0m

      at ServerResponse.log [as json] (middleware/logger.js:101:15)

  console.log
    [36m[REQUEST][0m POST /api/auth/register - IP: ::ffff:127.0.0.1

      at log (middleware/logger.js:76:11)

  console.log
    [90m  Body: {"username":"admin_1775113941703","email":"admin_1775113941703@example.com","password":"password123"}[0m

      at log (middleware/logger.js:82:13)

  console.log
    [32m[RESPONSE][0m POST /api/auth/register - 201 - 82ms

      at ServerResponse.log [as json] (middleware/logger.js:95:13)

  console.log
    [36m[REQUEST][0m POST /api/auth/register - IP: ::ffff:127.0.0.1

      at log (middleware/logger.js:76:11)

  console.log
    [90m  Body: {"username":"admin_1775113941799","email":"admin_1775113941799@example.com","password":"password123"}[0m

      at log (middleware/logger.js:82:13)

  console.log
    [32m[RESPONSE][0m POST /api/auth/register - 201 - 82ms

      at ServerResponse.log [as json] (middleware/logger.js:95:13)

  console.log
    [36m[REQUEST][0m POST /api/anime - IP: ::ffff:127.0.0.1

      at log (middleware/logger.js:76:11)

  console.log
    [90m  Body: {"name":"Anime: The Story! (2024) - Part 1 & 2"}[0m

      at log (middleware/logger.js:82:13)

  console.log
    [32m[RESPONSE][0m POST /api/anime - 201 - 6ms

      at ServerResponse.log [as json] (middleware/logger.js:95:13)

  console.log
    [36m[REQUEST][0m POST /api/auth/register - IP: ::ffff:127.0.0.1

      at log (middleware/logger.js:76:11)

  console.log
    [90m  Body: {"username":"admin_1775113941908","email":"admin_1775113941908@example.com","password":"password123"}[0m

      at log (middleware/logger.js:82:13)

  console.log
    [32m[RESPONSE][0m POST /api/auth/register - 201 - 87ms

      at ServerResponse.log [as json] (middleware/logger.js:95:13)

  console.log
    [36m[REQUEST][0m POST /api/anime/2129/characters - IP: ::ffff:127.0.0.1

      at log (middleware/logger.js:76:11)

  console.log
    [90m  Body: {"name":"O'Brien-Smith (The 'Hero')"}[0m

      at log (middleware/logger.js:82:13)

  console.log
    [32m[RESPONSE][0m POST /api/anime/2129/characters - 201 - 6ms

      at ServerResponse.log [as json] (middleware/logger.js:95:13)

  console.log
    [36m[REQUEST][0m POST /api/auth/register - IP: ::ffff:127.0.0.1

      at log (middleware/logger.js:76:11)

  console.log
    [90m  Body: {"username":"admin_1775113942024","email":"admin_1775113942024@example.com","password":"password123"}[0m

      at log (middleware/logger.js:82:13)

  console.log
    [32m[RESPONSE][0m POST /api/auth/register - 201 - 91ms

      at ServerResponse.log [as json] (middleware/logger.js:95:13)

  console.log
    [36m[REQUEST][0m POST /api/anime - IP: ::ffff:127.0.0.1

      at log (middleware/logger.js:76:11)

  console.log
    [90m  Body: {"name":"ÚÇ▓µÆâÒü«ÕÀ¿õ║║ (Attack on Titan) ­ƒöÑ"}[0m

      at log (middleware/logger.js:82:13)

  console.log
    [32m[RESPONSE][0m POST /api/anime - 201 - 5ms

      at ServerResponse.log [as json] (middleware/logger.js:95:13)

  console.log
    [36m[REQUEST][0m POST /api/auth/register - IP: ::ffff:127.0.0.1

      at log (middleware/logger.js:76:11)

  console.log
    [90m  Body: {"username":"admin_1775113942139","email":"admin_1775113942139@example.com","password":"password123"}[0m

      at log (middleware/logger.js:82:13)

  console.log
    [32m[RESPONSE][0m POST /api/auth/register - 201 - 96ms

      at ServerResponse.log [as json] (middleware/logger.js:95:13)

  console.log
    [36m[REQUEST][0m GET /api/search?q=Special%20(2024) - IP: ::ffff:127.0.0.1

      at log (middleware/logger.js:76:11)

  console.log
    [32m[RESPONSE][0m GET /api/search?q=Special%20(2024) - 200 - 2ms

      at ServerResponse.log [as json] (middleware/logger.js:95:13)

  console.log
    [36m[REQUEST][0m POST /api/auth/register - IP: ::ffff:127.0.0.1

      at log (middleware/logger.js:76:11)

  console.log
    [90m  Body: {"username":"admin_1775113942257","email":"admin_1775113942257@example.com","password":"password123"}[0m

      at log (middleware/logger.js:82:13)

  console.log
    [32m[RESPONSE][0m POST /api/auth/register - 201 - 96ms

      at ServerResponse.log [as json] (middleware/logger.js:95:13)

  console.log
    [36m[REQUEST][0m PUT /api/anime/2132 - IP: ::ffff:127.0.0.1

      at log (middleware/logger.js:76:11)

  console.log
    [90m  Body: {"name":"Same Name"}[0m

      at log (middleware/logger.js:82:13)

  console.log
    [32m[RESPONSE][0m PUT /api/anime/2132 - 200 - 5ms

      at ServerResponse.log [as json] (middleware/logger.js:95:13)

  console.log
    [36m[REQUEST][0m POST /api/auth/register - IP: ::ffff:127.0.0.1

      at log (middleware/logger.js:76:11)

  console.log
    [90m  Body: {"username":"admin_1775113942380","email":"admin_1775113942380@example.com","password":"password123"}[0m

      at log (middleware/logger.js:82:13)

  console.log
    [32m[RESPONSE][0m POST /api/auth/register - 201 - 96ms

      at ServerResponse.log [as json] (middleware/logger.js:95:13)

  console.log
    [36m[REQUEST][0m GET /api/anime - IP: ::ffff:127.0.0.1

      at log (middleware/logger.js:76:11)

  console.log
    [32m[RESPONSE][0m GET /api/anime - 200 - 1ms

      at ServerResponse.log [as json] (middleware/logger.js:95:13)

  console.log
    [36m[REQUEST][0m POST /api/auth/register - IP: ::ffff:127.0.0.1

      at log (middleware/logger.js:76:11)

  console.log
    [90m  Body: {"username":"admin_1775113942499","email":"admin_1775113942499@example.com","password":"password123"}[0m

      at log (middleware/logger.js:82:13)

  console.log
    [32m[RESPONSE][0m POST /api/auth/register - 201 - 89ms

      at ServerResponse.log [as json] (middleware/logger.js:95:13)

  console.log
    [36m[REQUEST][0m GET /api/anime/999999 - IP: ::ffff:127.0.0.1

      at log (middleware/logger.js:76:11)

  console.log
    [33m[RESPONSE][0m GET /api/anime/999999 - 404 - 2ms

      at ServerResponse.log [as json] (middleware/logger.js:95:13)

  console.log
      [31mError: Anime not found[0m

      at ServerResponse.log [as json] (middleware/logger.js:101:15)

  console.log
    [36m[REQUEST][0m POST /api/auth/register - IP: ::ffff:127.0.0.1

      at log (middleware/logger.js:76:11)

  console.log
    [90m  Body: {"username":"admin_1775113942604","email":"admin_1775113942604@example.com","password":"password123"}[0m

      at log (middleware/logger.js:82:13)

  console.log
    [32m[RESPONSE][0m POST /api/auth/register - 201 - 91ms

      at ServerResponse.log [as json] (middleware/logger.js:95:13)

  console.log
    [36m[REQUEST][0m POST /api/anime - IP: ::ffff:127.0.0.1

      at log (middleware/logger.js:76:11)

  console.log
    [90m  Body: {"name":"New Anime"}[0m

      at log (middleware/logger.js:82:13)

  console.log
    [32m[RESPONSE][0m POST /api/anime - 201 - 6ms

      at ServerResponse.log [as json] (middleware/logger.js:95:13)

  console.log
    [36m[REQUEST][0m POST /api/auth/register - IP: ::ffff:127.0.0.1

      at log (middleware/logger.js:76:11)

  console.log
    [90m  Body: {"username":"admin_1775113942720","email":"admin_1775113942720@example.com","password":"password123"}[0m

      at log (middleware/logger.js:82:13)

  console.log
    [32m[RESPONSE][0m POST /api/auth/register - 201 - 90ms

      at ServerResponse.log [as json] (middleware/logger.js:95:13)

  console.log
    [36m[REQUEST][0m GET /api/anime - IP: ::ffff:127.0.0.1

      at log (middleware/logger.js:76:11)

  console.log
    [32m[RESPONSE][0m GET /api/anime - 200 - 1ms

      at ServerResponse.log [as json] (middleware/logger.js:95:13)

npm : PASS tests/errors.test.js
At line:1 char:81
+ ... aar 2 redo\API-basis\Project-Manga"; npm test 2>&1 > test-results.txt
+                                          ~~~~~~~~~~~~~~~~~~~~~~~~~~~~~~~~
    + CategoryInfo          : NotSpecified: (PASS tests/errors.test.js:String) 
    [], RemoteException
    + FullyQualifiedErrorId : NativeCommandError
 
  Error Handling and Edge Cases
    404 Not Found Errors
      ÔêÜ GET non-existent anime should return 404 (163 ms)
      ÔêÜ PUT non-existent anime should return 404 (107 ms)
      ÔêÜ DELETE non-existent anime should return 404 (107 ms)
      ÔêÜ GET character from non-existent anime should return 404 (108 ms)
      ÔêÜ POST character to non-existent anime should return 404 (112 ms)
    400 Bad Request Errors
      ÔêÜ POST anime without name should return 400 (125 ms)
      ÔêÜ POST anime with empty name should return 400 (124 ms)
      ÔêÜ PUT anime without name should return 400 (129 ms)
      ÔêÜ POST character without name should return 400 (123 ms)
      ÔêÜ POST character with empty name should return 400 (136 ms)
      ÔêÜ Search without query parameter should return 400 (123 ms)
      ÔêÜ Search with empty query parameter should return 400 (106 ms)
    409 Conflict Errors
      ÔêÜ POST anime with duplicate name should return 409 (109 ms)
      ÔêÜ PUT anime to duplicate name should return 409 (104 ms)
    Invalid Input Handling
      ÔêÜ Should handle invalid anime ID format gracefully (101 ms)
      ÔêÜ Should handle negative anime ID (102 ms)
      ÔêÜ Should handle very long anime name (106 ms)
      ÔêÜ Should handle malformed JSON gracefully (96 ms)
    Edge Cases
      ÔêÜ Should handle anime with special characters in name (106 ms)
      ÔêÜ Should handle character with special characters in name (114 ms)
      ÔêÜ Should handle anime with Unicode characters (116 ms)
      ÔêÜ Should handle search with special characters (117 ms)
      ÔêÜ Should update anime to same name (no duplicate error) (122 ms)
    Response Format Consistency
      ÔêÜ All success responses should have consistent structure (118 ms)
      ÔêÜ All error responses should have consistent structure (108 ms)
      ÔêÜ Created resources should return 201 status (111 ms)
      ÔêÜ Successful GET requests should return 200 status (110 ms)

  console.log
    [dotenv@17.2.3] injecting env (6) from .env -- tip: ÔÜÖ´©Å  override existing env vars with { override: true }

      at _log (node_modules/dotenv/lib/main.js:142:11)

  console.log
    [dotenv@17.2.3] injecting env (0) from .env -- tip: ÔÜÖ´©Å  specify custom .env file path with { path: '/custom/path/.env' }

      at _log (node_modules/dotenv/lib/main.js:142:11)

  console.log
    Ô£à Connected to SQLite database: C:\Users\justi\Nextcloud\school\Summa jaar 2 redo\API-basis\Project-Manga\config\anime_test.db

      at log (config/db.js:127:13)

  console.log
    [36m[REQUEST][0m GET /api/anime/2135/ratings - IP: ::ffff:127.0.0.1

      at log (middleware/logger.js:76:11)

  console.log
    [32m[RESPONSE][0m GET /api/anime/2135/ratings - 200 - 4ms

      at ServerResponse.log [as json] (middleware/logger.js:95:13)

  console.log
    [36m[REQUEST][0m POST /api/auth/register - IP: ::ffff:127.0.0.1

      at log (middleware/logger.js:76:11)

  console.log
    [90m  Body: {"username":"user_1","email":"user_1@example.com","password":"password123"}[0m

      at log (middleware/logger.js:82:13)

  console.log
    [32m[RESPONSE][0m POST /api/auth/register - 201 - 102ms

      at ServerResponse.log [as json] (middleware/logger.js:95:13)

  console.log
    [36m[REQUEST][0m POST /api/auth/register - IP: ::ffff:127.0.0.1

      at log (middleware/logger.js:76:11)

  console.log
    [90m  Body: {"username":"user_2","email":"user_2@example.com","password":"password123"}[0m

      at log (middleware/logger.js:82:13)

  console.log
    [32m[RESPONSE][0m POST /api/auth/register - 201 - 84ms

      at ServerResponse.log [as json] (middleware/logger.js:95:13)

  console.log
    [36m[REQUEST][0m POST /api/anime/2136/ratings - IP: ::ffff:127.0.0.1

      at log (middleware/logger.js:76:11)

  console.log
    [90m  Body: {"rating":8,"review":"Great anime!"}[0m

      at log (middleware/logger.js:82:13)

  console.log
    [32m[RESPONSE][0m POST /api/anime/2136/ratings - 201 - 7ms

      at ServerResponse.log [as json] (middleware/logger.js:95:13)

  console.log
    [36m[REQUEST][0m POST /api/anime/2136/ratings - IP: ::ffff:127.0.0.1

      at log (middleware/logger.js:76:11)

  console.log
    [90m  Body: {"rating":6}[0m

      at log (middleware/logger.js:82:13)

  console.log
    [32m[RESPONSE][0m POST /api/anime/2136/ratings - 201 - 4ms

      at ServerResponse.log [as json] (middleware/logger.js:95:13)

  console.log
    [36m[REQUEST][0m GET /api/anime/2136/ratings - IP: ::ffff:127.0.0.1

      at log (middleware/logger.js:76:11)

  console.log
    [32m[RESPONSE][0m GET /api/anime/2136/ratings - 200 - 2ms

      at ServerResponse.log [as json] (middleware/logger.js:95:13)

  console.log
    [36m[REQUEST][0m GET /api/anime/9999/ratings - IP: ::ffff:127.0.0.1

      at log (middleware/logger.js:76:11)

  console.log
    [33m[RESPONSE][0m GET /api/anime/9999/ratings - 404 - 1ms

      at ServerResponse.log [as json] (middleware/logger.js:95:13)

  console.log
      [31mError: Anime not found[0m

      at ServerResponse.log [as json] (middleware/logger.js:101:15)

  console.log
    [36m[REQUEST][0m GET /api/anime/abc/ratings - IP: ::ffff:127.0.0.1

      at log (middleware/logger.js:76:11)

  console.log
    [33m[RESPONSE][0m GET /api/anime/abc/ratings - 400 - 1ms

      at ServerResponse.log [as json] (middleware/logger.js:95:13)

  console.log
      [31mError: Invalid anime ID format[0m

      at ServerResponse.log [as json] (middleware/logger.js:101:15)

  console.log
    [36m[REQUEST][0m POST /api/auth/register - IP: ::ffff:127.0.0.1

      at log (middleware/logger.js:76:11)

  console.log
    [90m  Body: {"username":"user_1775113943458","email":"user_1775113943458@example.com","password":"password123"}[0m

      at log (middleware/logger.js:82:13)

  console.log
    [32m[RESPONSE][0m POST /api/auth/register - 201 - 84ms

      at ServerResponse.log [as json] (middleware/logger.js:95:13)

  console.log
    [36m[REQUEST][0m POST /api/anime/2137/ratings - IP: ::ffff:127.0.0.1

      at log (middleware/logger.js:76:11)

  console.log
    [90m  Body: {"rating":9,"review":"Excellent!"}[0m

      at log (middleware/logger.js:82:13)

  console.log
    [32m[RESPONSE][0m POST /api/anime/2137/ratings - 201 - 5ms

      at ServerResponse.log [as json] (middleware/logger.js:95:13)

  console.log
    [36m[REQUEST][0m POST /api/auth/register - IP: ::ffff:127.0.0.1

      at log (middleware/logger.js:76:11)

  console.log
    [90m  Body: {"username":"user_1775113943569","email":"user_1775113943569@example.com","password":"password123"}[0m

      at log (middleware/logger.js:82:13)

  console.log
    [32m[RESPONSE][0m POST /api/auth/register - 201 - 89ms

      at ServerResponse.log [as json] (middleware/logger.js:95:13)

  console.log
    [36m[REQUEST][0m POST /api/anime/2138/ratings - IP: ::ffff:127.0.0.1

      at log (middleware/logger.js:76:11)

  console.log
    [90m  Body: {"rating":7}[0m

      at log (middleware/logger.js:82:13)

  console.log
    [32m[RESPONSE][0m POST /api/anime/2138/ratings - 201 - 5ms

      at ServerResponse.log [as json] (middleware/logger.js:95:13)

  console.log
    [36m[REQUEST][0m POST /api/anime/2139/ratings - IP: ::ffff:127.0.0.1

      at log (middleware/logger.js:76:11)

  console.log
    [90m  Body: {"rating":8}[0m

      at log (middleware/logger.js:82:13)

  console.log
    [33m[RESPONSE][0m POST /api/anime/2139/ratings - 401 - 2ms

      at ServerResponse.log [as json] (middleware/logger.js:95:13)

  console.log
      [31mError: No authorization token provided[0m

      at ServerResponse.log [as json] (middleware/logger.js:101:15)

  console.log
    [36m[REQUEST][0m POST /api/auth/register - IP: ::ffff:127.0.0.1

      at log (middleware/logger.js:76:11)

  console.log
    [90m  Body: {"username":"user_1775113943701","email":"user_1775113943701@example.com","password":"password123"}[0m

      at log (middleware/logger.js:82:13)

  console.log
    [32m[RESPONSE][0m POST /api/auth/register - 201 - 93ms

      at ServerResponse.log [as json] (middleware/logger.js:95:13)

  console.log
    [36m[REQUEST][0m POST /api/anime/2140/ratings - IP: ::ffff:127.0.0.1

      at log (middleware/logger.js:76:11)

  console.log
    [33m[RESPONSE][0m POST /api/anime/2140/ratings - 400 - 2ms

      at ServerResponse.log [as json] (middleware/logger.js:95:13)

  console.log
      [31mError: Rating is required[0m

      at ServerResponse.log [as json] (middleware/logger.js:101:15)

  console.log
    [36m[REQUEST][0m POST /api/auth/register - IP: ::ffff:127.0.0.1

      at log (middleware/logger.js:76:11)

  console.log
    [90m  Body: {"username":"user_1775113943812","email":"user_1775113943812@example.com","password":"password123"}[0m

      at log (middleware/logger.js:82:13)

  console.log
    [32m[RESPONSE][0m POST /api/auth/register - 201 - 94ms

      at ServerResponse.log [as json] (middleware/logger.js:95:13)

  console.log
    [36m[REQUEST][0m POST /api/anime/2141/ratings - IP: ::ffff:127.0.0.1

      at log (middleware/logger.js:76:11)

  console.log
    [90m  Body: {"rating":0}[0m

      at log (middleware/logger.js:82:13)

  console.log
    [33m[RESPONSE][0m POST /api/anime/2141/ratings - 400 - 3ms

      at ServerResponse.log [as json] (middleware/logger.js:95:13)

  console.log
      [31mError: Rating must be between 1 and 10[0m

      at ServerResponse.log [as json] (middleware/logger.js:101:15)

  console.log
    [36m[REQUEST][0m POST /api/auth/register - IP: ::ffff:127.0.0.1

      at log (middleware/logger.js:76:11)

  console.log
    [90m  Body: {"username":"user_1775113943927","email":"user_1775113943927@example.com","password":"password123"}[0m

      at log (middleware/logger.js:82:13)

  console.log
    [32m[RESPONSE][0m POST /api/auth/register - 201 - 99ms

      at ServerResponse.log [as json] (middleware/logger.js:95:13)

  console.log
    [36m[REQUEST][0m POST /api/anime/2142/ratings - IP: ::ffff:127.0.0.1

      at log (middleware/logger.js:76:11)

  console.log
    [90m  Body: {"rating":11}[0m

      at log (middleware/logger.js:82:13)

  console.log
    [33m[RESPONSE][0m POST /api/anime/2142/ratings - 400 - 2ms

      at ServerResponse.log [as json] (middleware/logger.js:95:13)

  console.log
      [31mError: Rating must be between 1 and 10[0m

      at ServerResponse.log [as json] (middleware/logger.js:101:15)

  console.log
    [36m[REQUEST][0m POST /api/auth/register - IP: ::ffff:127.0.0.1

      at log (middleware/logger.js:76:11)

  console.log
    [90m  Body: {"username":"user_1775113944046","email":"user_1775113944046@example.com","password":"password123"}[0m

      at log (middleware/logger.js:82:13)

  console.log
    [32m[RESPONSE][0m POST /api/auth/register - 201 - 93ms

      at ServerResponse.log [as json] (middleware/logger.js:95:13)

  console.log
    [36m[REQUEST][0m POST /api/anime/2143/ratings - IP: ::ffff:127.0.0.1

      at log (middleware/logger.js:76:11)

  console.log
    [90m  Body: {"rating":7.5}[0m

      at log (middleware/logger.js:82:13)

  console.log
    [33m[RESPONSE][0m POST /api/anime/2143/ratings - 400 - 2ms

      at ServerResponse.log [as json] (middleware/logger.js:95:13)

  console.log
      [31mError: Rating must be an integer[0m

      at ServerResponse.log [as json] (middleware/logger.js:101:15)

  console.log
    [36m[REQUEST][0m POST /api/auth/register - IP: ::ffff:127.0.0.1

      at log (middleware/logger.js:76:11)

  console.log
    [90m  Body: {"username":"user_1775113944159","email":"user_1775113944159@example.com","password":"password123"}[0m

      at log (middleware/logger.js:82:13)

  console.log
    [32m[RESPONSE][0m POST /api/auth/register - 201 - 91ms

      at ServerResponse.log [as json] (middleware/logger.js:95:13)

  console.log
    [36m[REQUEST][0m POST /api/anime/2144/ratings - IP: ::ffff:127.0.0.1

      at log (middleware/logger.js:76:11)

  console.log
    [90m  Body: {"rating":8}[0m

      at log (middleware/logger.js:82:13)

  console.log
    [32m[RESPONSE][0m POST /api/anime/2144/ratings - 201 - 5ms

      at ServerResponse.log [as json] (middleware/logger.js:95:13)

  console.log
    [36m[REQUEST][0m POST /api/anime/2144/ratings - IP: ::ffff:127.0.0.1

      at log (middleware/logger.js:76:11)

  console.log
    [90m  Body: {"rating":9}[0m

      at log (middleware/logger.js:82:13)

  console.log
    [33m[RESPONSE][0m POST /api/anime/2144/ratings - 409 - 2ms

      at ServerResponse.log [as json] (middleware/logger.js:95:13)

  console.log
      [31mError: You have already rated this anime. Use PUT to update your rating.[0m

      at ServerResponse.log [as json] (middleware/logger.js:101:15)

  console.log
    [36m[REQUEST][0m POST /api/auth/register - IP: ::ffff:127.0.0.1

      at log (middleware/logger.js:76:11)

  console.log
    [90m  Body: {"username":"user_1775113944279","email":"user_1775113944279@example.com","password":"password123"}[0m

      at log (middleware/logger.js:82:13)

  console.log
    [32m[RESPONSE][0m POST /api/auth/register - 201 - 88ms

      at ServerResponse.log [as json] (middleware/logger.js:95:13)

  console.log
    [36m[REQUEST][0m POST /api/anime/9999/ratings - IP: ::ffff:127.0.0.1

      at log (middleware/logger.js:76:11)

  console.log
    [90m  Body: {"rating":8}[0m

      at log (middleware/logger.js:82:13)

  console.log
    [33m[RESPONSE][0m POST /api/anime/9999/ratings - 404 - 2ms

      at ServerResponse.log [as json] (middleware/logger.js:95:13)

  console.log
      [31mError: Anime not found[0m

      at ServerResponse.log [as json] (middleware/logger.js:101:15)

  console.log
    [36m[REQUEST][0m POST /api/auth/register - IP: ::ffff:127.0.0.1

      at log (middleware/logger.js:76:11)

  console.log
    [90m  Body: {"username":"user_1775113944383","email":"user_1775113944383@example.com","password":"password123"}[0m

      at log (middleware/logger.js:82:13)

  console.log
    [32m[RESPONSE][0m POST /api/auth/register - 201 - 85ms

      at ServerResponse.log [as json] (middleware/logger.js:95:13)

  console.log
    [36m[REQUEST][0m POST /api/anime/2145/ratings - IP: ::ffff:127.0.0.1

      at log (middleware/logger.js:76:11)

  console.log
    [90m  Body: {"rating":8,"review":"aaaaaaaaaaaaaaaaaaaaaaaaaaaaaaaaaaaaaaaaaaaaaaaaaaaaaaaaaaaaaaaaaaaaaaaaaaaaaaaaaaaaaaaaaaaaaaaaaaaaaaaaaaaaaaaaaaaaaaaaaaaaaaaaaaaaaaaaaaaaaaaaaaaaaaaaaaaaaaaaaaaaaaaaaaaaaaaaaaaaaaaaaaaaaaaaaaaaaaaaaaaaaaaaaaaaaaaaaaaaaaaaaaaaaaaaaaaaaaaaaaaaaaaaaaaaaaaaaaaaaaaaaaaaaaaaaaaaaaaaaaaaaaaaaaaaaaaaaaaaaaaaaaaaaaaaaaaaaaaaaaaaaaaaaaaaaaaaaaaaaaaaaaaaaaaaaaaaaaaaaaaaaaaaaaaaaaaaaaaaaaaaaaaaaaaaaaaaaaaaaaaaaaaaaaaaaaaaaaaaaaaaaaaaaaaaaaaaaaaaaaaaaaaaaaaaaaaaaaaaaaaaaaaaaaaaaaaaaaaaaaaaaaaaaaaaaaaaaaaaaaaaaaaaaaaaaaaaaaaaaaaaaaaaaaaaaaaaaaaaaaaaaaaaaaaaaaaaaaaaaaaaaaaaaaaaaaaaaaaaaaaaaaaaaaaaaaaaaaaaaaaaaaaaaaaaaaaaaaaaaaaaaaaaaaaaaaaaaaaaaaaaaaaaaaaaaaaaaaaaaaaaaaaaaaaaaaaaaaaaaaaaaaaaaaaaaaaaaaaaaaaaaaaaaaaaaaaaaaaaaaaaaaaaaaaaaaaaaaaaaaaaaaaaaaaaaaaaaaaaaaaaaaaaaaaaaaaaaaaaaaaaaaaaaaaaaaaaaaaaaaaaaaaaaaaaaaaaaaaaaaaaaaaaaaaaaaaaaaaaaaaaaaaaaaaaaaaaaaaaaaaaaaaaaaaaaaaaaaaaaaaaaaaaaaaaaaaaaaaaaaaaaaaaaaaaaaaaaaaaaaaaaaaaaaaaaaaaaaaaaaaaaaaaaaaaaaaaaaaaaaaaaaaaaaaaaaaaaaaaaaaaaaaaaaaaaaaaaaaaa"}[0m

      at log (middleware/logger.js:82:13)

  console.log
    [33m[RESPONSE][0m POST /api/anime/2145/ratings - 400 - 3ms

      at ServerResponse.log [as json] (middleware/logger.js:95:13)

  console.log
      [31mError: Review must be less than 1000 characters[0m

      at ServerResponse.log [as json] (middleware/logger.js:101:15)

  console.log
    [36m[REQUEST][0m POST /api/auth/register - IP: ::ffff:127.0.0.1

      at log (middleware/logger.js:76:11)

  console.log
    [90m  Body: {"username":"user_1775113944488","email":"user_1775113944488@example.com","password":"password123"}[0m

      at log (middleware/logger.js:82:13)

  console.log
    [32m[RESPONSE][0m POST /api/auth/register - 201 - 80ms

      at ServerResponse.log [as json] (middleware/logger.js:95:13)

  console.log
    [36m[REQUEST][0m POST /api/anime/2146/ratings - IP: ::ffff:127.0.0.1

      at log (middleware/logger.js:76:11)

  console.log
    [90m  Body: {"rating":7,"review":"Good"}[0m

      at log (middleware/logger.js:82:13)

  console.log
    [32m[RESPONSE][0m POST /api/anime/2146/ratings - 201 - 5ms

      at ServerResponse.log [as json] (middleware/logger.js:95:13)

  console.log
    [36m[REQUEST][0m PUT /api/anime/2146/ratings/278 - IP: ::ffff:127.0.0.1

      at log (middleware/logger.js:76:11)

  console.log
    [90m  Body: {"rating":9,"review":"Actually great!"}[0m

      at log (middleware/logger.js:82:13)

  console.log
    [32m[RESPONSE][0m PUT /api/anime/2146/ratings/278 - 200 - 5ms

      at ServerResponse.log [as json] (middleware/logger.js:95:13)

  console.log
    [36m[REQUEST][0m PUT /api/anime/1/ratings/1 - IP: ::ffff:127.0.0.1

      at log (middleware/logger.js:76:11)

  console.log
    [90m  Body: {"rating":9}[0m

      at log (middleware/logger.js:82:13)

  console.log
    [33m[RESPONSE][0m PUT /api/anime/1/ratings/1 - 401 - 1ms

      at ServerResponse.log [as json] (middleware/logger.js:95:13)

  console.log
      [31mError: No authorization token provided[0m

      at ServerResponse.log [as json] (middleware/logger.js:101:15)

  console.log
    [36m[REQUEST][0m POST /api/auth/register - IP: ::ffff:127.0.0.1

      at log (middleware/logger.js:76:11)

  console.log
    [90m  Body: {"username":"user_1","email":"user_1@example.com","password":"password123"}[0m

      at log (middleware/logger.js:82:13)

  console.log
    [32m[RESPONSE][0m POST /api/auth/register - 201 - 84ms

      at ServerResponse.log [as json] (middleware/logger.js:95:13)

  console.log
    [36m[REQUEST][0m POST /api/auth/register - IP: ::ffff:127.0.0.1

      at log (middleware/logger.js:76:11)

  console.log
    [90m  Body: {"username":"user_2","email":"user_2@example.com","password":"password123"}[0m

      at log (middleware/logger.js:82:13)

  console.log
    [32m[RESPONSE][0m POST /api/auth/register - 201 - 82ms

      at ServerResponse.log [as json] (middleware/logger.js:95:13)

  console.log
    [36m[REQUEST][0m POST /api/anime/2147/ratings - IP: ::ffff:127.0.0.1

      at log (middleware/logger.js:76:11)

  console.log
    [90m  Body: {"rating":7}[0m

      at log (middleware/logger.js:82:13)

  console.log
    [32m[RESPONSE][0m POST /api/anime/2147/ratings - 201 - 5ms

      at ServerResponse.log [as json] (middleware/logger.js:95:13)

  console.log
    [36m[REQUEST][0m PUT /api/anime/2147/ratings/279 - IP: ::ffff:127.0.0.1

      at log (middleware/logger.js:76:11)

  console.log
    [90m  Body: {"rating":9}[0m

      at log (middleware/logger.js:82:13)

  console.log
    [33m[RESPONSE][0m PUT /api/anime/2147/ratings/279 - 403 - 2ms

      at ServerResponse.log [as json] (middleware/logger.js:95:13)

  console.log
      [31mError: You can only update your own ratings[0m

      at ServerResponse.log [as json] (middleware/logger.js:101:15)

  console.log
    [36m[REQUEST][0m POST /api/auth/register - IP: ::ffff:127.0.0.1

      at log (middleware/logger.js:76:11)

  console.log
    [90m  Body: {"username":"user_1775113944805","email":"user_1775113944805@example.com","password":"password123"}[0m

      at log (middleware/logger.js:82:13)

  console.log
    [32m[RESPONSE][0m POST /api/auth/register - 201 - 88ms

      at ServerResponse.log [as json] (middleware/logger.js:95:13)

  console.log
    [36m[REQUEST][0m PUT /api/anime/2148/ratings/9999 - IP: ::ffff:127.0.0.1

      at log (middleware/logger.js:76:11)

  console.log
    [90m  Body: {"rating":8}[0m

      at log (middleware/logger.js:82:13)

  console.log
    [33m[RESPONSE][0m PUT /api/anime/2148/ratings/9999 - 404 - 2ms

      at ServerResponse.log [as json] (middleware/logger.js:95:13)

  console.log
      [31mError: Rating not found[0m

      at ServerResponse.log [as json] (middleware/logger.js:101:15)

  console.log
    [36m[REQUEST][0m POST /api/auth/register - IP: ::ffff:127.0.0.1

      at log (middleware/logger.js:76:11)

  console.log
    [90m  Body: {"username":"user_1775113944911","email":"user_1775113944911@example.com","password":"password123"}[0m

      at log (middleware/logger.js:82:13)

  console.log
    [32m[RESPONSE][0m POST /api/auth/register - 201 - 90ms

      at ServerResponse.log [as json] (middleware/logger.js:95:13)

  console.log
    [36m[REQUEST][0m POST /api/anime/2149/ratings - IP: ::ffff:127.0.0.1

      at log (middleware/logger.js:76:11)

  console.log
    [90m  Body: {"rating":7}[0m

      at log (middleware/logger.js:82:13)

  console.log
    [32m[RESPONSE][0m POST /api/anime/2149/ratings - 201 - 6ms

      at ServerResponse.log [as json] (middleware/logger.js:95:13)

  console.log
    [36m[REQUEST][0m PUT /api/anime/2149/ratings/280 - IP: ::ffff:127.0.0.1

      at log (middleware/logger.js:76:11)

  console.log
    [90m  Body: {"rating":15}[0m

      at log (middleware/logger.js:82:13)

  console.log
    [33m[RESPONSE][0m PUT /api/anime/2149/ratings/280 - 400 - 2ms

      at ServerResponse.log [as json] (middleware/logger.js:95:13)

  console.log
      [31mError: Rating must be between 1 and 10[0m

      at ServerResponse.log [as json] (middleware/logger.js:101:15)

  console.log
    [36m[REQUEST][0m POST /api/auth/register - IP: ::ffff:127.0.0.1

      at log (middleware/logger.js:76:11)

  console.log
    [90m  Body: {"username":"user_1775113945031","email":"user_1775113945031@example.com","password":"password123"}[0m

      at log (middleware/logger.js:82:13)

  console.log
    [32m[RESPONSE][0m POST /api/auth/register - 201 - 87ms

      at ServerResponse.log [as json] (middleware/logger.js:95:13)

  console.log
    [36m[REQUEST][0m POST /api/anime/2150/ratings - IP: ::ffff:127.0.0.1

      at log (middleware/logger.js:76:11)

  console.log
    [90m  Body: {"rating":8}[0m

      at log (middleware/logger.js:82:13)

  console.log
    [32m[RESPONSE][0m POST /api/anime/2150/ratings - 201 - 5ms

      at ServerResponse.log [as json] (middleware/logger.js:95:13)

  console.log
    [36m[REQUEST][0m DELETE /api/anime/2150/ratings/281 - IP: ::ffff:127.0.0.1

      at log (middleware/logger.js:76:11)

  console.log
    [32m[RESPONSE][0m DELETE /api/anime/2150/ratings/281 - 200 - 5ms

      at ServerResponse.log [as json] (middleware/logger.js:95:13)

  console.log
    [36m[REQUEST][0m DELETE /api/anime/1/ratings/1 - IP: ::ffff:127.0.0.1

      at log (middleware/logger.js:76:11)

  console.log
    [33m[RESPONSE][0m DELETE /api/anime/1/ratings/1 - 401 - 1ms

      at ServerResponse.log [as json] (middleware/logger.js:95:13)

  console.log
      [31mError: No authorization token provided[0m

      at ServerResponse.log [as json] (middleware/logger.js:101:15)

  console.log
    [36m[REQUEST][0m POST /api/auth/register - IP: ::ffff:127.0.0.1

      at log (middleware/logger.js:76:11)

  console.log
    [90m  Body: {"username":"user_1","email":"user_1@example.com","password":"password123"}[0m

      at log (middleware/logger.js:82:13)

  console.log
    [32m[RESPONSE][0m POST /api/auth/register - 201 - 83ms

      at ServerResponse.log [as json] (middleware/logger.js:95:13)

  console.log
    [36m[REQUEST][0m POST /api/auth/register - IP: ::ffff:127.0.0.1

      at log (middleware/logger.js:76:11)

  console.log
    [90m  Body: {"username":"user_2","email":"user_2@example.com","password":"password123"}[0m

      at log (middleware/logger.js:82:13)

  console.log
    [32m[RESPONSE][0m POST /api/auth/register - 201 - 85ms

      at ServerResponse.log [as json] (middleware/logger.js:95:13)

  console.log
    [36m[REQUEST][0m POST /api/anime/2151/ratings - IP: ::ffff:127.0.0.1

      at log (middleware/logger.js:76:11)

  console.log
    [90m  Body: {"rating":7}[0m

      at log (middleware/logger.js:82:13)

  console.log
    [32m[RESPONSE][0m POST /api/anime/2151/ratings - 201 - 5ms

      at ServerResponse.log [as json] (middleware/logger.js:95:13)

  console.log
    [36m[REQUEST][0m DELETE /api/anime/2151/ratings/282 - IP: ::ffff:127.0.0.1

      at log (middleware/logger.js:76:11)

  console.log
    [33m[RESPONSE][0m DELETE /api/anime/2151/ratings/282 - 403 - 3ms

      at ServerResponse.log [as json] (middleware/logger.js:95:13)

  console.log
      [31mError: You can only delete your own ratings[0m

      at ServerResponse.log [as json] (middleware/logger.js:101:15)

  console.log
    [36m[REQUEST][0m POST /api/auth/register - IP: ::ffff:127.0.0.1

      at log (middleware/logger.js:76:11)

  console.log
    [90m  Body: {"username":"user_1775113945358","email":"user_1775113945358@example.com","password":"password123"}[0m

      at log (middleware/logger.js:82:13)

  console.log
    [32m[RESPONSE][0m POST /api/auth/register - 201 - 90ms

      at ServerResponse.log [as json] (middleware/logger.js:95:13)

  console.log
    [36m[REQUEST][0m DELETE /api/anime/2152/ratings/9999 - IP: ::ffff:127.0.0.1

      at log (middleware/logger.js:76:11)

  console.log
    [33m[RESPONSE][0m DELETE /api/anime/2152/ratings/9999 - 404 - 3ms

      at ServerResponse.log [as json] (middleware/logger.js:95:13)

  console.log
      [31mError: Rating not found[0m

      at ServerResponse.log [as json] (middleware/logger.js:101:15)

  console.log
    [36m[REQUEST][0m POST /api/auth/register - IP: ::ffff:127.0.0.1

      at log (middleware/logger.js:76:11)

  console.log
    [90m  Body: {"username":"user_1775113945467","email":"user_1775113945467@example.com","password":"password123"}[0m

      at log (middleware/logger.js:82:13)

  console.log
    [32m[RESPONSE][0m POST /api/auth/register - 201 - 88ms

      at ServerResponse.log [as json] (middleware/logger.js:95:13)

  console.log
    [36m[REQUEST][0m POST /api/anime/2153/ratings - IP: ::ffff:127.0.0.1

      at log (middleware/logger.js:76:11)

  console.log
    [90m  Body: {"rating":10,"review":"Best anime!"}[0m

      at log (middleware/logger.js:82:13)

  console.log
    [32m[RESPONSE][0m POST /api/anime/2153/ratings - 201 - 6ms

      at ServerResponse.log [as json] (middleware/logger.js:95:13)

  console.log
    [36m[REQUEST][0m POST /api/anime/2154/ratings - IP: ::ffff:127.0.0.1

      at log (middleware/logger.js:76:11)

  console.log
    [90m  Body: {"rating":9}[0m

      at log (middleware/logger.js:82:13)

  console.log
    [32m[RESPONSE][0m POST /api/anime/2154/ratings - 201 - 7ms

      at ServerResponse.log [as json] (middleware/logger.js:95:13)

  console.log
    [36m[REQUEST][0m GET /api/ratings/me - IP: ::ffff:127.0.0.1

      at log (middleware/logger.js:76:11)

  console.log
    [32m[RESPONSE][0m GET /api/ratings/me - 200 - 3ms

      at ServerResponse.log [as json] (middleware/logger.js:95:13)

  console.log
    [36m[REQUEST][0m POST /api/auth/register - IP: ::ffff:127.0.0.1

      at log (middleware/logger.js:76:11)

  console.log
    [90m  Body: {"username":"user_1775113945596","email":"user_1775113945596@example.com","password":"password123"}[0m

      at log (middleware/logger.js:82:13)

  console.log
    [32m[RESPONSE][0m POST /api/auth/register - 201 - 96ms

      at ServerResponse.log [as json] (middleware/logger.js:95:13)

  console.log
    [36m[REQUEST][0m GET /api/ratings/me - IP: ::ffff:127.0.0.1

      at log (middleware/logger.js:76:11)

  console.log
    [32m[RESPONSE][0m GET /api/ratings/me - 200 - 3ms

      at ServerResponse.log [as json] (middleware/logger.js:95:13)

  console.log
    [36m[REQUEST][0m GET /api/ratings/me - IP: ::ffff:127.0.0.1

      at log (middleware/logger.js:76:11)

  console.log
    [33m[RESPONSE][0m GET /api/ratings/me - 401 - 1ms

      at ServerResponse.log [as json] (middleware/logger.js:95:13)

  console.log
      [31mError: No authorization token provided[0m

      at ServerResponse.log [as json] (middleware/logger.js:101:15)

PASS tests/ratings.test.js
  Ratings API Endpoints
    GET /api/anime/:animeId/ratings
      ÔêÜ Should return empty ratings with null average when no ratings exist (
24 ms)
      ÔêÜ Should return ratings with correct average (233 ms)
      ÔêÜ Should return 404 for non-existent anime (14 ms)
      ÔêÜ Should return 400 for invalid anime ID (6 ms)
    POST /api/anime/:animeId/ratings
      ÔêÜ Should create a rating successfully (100 ms)
      ÔêÜ Should create a rating without review (116 ms)
      ÔêÜ Should return 401 when not authenticated (22 ms)
      ÔêÜ Should return 400 when rating is missing (108 ms)
      ÔêÜ Should return 400 when rating is below 1 (114 ms)
      ÔêÜ Should return 400 when rating is above 10 (120 ms)
      ÔêÜ Should return 400 when rating is not an integer (112 ms)
      ÔêÜ Should return 409 when user already rated this anime (121 ms)
      ÔêÜ Should return 404 for non-existent anime (106 ms)
      ÔêÜ Should return 400 when review is too long (102 ms)
    PUT /api/anime/:animeId/ratings/:ratingId
      ÔêÜ Should update own rating successfully (109 ms)
      ÔêÜ Should return 401 when not authenticated (13 ms)
      ÔêÜ Should return 403 when updating another user's rating (193 ms)
      ÔêÜ Should return 404 for non-existent rating (107 ms)
      ÔêÜ Should return 400 for invalid rating value on update (119 ms)
    DELETE /api/anime/:animeId/ratings/:ratingId
      ÔêÜ Should delete own rating successfully (119 ms)
      ÔêÜ Should return 401 when not authenticated (10 ms)
      ÔêÜ Should return 403 when deleting another user's rating (194 ms)
      ÔêÜ Should return 404 for non-existent rating (110 ms)
    GET /api/ratings/me
      ÔêÜ Should return authenticated user's ratings (130 ms)
      ÔêÜ Should return empty array when user has no ratings (115 ms)
      ÔêÜ Should return 401 when not authenticated (10 ms)

  console.log
    [dotenv@17.2.3] injecting env (6) from .env -- tip: ­ƒùé´©Å backup and recover secrets: https://dotenvx.com/ops

      at _log (node_modules/dotenv/lib/main.js:142:11)

  console.log
    [dotenv@17.2.3] injecting env (0) from .env -- tip: ÔÜÖ´©Å  suppress all logs with { quiet: true }

      at _log (node_modules/dotenv/lib/main.js:142:11)

  console.log
    Ô£à Connected to SQLite database: C:\Users\justi\Nextcloud\school\Summa jaar 2 redo\API-basis\Project-Manga\config\anime_test.db

      at log (config/db.js:127:13)

  console.log
    [36m[REQUEST][0m POST /api/auth/register - IP: ::ffff:127.0.0.1

      at log (middleware/logger.js:76:11)

  console.log
    [90m  Body: {"username":"admin_1775113946038","email":"admin_1775113946038@example.com","password":"password123"}[0m

      at log (middleware/logger.js:82:13)

  console.log
    [32m[RESPONSE][0m POST /api/auth/register - 201 - 97ms

      at ServerResponse.log [as json] (middleware/logger.js:95:13)

  console.log
    [36m[REQUEST][0m GET /api/anime/2155/characters - IP: ::ffff:127.0.0.1

      at log (middleware/logger.js:76:11)

  console.log
    [32m[RESPONSE][0m GET /api/anime/2155/characters - 200 - 2ms

      at ServerResponse.log [as json] (middleware/logger.js:95:13)

  console.log
    [36m[REQUEST][0m POST /api/auth/register - IP: ::ffff:127.0.0.1

      at log (middleware/logger.js:76:11)

  console.log
    [90m  Body: {"username":"admin_1775113946181","email":"admin_1775113946181@example.com","password":"password123"}[0m

      at log (middleware/logger.js:82:13)

  console.log
    [32m[RESPONSE][0m POST /api/auth/register - 201 - 86ms

      at ServerResponse.log [as json] (middleware/logger.js:95:13)

  console.log
    [36m[REQUEST][0m GET /api/anime/2156/characters - IP: ::ffff:127.0.0.1

      at log (middleware/logger.js:76:11)

  console.log
    [32m[RESPONSE][0m GET /api/anime/2156/characters - 200 - 2ms

      at ServerResponse.log [as json] (middleware/logger.js:95:13)

  console.log
    [36m[REQUEST][0m POST /api/auth/register - IP: ::ffff:127.0.0.1

      at log (middleware/logger.js:76:11)

  console.log
    [90m  Body: {"username":"admin_1775113946287","email":"admin_1775113946287@example.com","password":"password123"}[0m

      at log (middleware/logger.js:82:13)

  console.log
    [32m[RESPONSE][0m POST /api/auth/register - 201 - 83ms

      at ServerResponse.log [as json] (middleware/logger.js:95:13)

  console.log
    [36m[REQUEST][0m GET /api/anime/9999/characters - IP: ::ffff:127.0.0.1

      at log (middleware/logger.js:76:11)

  console.log
    [33m[RESPONSE][0m GET /api/anime/9999/characters - 404 - 1ms

      at ServerResponse.log [as json] (middleware/logger.js:95:13)

  console.log
      [31mError: Anime not found[0m

      at ServerResponse.log [as json] (middleware/logger.js:101:15)

  console.log
    [36m[REQUEST][0m POST /api/auth/register - IP: ::ffff:127.0.0.1

      at log (middleware/logger.js:76:11)

  console.log
    [90m  Body: {"username":"admin_1775113946387","email":"admin_1775113946387@example.com","password":"password123"}[0m

      at log (middleware/logger.js:82:13)

  console.log
    [32m[RESPONSE][0m POST /api/auth/register - 201 - 86ms

      at ServerResponse.log [as json] (middleware/logger.js:95:13)

  console.log
    [36m[REQUEST][0m GET /api/anime/2157/characters/622 - IP: ::ffff:127.0.0.1

      at log (middleware/logger.js:76:11)

  console.log
    [32m[RESPONSE][0m GET /api/anime/2157/characters/622 - 200 - 2ms

      at ServerResponse.log [as json] (middleware/logger.js:95:13)

  console.log
    [36m[REQUEST][0m POST /api/auth/register - IP: ::ffff:127.0.0.1

      at log (middleware/logger.js:76:11)

  console.log
    [90m  Body: {"username":"admin_1775113946497","email":"admin_1775113946497@example.com","password":"password123"}[0m

      at log (middleware/logger.js:82:13)

  console.log
    [32m[RESPONSE][0m POST /api/auth/register - 201 - 86ms

      at ServerResponse.log [as json] (middleware/logger.js:95:13)

  console.log
    [36m[REQUEST][0m GET /api/anime/2158/characters/9999 - IP: ::ffff:127.0.0.1

      at log (middleware/logger.js:76:11)

  console.log
    [33m[RESPONSE][0m GET /api/anime/2158/characters/9999 - 404 - 1ms

      at ServerResponse.log [as json] (middleware/logger.js:95:13)

  console.log
      [31mError: Character not found[0m

      at ServerResponse.log [as json] (middleware/logger.js:101:15)

  console.log
    [36m[REQUEST][0m POST /api/auth/register - IP: ::ffff:127.0.0.1

      at log (middleware/logger.js:76:11)

  console.log
    [90m  Body: {"username":"admin_1775113946604","email":"admin_1775113946604@example.com","password":"password123"}[0m

      at log (middleware/logger.js:82:13)

  console.log
    [32m[RESPONSE][0m POST /api/auth/register - 201 - 84ms

      at ServerResponse.log [as json] (middleware/logger.js:95:13)

  console.log
    [36m[REQUEST][0m GET /api/anime/9999/characters/1 - IP: ::ffff:127.0.0.1

      at log (middleware/logger.js:76:11)

  console.log
    [33m[RESPONSE][0m GET /api/anime/9999/characters/1 - 404 - 1ms

      at ServerResponse.log [as json] (middleware/logger.js:95:13)

  console.log
      [31mError: Character not found[0m

      at ServerResponse.log [as json] (middleware/logger.js:101:15)

  console.log
    [36m[REQUEST][0m POST /api/auth/register - IP: ::ffff:127.0.0.1

      at log (middleware/logger.js:76:11)

  console.log
    [90m  Body: {"username":"admin_1775113946706","email":"admin_1775113946706@example.com","password":"password123"}[0m

      at log (middleware/logger.js:82:13)

  console.log
    [32m[RESPONSE][0m POST /api/auth/register - 201 - 79ms

      at ServerResponse.log [as json] (middleware/logger.js:95:13)

  console.log
    [36m[REQUEST][0m POST /api/anime/2159/characters - IP: ::ffff:127.0.0.1

      at log (middleware/logger.js:76:11)

  console.log
    [90m  Body: {"name":"Eren Yeager"}[0m

      at log (middleware/logger.js:82:13)

  console.log
    [32m[RESPONSE][0m POST /api/anime/2159/characters - 201 - 5ms

      at ServerResponse.log [as json] (middleware/logger.js:95:13)

  console.log
    [36m[REQUEST][0m POST /api/auth/register - IP: ::ffff:127.0.0.1

      at log (middleware/logger.js:76:11)

  console.log
    [90m  Body: {"username":"admin_1775113946812","email":"admin_1775113946812@example.com","password":"password123"}[0m

      at log (middleware/logger.js:82:13)

  console.log
    [32m[RESPONSE][0m POST /api/auth/register - 201 - 83ms

      at ServerResponse.log [as json] (middleware/logger.js:95:13)

  console.log
    [36m[REQUEST][0m POST /api/anime/2160/characters - IP: ::ffff:127.0.0.1

      at log (middleware/logger.js:76:11)

  console.log
    [33m[RESPONSE][0m POST /api/anime/2160/characters - 400 - 1ms

      at ServerResponse.log [as json] (middleware/logger.js:95:13)

  console.log
      [31mError: Character name is required[0m

      at ServerResponse.log [as json] (middleware/logger.js:101:15)

  console.log
    [36m[REQUEST][0m POST /api/auth/register - IP: ::ffff:127.0.0.1

      at log (middleware/logger.js:76:11)

  console.log
    [90m  Body: {"username":"admin_1775113946920","email":"admin_1775113946920@example.com","password":"password123"}[0m

      at log (middleware/logger.js:82:13)

  console.log
    [32m[RESPONSE][0m POST /api/auth/register - 201 - 86ms

      at ServerResponse.log [as json] (middleware/logger.js:95:13)

  console.log
    [36m[REQUEST][0m POST /api/anime/9999/characters - IP: ::ffff:127.0.0.1

      at log (middleware/logger.js:76:11)

  console.log
    [90m  Body: {"name":"Test Character"}[0m

      at log (middleware/logger.js:82:13)

  console.log
    [33m[RESPONSE][0m POST /api/anime/9999/characters - 404 - 2ms

      at ServerResponse.log [as json] (middleware/logger.js:95:13)

  console.log
      [31mError: Anime not found[0m

      at ServerResponse.log [as json] (middleware/logger.js:101:15)

  console.log
    [36m[REQUEST][0m POST /api/auth/register - IP: ::ffff:127.0.0.1

      at log (middleware/logger.js:76:11)

  console.log
    [90m  Body: {"username":"admin_1775113947026","email":"admin_1775113947026@example.com","password":"password123"}[0m

      at log (middleware/logger.js:82:13)

  console.log
    [32m[RESPONSE][0m POST /api/auth/register - 201 - 93ms

      at ServerResponse.log [as json] (middleware/logger.js:95:13)

  console.log
    [36m[REQUEST][0m PUT /api/anime/2161/characters/624 - IP: ::ffff:127.0.0.1

      at log (middleware/logger.js:76:11)

  console.log
    [90m  Body: {"name":"Light Yagami"}[0m

      at log (middleware/logger.js:82:13)

  console.log
    [32m[RESPONSE][0m PUT /api/anime/2161/characters/624 - 200 - 6ms

      at ServerResponse.log [as json] (middleware/logger.js:95:13)

  console.log
    [36m[REQUEST][0m POST /api/auth/register - IP: ::ffff:127.0.0.1

      at log (middleware/logger.js:76:11)

  console.log
    [90m  Body: {"username":"admin_1775113947151","email":"admin_1775113947151@example.com","password":"password123"}[0m

      at log (middleware/logger.js:82:13)

  console.log
    [32m[RESPONSE][0m POST /api/auth/register - 201 - 96ms

      at ServerResponse.log [as json] (middleware/logger.js:95:13)

  console.log
    [36m[REQUEST][0m PUT /api/anime/2162/characters/9999 - IP: ::ffff:127.0.0.1

      at log (middleware/logger.js:76:11)

  console.log
    [90m  Body: {"name":"Test"}[0m

      at log (middleware/logger.js:82:13)

  console.log
    [33m[RESPONSE][0m PUT /api/anime/2162/characters/9999 - 404 - 3ms

      at ServerResponse.log [as json] (middleware/logger.js:95:13)

  console.log
      [31mError: Character not found[0m

      at ServerResponse.log [as json] (middleware/logger.js:101:15)

  console.log
    [36m[REQUEST][0m POST /api/auth/register - IP: ::ffff:127.0.0.1

      at log (middleware/logger.js:76:11)

  console.log
    [90m  Body: {"username":"admin_1775113947270","email":"admin_1775113947270@example.com","password":"password123"}[0m

      at log (middleware/logger.js:82:13)

  console.log
    [32m[RESPONSE][0m POST /api/auth/register - 201 - 98ms

      at ServerResponse.log [as json] (middleware/logger.js:95:13)

  console.log
    [36m[REQUEST][0m PUT /api/anime/2163/characters/625 - IP: ::ffff:127.0.0.1

      at log (middleware/logger.js:76:11)

  console.log
    [33m[RESPONSE][0m PUT /api/anime/2163/characters/625 - 400 - 2ms

      at ServerResponse.log [as json] (middleware/logger.js:95:13)

  console.log
      [31mError: Character name is required[0m

      at ServerResponse.log [as json] (middleware/logger.js:101:15)

  console.log
    [36m[REQUEST][0m POST /api/auth/register - IP: ::ffff:127.0.0.1

      at log (middleware/logger.js:76:11)

  console.log
    [90m  Body: {"username":"admin_1775113947400","email":"admin_1775113947400@example.com","password":"password123"}[0m

      at log (middleware/logger.js:82:13)

  console.log
    [32m[RESPONSE][0m POST /api/auth/register - 201 - 99ms

      at ServerResponse.log [as json] (middleware/logger.js:95:13)

  console.log
    [36m[REQUEST][0m DELETE /api/anime/2164/characters/626 - IP: ::ffff:127.0.0.1

      at log (middleware/logger.js:76:11)

  console.log
    [32m[RESPONSE][0m DELETE /api/anime/2164/characters/626 - 200 - 5ms

      at ServerResponse.log [as json] (middleware/logger.js:95:13)

  console.log
    [36m[REQUEST][0m POST /api/auth/register - IP: ::ffff:127.0.0.1

      at log (middleware/logger.js:76:11)

  console.log
    [90m  Body: {"username":"admin_1775113947529","email":"admin_1775113947529@example.com","password":"password123"}[0m

      at log (middleware/logger.js:82:13)

  console.log
    [32m[RESPONSE][0m POST /api/auth/register - 201 - 95ms

      at ServerResponse.log [as json] (middleware/logger.js:95:13)

  console.log
    [36m[REQUEST][0m DELETE /api/anime/2165/characters/9999 - IP: ::ffff:127.0.0.1

      at log (middleware/logger.js:76:11)

  console.log
    [33m[RESPONSE][0m DELETE /api/anime/2165/characters/9999 - 404 - 3ms

      at ServerResponse.log [as json] (middleware/logger.js:95:13)

  console.log
      [31mError: Character not found[0m

      at ServerResponse.log [as json] (middleware/logger.js:101:15)

  console.log
    [36m[REQUEST][0m POST /api/auth/register - IP: ::ffff:127.0.0.1

      at log (middleware/logger.js:76:11)

  console.log
    [90m  Body: {"username":"admin_1775113947646","email":"admin_1775113947646@example.com","password":"password123"}[0m

      at log (middleware/logger.js:82:13)

  console.log
    [32m[RESPONSE][0m POST /api/auth/register - 201 - 89ms

      at ServerResponse.log [as json] (middleware/logger.js:95:13)

  console.log
    [36m[REQUEST][0m DELETE /api/anime/9999/characters/1 - IP: ::ffff:127.0.0.1

      at log (middleware/logger.js:76:11)

  console.log
    [33m[RESPONSE][0m DELETE /api/anime/9999/characters/1 - 404 - 2ms

      at ServerResponse.log [as json] (middleware/logger.js:95:13)

  console.log
      [31mError: Character not found[0m

      at ServerResponse.log [as json] (middleware/logger.js:101:15)

  console.log
    [36m[REQUEST][0m POST /api/auth/register - IP: ::ffff:127.0.0.1

      at log (middleware/logger.js:76:11)

  console.log
    [90m  Body: {"username":"admin_1775113947752","email":"admin_1775113947752@example.com","password":"password123"}[0m

      at log (middleware/logger.js:82:13)

  console.log
    [32m[RESPONSE][0m POST /api/auth/register - 201 - 86ms

      at ServerResponse.log [as json] (middleware/logger.js:95:13)

  console.log
    [36m[REQUEST][0m GET /api/anime/2166/characters - IP: ::ffff:127.0.0.1

      at log (middleware/logger.js:76:11)

  console.log
    [32m[RESPONSE][0m GET /api/anime/2166/characters - 200 - 2ms

      at ServerResponse.log [as json] (middleware/logger.js:95:13)

  console.log
    [36m[REQUEST][0m POST /api/auth/register - IP: ::ffff:127.0.0.1

      at log (middleware/logger.js:76:11)

  console.log
    [90m  Body: {"username":"admin_1775113947874","email":"admin_1775113947874@example.com","password":"password123"}[0m

      at log (middleware/logger.js:82:13)

  console.log
    [32m[RESPONSE][0m POST /api/auth/register - 201 - 87ms

      at ServerResponse.log [as json] (middleware/logger.js:95:13)

  console.log
    [36m[REQUEST][0m GET /api/anime/2169/characters/630 - IP: ::ffff:127.0.0.1

      at log (middleware/logger.js:76:11)

  console.log
    [33m[RESPONSE][0m GET /api/anime/2169/characters/630 - 404 - 1ms

      at ServerResponse.log [as json] (middleware/logger.js:95:13)

  console.log
      [31mError: Character not found[0m

      at ServerResponse.log [as json] (middleware/logger.js:101:15)

PASS tests/characters.test.js
  Character API Endpoints
    GET /api/anime/:animeId/characters
      ÔêÜ Should return all characters for an anime (137 ms)
      ÔêÜ Should return empty array when anime has no characters (108 ms)
      ÔêÜ Should return 404 when anime does not exist (100 ms)
    GET /api/anime/:animeId/characters/:characterId
      ÔêÜ Should return specific character (105 ms)
      ÔêÜ Should return 404 when character does not exist (110 ms)
      ÔêÜ Should return 404 when anime does not exist (103 ms)
    POST /api/anime/:animeId/characters
      ÔêÜ Should create new character successfully (102 ms)
      ÔêÜ Should return 400 when character name is missing (107 ms)
      ÔêÜ Should return 404 when anime does not exist (108 ms)
    PUT /api/anime/:animeId/characters/:characterId
      ÔêÜ Should update character successfully (119 ms)
      ÔêÜ Should return 404 when character does not exist (123 ms)
      ÔêÜ Should return 400 when name is missing (124 ms)
    DELETE /api/anime/:animeId/characters/:characterId
      ÔêÜ Should delete character successfully (132 ms)
      ÔêÜ Should return 404 when character does not exist (118 ms)
      ÔêÜ Should return 404 when anime does not exist (108 ms)
    Character-Anime Relationships
      ÔêÜ Should only return characters belonging to specified anime (118 ms)
      ÔêÜ Should verify character belongs to specified anime before operations 
(113 ms)

  console.log
    [dotenv@17.2.3] injecting env (6) from .env -- tip: ­ƒôí add observability to secrets: https://dotenvx.com/ops

      at _log (node_modules/dotenv/lib/main.js:142:11)

  console.log
    [dotenv@17.2.3] injecting env (0) from .env -- tip: ­ƒöä add secrets lifecycle management: https://dotenvx.com/ops

      at _log (node_modules/dotenv/lib/main.js:142:11)

  console.log
    Ô£à Connected to SQLite database: C:\Users\justi\Nextcloud\school\Summa jaar 2 redo\API-basis\Project-Manga\config\anime_test.db

      at log (config/db.js:127:13)

  console.log
    [36m[REQUEST][0m POST /api/auth/register - IP: ::ffff:127.0.0.1

      at log (middleware/logger.js:76:11)

  console.log
    [90m  Body: {"username":"user_1775113948272","email":"user_1775113948272@example.com","password":"password123"}[0m

      at log (middleware/logger.js:82:13)

  console.log
    [32m[RESPONSE][0m POST /api/auth/register - 201 - 103ms

      at ServerResponse.log [as json] (middleware/logger.js:95:13)

  console.log
    [36m[REQUEST][0m GET /api/favorites - IP: ::ffff:127.0.0.1

      at log (middleware/logger.js:76:11)

  console.log
    [32m[RESPONSE][0m GET /api/favorites - 200 - 5ms

      at ServerResponse.log [as json] (middleware/logger.js:95:13)

  console.log
    [36m[REQUEST][0m POST /api/auth/register - IP: ::ffff:127.0.0.1

      at log (middleware/logger.js:76:11)

  console.log
    [90m  Body: {"username":"user_1775113948421","email":"user_1775113948421@example.com","password":"password123"}[0m

      at log (middleware/logger.js:82:13)

  console.log
    [32m[RESPONSE][0m POST /api/auth/register - 201 - 85ms

      at ServerResponse.log [as json] (middleware/logger.js:95:13)

  console.log
    [36m[REQUEST][0m POST /api/favorites/2170 - IP: ::ffff:127.0.0.1

      at log (middleware/logger.js:76:11)

  console.log
    [32m[RESPONSE][0m POST /api/favorites/2170 - 201 - 5ms

      at ServerResponse.log [as json] (middleware/logger.js:95:13)

  console.log
    [36m[REQUEST][0m POST /api/favorites/2171 - IP: ::ffff:127.0.0.1

      at log (middleware/logger.js:76:11)

  console.log
    [32m[RESPONSE][0m POST /api/favorites/2171 - 201 - 4ms

      at ServerResponse.log [as json] (middleware/logger.js:95:13)

  console.log
    [36m[REQUEST][0m GET /api/favorites - IP: ::ffff:127.0.0.1

      at log (middleware/logger.js:76:11)

  console.log
    [32m[RESPONSE][0m GET /api/favorites - 200 - 2ms

      at ServerResponse.log [as json] (middleware/logger.js:95:13)

  console.log
    [36m[REQUEST][0m GET /api/favorites - IP: ::ffff:127.0.0.1

      at log (middleware/logger.js:76:11)

  console.log
    [33m[RESPONSE][0m GET /api/favorites - 401 - 1ms

      at ServerResponse.log [as json] (middleware/logger.js:95:13)

  console.log
      [31mError: No authorization token provided[0m

      at ServerResponse.log [as json] (middleware/logger.js:101:15)

  console.log
    [36m[REQUEST][0m POST /api/auth/register - IP: ::ffff:127.0.0.1

      at log (middleware/logger.js:76:11)

  console.log
    [90m  Body: {"username":"user_1","email":"user_1@example.com","password":"password123"}[0m

      at log (middleware/logger.js:82:13)

  console.log
    [32m[RESPONSE][0m POST /api/auth/register - 201 - 85ms

      at ServerResponse.log [as json] (middleware/logger.js:95:13)

  console.log
    [36m[REQUEST][0m POST /api/auth/register - IP: ::ffff:127.0.0.1

      at log (middleware/logger.js:76:11)

  console.log
    [90m  Body: {"username":"user_2","email":"user_2@example.com","password":"password123"}[0m

      at log (middleware/logger.js:82:13)

  console.log
    [32m[RESPONSE][0m POST /api/auth/register - 201 - 83ms

      at ServerResponse.log [as json] (middleware/logger.js:95:13)

  console.log
    [36m[REQUEST][0m POST /api/favorites/2172 - IP: ::ffff:127.0.0.1

      at log (middleware/logger.js:76:11)

  console.log
    [32m[RESPONSE][0m POST /api/favorites/2172 - 201 - 5ms

      at ServerResponse.log [as json] (middleware/logger.js:95:13)

  console.log
    [36m[REQUEST][0m POST /api/favorites/2173 - IP: ::ffff:127.0.0.1

      at log (middleware/logger.js:76:11)

  console.log
    [32m[RESPONSE][0m POST /api/favorites/2173 - 201 - 5ms

      at ServerResponse.log [as json] (middleware/logger.js:95:13)

  console.log
    [36m[REQUEST][0m GET /api/favorites - IP: ::ffff:127.0.0.1

      at log (middleware/logger.js:76:11)

  console.log
    [32m[RESPONSE][0m GET /api/favorites - 200 - 2ms

      at ServerResponse.log [as json] (middleware/logger.js:95:13)

  console.log
    [36m[REQUEST][0m POST /api/auth/register - IP: ::ffff:127.0.0.1

      at log (middleware/logger.js:76:11)

  console.log
    [90m  Body: {"username":"user_1775113948763","email":"user_1775113948763@example.com","password":"password123"}[0m

      at log (middleware/logger.js:82:13)

  console.log
    [32m[RESPONSE][0m POST /api/auth/register - 201 - 85ms

      at ServerResponse.log [as json] (middleware/logger.js:95:13)

  console.log
    [36m[REQUEST][0m POST /api/favorites/2174 - IP: ::ffff:127.0.0.1

      at log (middleware/logger.js:76:11)

  console.log
    [32m[RESPONSE][0m POST /api/favorites/2174 - 201 - 4ms

      at ServerResponse.log [as json] (middleware/logger.js:95:13)

  console.log
    [36m[REQUEST][0m POST /api/favorites/2175 - IP: ::ffff:127.0.0.1

      at log (middleware/logger.js:76:11)

  console.log
    [33m[RESPONSE][0m POST /api/favorites/2175 - 401 - 1ms

      at ServerResponse.log [as json] (middleware/logger.js:95:13)

  console.log
      [31mError: No authorization token provided[0m

      at ServerResponse.log [as json] (middleware/logger.js:101:15)

  console.log
    [36m[REQUEST][0m POST /api/auth/register - IP: ::ffff:127.0.0.1

      at log (middleware/logger.js:76:11)

  console.log
    [90m  Body: {"username":"user_1775113948882","email":"user_1775113948882@example.com","password":"password123"}[0m

      at log (middleware/logger.js:82:13)

  console.log
    [32m[RESPONSE][0m POST /api/auth/register - 201 - 91ms

      at ServerResponse.log [as json] (middleware/logger.js:95:13)

  console.log
    [36m[REQUEST][0m POST /api/favorites/9999 - IP: ::ffff:127.0.0.1

      at log (middleware/logger.js:76:11)

  console.log
    [33m[RESPONSE][0m POST /api/favorites/9999 - 404 - 2ms

      at ServerResponse.log [as json] (middleware/logger.js:95:13)

  console.log
      [31mError: Anime not found[0m

      at ServerResponse.log [as json] (middleware/logger.js:101:15)

  console.log
    [36m[REQUEST][0m POST /api/auth/register - IP: ::ffff:127.0.0.1

      at log (middleware/logger.js:76:11)

  console.log
    [90m  Body: {"username":"user_1775113948990","email":"user_1775113948990@example.com","password":"password123"}[0m

      at log (middleware/logger.js:82:13)

  console.log
    [32m[RESPONSE][0m POST /api/auth/register - 201 - 94ms

      at ServerResponse.log [as json] (middleware/logger.js:95:13)

  console.log
    [36m[REQUEST][0m POST /api/favorites/2176 - IP: ::ffff:127.0.0.1

      at log (middleware/logger.js:76:11)

  console.log
    [32m[RESPONSE][0m POST /api/favorites/2176 - 201 - 5ms

      at ServerResponse.log [as json] (middleware/logger.js:95:13)

  console.log
    [36m[REQUEST][0m POST /api/favorites/2176 - IP: ::ffff:127.0.0.1

      at log (middleware/logger.js:76:11)

  console.log
    [33m[RESPONSE][0m POST /api/favorites/2176 - 409 - 3ms

      at ServerResponse.log [as json] (middleware/logger.js:95:13)

  console.log
      [31mError: Anime is already in your favorites[0m

      at ServerResponse.log [as json] (middleware/logger.js:101:15)

  console.log
    [36m[REQUEST][0m POST /api/auth/register - IP: ::ffff:127.0.0.1

      at log (middleware/logger.js:76:11)

  console.log
    [90m  Body: {"username":"user_1775113949114","email":"user_1775113949114@example.com","password":"password123"}[0m

      at log (middleware/logger.js:82:13)

  console.log
    [32m[RESPONSE][0m POST /api/auth/register - 201 - 98ms

      at ServerResponse.log [as json] (middleware/logger.js:95:13)

  console.log
    [36m[REQUEST][0m POST /api/favorites/abc - IP: ::ffff:127.0.0.1

      at log (middleware/logger.js:76:11)

  console.log
    [33m[RESPONSE][0m POST /api/favorites/abc - 400 - 2ms

      at ServerResponse.log [as json] (middleware/logger.js:95:13)

  console.log
      [31mError: Invalid anime ID format[0m

      at ServerResponse.log [as json] (middleware/logger.js:101:15)

  console.log
    [36m[REQUEST][0m POST /api/auth/register - IP: ::ffff:127.0.0.1

      at log (middleware/logger.js:76:11)

  console.log
    [90m  Body: {"username":"user_1775113949232","email":"user_1775113949232@example.com","password":"password123"}[0m

      at log (middleware/logger.js:82:13)

  console.log
    [32m[RESPONSE][0m POST /api/auth/register - 201 - 99ms

      at ServerResponse.log [as json] (middleware/logger.js:95:13)

  console.log
    [36m[REQUEST][0m POST /api/favorites/2177 - IP: ::ffff:127.0.0.1

      at log (middleware/logger.js:76:11)

  console.log
    [32m[RESPONSE][0m POST /api/favorites/2177 - 201 - 4ms

      at ServerResponse.log [as json] (middleware/logger.js:95:13)

  console.log
    [36m[REQUEST][0m DELETE /api/favorites/2177 - IP: ::ffff:127.0.0.1

      at log (middleware/logger.js:76:11)

  console.log
    [32m[RESPONSE][0m DELETE /api/favorites/2177 - 200 - 5ms

      at ServerResponse.log [as json] (middleware/logger.js:95:13)

  console.log
    [36m[REQUEST][0m DELETE /api/favorites/1 - IP: ::ffff:127.0.0.1

      at log (middleware/logger.js:76:11)

  console.log
    [33m[RESPONSE][0m DELETE /api/favorites/1 - 401 - 1ms

      at ServerResponse.log [as json] (middleware/logger.js:95:13)

  console.log
      [31mError: No authorization token provided[0m

      at ServerResponse.log [as json] (middleware/logger.js:101:15)

  console.log
    [36m[REQUEST][0m POST /api/auth/register - IP: ::ffff:127.0.0.1

      at log (middleware/logger.js:76:11)

  console.log
    [90m  Body: {"username":"user_1775113949367","email":"user_1775113949367@example.com","password":"password123"}[0m

      at log (middleware/logger.js:82:13)

  console.log
    [32m[RESPONSE][0m POST /api/auth/register - 201 - 93ms

      at ServerResponse.log [as json] (middleware/logger.js:95:13)

  console.log
    [36m[REQUEST][0m DELETE /api/favorites/2178 - IP: ::ffff:127.0.0.1

      at log (middleware/logger.js:76:11)

  console.log
    [33m[RESPONSE][0m DELETE /api/favorites/2178 - 404 - 2ms

      at ServerResponse.log [as json] (middleware/logger.js:95:13)

  console.log
      [31mError: Anime is not in your favorites[0m

      at ServerResponse.log [as json] (middleware/logger.js:101:15)

  console.log
    [36m[REQUEST][0m POST /api/auth/register - IP: ::ffff:127.0.0.1

      at log (middleware/logger.js:76:11)

  console.log
    [90m  Body: {"username":"user_1","email":"user_1@example.com","password":"password123"}[0m

      at log (middleware/logger.js:82:13)

  console.log
    [32m[RESPONSE][0m POST /api/auth/register - 201 - 88ms

      at ServerResponse.log [as json] (middleware/logger.js:95:13)

  console.log
    [36m[REQUEST][0m POST /api/auth/register - IP: ::ffff:127.0.0.1

      at log (middleware/logger.js:76:11)

  console.log
    [90m  Body: {"username":"user_2","email":"user_2@example.com","password":"password123"}[0m

      at log (middleware/logger.js:82:13)

  console.log
    [32m[RESPONSE][0m POST /api/auth/register - 201 - 86ms

      at ServerResponse.log [as json] (middleware/logger.js:95:13)

  console.log
    [36m[REQUEST][0m POST /api/favorites/2179 - IP: ::ffff:127.0.0.1

      at log (middleware/logger.js:76:11)

  console.log
    [32m[RESPONSE][0m POST /api/favorites/2179 - 201 - 6ms

      at ServerResponse.log [as json] (middleware/logger.js:95:13)

  console.log
    [36m[REQUEST][0m DELETE /api/favorites/2179 - IP: ::ffff:127.0.0.1

      at log (middleware/logger.js:76:11)

  console.log
    [33m[RESPONSE][0m DELETE /api/favorites/2179 - 404 - 2ms

      at ServerResponse.log [as json] (middleware/logger.js:95:13)

  console.log
      [31mError: Anime is not in your favorites[0m

      at ServerResponse.log [as json] (middleware/logger.js:101:15)

  console.log
    [36m[REQUEST][0m POST /api/auth/register - IP: ::ffff:127.0.0.1

      at log (middleware/logger.js:76:11)

  console.log
    [90m  Body: {"username":"user_1775113949682","email":"user_1775113949682@example.com","password":"password123"}[0m

      at log (middleware/logger.js:82:13)

  console.log
    [32m[RESPONSE][0m POST /api/auth/register - 201 - 83ms

      at ServerResponse.log [as json] (middleware/logger.js:95:13)

  console.log
    [36m[REQUEST][0m DELETE /api/favorites/abc - IP: ::ffff:127.0.0.1

      at log (middleware/logger.js:76:11)

  console.log
    [33m[RESPONSE][0m DELETE /api/favorites/abc - 400 - 2ms

      at ServerResponse.log [as json] (middleware/logger.js:95:13)

  console.log
      [31mError: Invalid anime ID format[0m

      at ServerResponse.log [as json] (middleware/logger.js:101:15)

  console.log
    [36m[REQUEST][0m POST /api/auth/register - IP: ::ffff:127.0.0.1

      at log (middleware/logger.js:76:11)

  console.log
    [90m  Body: {"username":"user_1775113949786","email":"user_1775113949786@example.com","password":"password123"}[0m

      at log (middleware/logger.js:82:13)

  console.log
    [32m[RESPONSE][0m POST /api/auth/register - 201 - 80ms

      at ServerResponse.log [as json] (middleware/logger.js:95:13)

  console.log
    [36m[REQUEST][0m POST /api/favorites/2180 - IP: ::ffff:127.0.0.1

      at log (middleware/logger.js:76:11)

  console.log
    [32m[RESPONSE][0m POST /api/favorites/2180 - 201 - 6ms

      at ServerResponse.log [as json] (middleware/logger.js:95:13)

  console.log
    [36m[REQUEST][0m POST /api/favorites/2181 - IP: ::ffff:127.0.0.1

      at log (middleware/logger.js:76:11)

  console.log
    [32m[RESPONSE][0m POST /api/favorites/2181 - 201 - 4ms

      at ServerResponse.log [as json] (middleware/logger.js:95:13)

  console.log
    [36m[REQUEST][0m DELETE /api/favorites/2180 - IP: ::ffff:127.0.0.1

      at log (middleware/logger.js:76:11)

  console.log
    [32m[RESPONSE][0m DELETE /api/favorites/2180 - 200 - 6ms

      at ServerResponse.log [as json] (middleware/logger.js:95:13)

  console.log
    [36m[REQUEST][0m GET /api/favorites - IP: ::ffff:127.0.0.1

      at log (middleware/logger.js:76:11)

  console.log
    [32m[RESPONSE][0m GET /api/favorites - 200 - 2ms

      at ServerResponse.log [as json] (middleware/logger.js:95:13)

PASS tests/favorites.test.js
  Favorites API Endpoints
    GET /api/favorites
      ÔêÜ Should return empty favorites list for new user (145 ms)
      ÔêÜ Should return user's favorites with anime names (123 ms)
      ÔêÜ Should return 401 when not authenticated (15 ms)
      ÔêÜ Should only return favorites for the authenticated user (203 ms)
    POST /api/favorites/:animeId
      ÔêÜ Should add anime to favorites successfully (107 ms)
      ÔêÜ Should return 401 when not authenticated (17 ms)
      ÔêÜ Should return 404 when anime does not exist (104 ms)
      ÔêÜ Should return 409 when anime is already favorited (122 ms)
      ÔêÜ Should return 400 for invalid anime ID (119 ms)
    DELETE /api/favorites/:animeId
      ÔêÜ Should remove anime from favorites successfully (127 ms)
      ÔêÜ Should return 401 when not authenticated (12 ms)
      ÔêÜ Should return 404 when anime is not in favorites (106 ms)
      ÔêÜ Should not remove another user's favorite (205 ms)
      ÔêÜ Should return 400 for invalid anime ID (103 ms)
      ÔêÜ Should correctly update favorites count after removal (121 ms)

  console.log
    [dotenv@17.2.3] injecting env (6) from .env -- tip: ÔÜÖ´©Å  specify custom .env file path with { path: '/custom/path/.env' }

      at _log (node_modules/dotenv/lib/main.js:142:11)

  console.log
    [dotenv@17.2.3] injecting env (0) from .env -- tip: ÔÜÖ´©Å  load multiple .env files with { path: ['.env.local', '.env'] }

      at _log (node_modules/dotenv/lib/main.js:142:11)

  console.log
    Ô£à Connected to SQLite database: C:\Users\justi\Nextcloud\school\Summa jaar 2 redo\API-basis\Project-Manga\config\anime_test.db

      at log (config/db.js:127:13)

  console.log
    [36m[REQUEST][0m POST /api/auth/register - IP: ::ffff:127.0.0.1

      at log (middleware/logger.js:76:11)

  console.log
    [90m  Body: {"username":"admin_1775113950201","email":"admin_1775113950201@example.com","password":"password123"}[0m

      at log (middleware/logger.js:82:13)

  console.log
    [32m[RESPONSE][0m POST /api/auth/register - 201 - 96ms

      at ServerResponse.log [as json] (middleware/logger.js:95:13)

  console.log
    [36m[REQUEST][0m GET /api/anime - IP: ::ffff:127.0.0.1

      at log (middleware/logger.js:76:11)

  console.log
    [32m[RESPONSE][0m GET /api/anime - 200 - 2ms

      at ServerResponse.log [as json] (middleware/logger.js:95:13)

  console.log
    [36m[REQUEST][0m POST /api/auth/register - IP: ::ffff:127.0.0.1

      at log (middleware/logger.js:76:11)

  console.log
    [90m  Body: {"username":"admin_1775113950327","email":"admin_1775113950327@example.com","password":"password123"}[0m

      at log (middleware/logger.js:82:13)

  console.log
    [32m[RESPONSE][0m POST /api/auth/register - 201 - 83ms

      at ServerResponse.log [as json] (middleware/logger.js:95:13)

  console.log
    [36m[REQUEST][0m GET /api/anime - IP: ::ffff:127.0.0.1

      at log (middleware/logger.js:76:11)

  console.log
    [32m[RESPONSE][0m GET /api/anime - 200 - 2ms

      at ServerResponse.log [as json] (middleware/logger.js:95:13)

  console.log
    [36m[REQUEST][0m POST /api/auth/register - IP: ::ffff:127.0.0.1

      at log (middleware/logger.js:76:11)

  console.log
    [90m  Body: {"username":"admin_1775113950442","email":"admin_1775113950442@example.com","password":"password123"}[0m

      at log (middleware/logger.js:82:13)

  console.log
    [32m[RESPONSE][0m POST /api/auth/register - 201 - 89ms

      at ServerResponse.log [as json] (middleware/logger.js:95:13)

  console.log
    [36m[REQUEST][0m GET /api/anime/2184 - IP: ::ffff:127.0.0.1

      at log (middleware/logger.js:76:11)

  console.log
    [32m[RESPONSE][0m GET /api/anime/2184 - 200 - 2ms

      at ServerResponse.log [as json] (middleware/logger.js:95:13)

  console.log
    [36m[REQUEST][0m POST /api/auth/register - IP: ::ffff:127.0.0.1

      at log (middleware/logger.js:76:11)

  console.log
    [90m  Body: {"username":"admin_1775113950561","email":"admin_1775113950561@example.com","password":"password123"}[0m

      at log (middleware/logger.js:82:13)

  console.log
    [32m[RESPONSE][0m POST /api/auth/register - 201 - 99ms

      at ServerResponse.log [as json] (middleware/logger.js:95:13)

  console.log
    [36m[REQUEST][0m GET /api/anime/9999 - IP: ::ffff:127.0.0.1

      at log (middleware/logger.js:76:11)

  console.log
    [33m[RESPONSE][0m GET /api/anime/9999 - 404 - 2ms

      at ServerResponse.log [as json] (middleware/logger.js:95:13)

  console.log
      [31mError: Anime not found[0m

      at ServerResponse.log [as json] (middleware/logger.js:101:15)

  console.log
    [36m[REQUEST][0m POST /api/auth/register - IP: ::ffff:127.0.0.1

      at log (middleware/logger.js:76:11)

  console.log
    [90m  Body: {"username":"admin_1775113950680","email":"admin_1775113950680@example.com","password":"password123"}[0m

      at log (middleware/logger.js:82:13)

  console.log
    [32m[RESPONSE][0m POST /api/auth/register - 201 - 94ms

      at ServerResponse.log [as json] (middleware/logger.js:95:13)

  console.log
    [36m[REQUEST][0m POST /api/anime - IP: ::ffff:127.0.0.1

      at log (middleware/logger.js:76:11)

  console.log
    [90m  Body: {"name":"Attack on Titan"}[0m

      at log (middleware/logger.js:82:13)

  console.log
    [32m[RESPONSE][0m POST /api/anime - 201 - 5ms

      at ServerResponse.log [as json] (middleware/logger.js:95:13)

  console.log
    [36m[REQUEST][0m POST /api/auth/register - IP: ::ffff:127.0.0.1

      at log (middleware/logger.js:76:11)

  console.log
    [90m  Body: {"username":"admin_1775113950800","email":"admin_1775113950800@example.com","password":"password123"}[0m

      at log (middleware/logger.js:82:13)

  console.log
    [32m[RESPONSE][0m POST /api/auth/register - 201 - 94ms

      at ServerResponse.log [as json] (middleware/logger.js:95:13)

  console.log
    [36m[REQUEST][0m POST /api/anime - IP: ::ffff:127.0.0.1

      at log (middleware/logger.js:76:11)

  console.log
    [33m[RESPONSE][0m POST /api/anime - 400 - 2ms

      at ServerResponse.log [as json] (middleware/logger.js:95:13)

  console.log
      [31mError: Anime name is required[0m

      at ServerResponse.log [as json] (middleware/logger.js:101:15)

  console.log
    [36m[REQUEST][0m POST /api/auth/register - IP: ::ffff:127.0.0.1

      at log (middleware/logger.js:76:11)

  console.log
    [90m  Body: {"username":"admin_1775113950914","email":"admin_1775113950914@example.com","password":"password123"}[0m

      at log (middleware/logger.js:82:13)

  console.log
    [32m[RESPONSE][0m POST /api/auth/register - 201 - 88ms

      at ServerResponse.log [as json] (middleware/logger.js:95:13)

  console.log
    [36m[REQUEST][0m POST /api/anime - IP: ::ffff:127.0.0.1

      at log (middleware/logger.js:76:11)

  console.log
    [90m  Body: {"name":"My Hero Academia"}[0m

      at log (middleware/logger.js:82:13)

  console.log
    [33m[RESPONSE][0m POST /api/anime - 409 - 3ms

      at ServerResponse.log [as json] (middleware/logger.js:95:13)

  console.log
      [31mError: An anime with this name already exists[0m

      at ServerResponse.log [as json] (middleware/logger.js:101:15)

  console.log
    [36m[REQUEST][0m POST /api/auth/register - IP: ::ffff:127.0.0.1

      at log (middleware/logger.js:76:11)

  console.log
    [90m  Body: {"username":"admin_1775113951022","email":"admin_1775113951022@example.com","password":"password123"}[0m

      at log (middleware/logger.js:82:13)

  console.log
    [32m[RESPONSE][0m POST /api/auth/register - 201 - 88ms

      at ServerResponse.log [as json] (middleware/logger.js:95:13)

  console.log
    [36m[REQUEST][0m PUT /api/anime/2187 - IP: ::ffff:127.0.0.1

      at log (middleware/logger.js:76:11)

  console.log
    [90m  Body: {"name":"New Name"}[0m

      at log (middleware/logger.js:82:13)

  console.log
    [32m[RESPONSE][0m PUT /api/anime/2187 - 200 - 4ms

      at ServerResponse.log [as json] (middleware/logger.js:95:13)

  console.log
    [36m[REQUEST][0m POST /api/auth/register - IP: ::ffff:127.0.0.1

      at log (middleware/logger.js:76:11)

  console.log
    [90m  Body: {"username":"admin_1775113951135","email":"admin_1775113951135@example.com","password":"password123"}[0m

      at log (middleware/logger.js:82:13)

  console.log
    [32m[RESPONSE][0m POST /api/auth/register - 201 - 85ms

      at ServerResponse.log [as json] (middleware/logger.js:95:13)

  console.log
    [36m[REQUEST][0m PUT /api/anime/9999 - IP: ::ffff:127.0.0.1

      at log (middleware/logger.js:76:11)

  console.log
    [90m  Body: {"name":"Test"}[0m

      at log (middleware/logger.js:82:13)

  console.log
    [33m[RESPONSE][0m PUT /api/anime/9999 - 404 - 2ms

      at ServerResponse.log [as json] (middleware/logger.js:95:13)

  console.log
      [31mError: Anime not found[0m

      at ServerResponse.log [as json] (middleware/logger.js:101:15)

  console.log
    [36m[REQUEST][0m POST /api/auth/register - IP: ::ffff:127.0.0.1

      at log (middleware/logger.js:76:11)

  console.log
    [90m  Body: {"username":"admin_1775113951239","email":"admin_1775113951239@example.com","password":"password123"}[0m

      at log (middleware/logger.js:82:13)

  console.log
    [32m[RESPONSE][0m POST /api/auth/register - 201 - 87ms

      at ServerResponse.log [as json] (middleware/logger.js:95:13)

  console.log
    [36m[REQUEST][0m PUT /api/anime/2188 - IP: ::ffff:127.0.0.1

      at log (middleware/logger.js:76:11)

  console.log
    [33m[RESPONSE][0m PUT /api/anime/2188 - 400 - 2ms

      at ServerResponse.log [as json] (middleware/logger.js:95:13)

  console.log
      [31mError: Anime name is required[0m

      at ServerResponse.log [as json] (middleware/logger.js:101:15)

  console.log
    [36m[REQUEST][0m POST /api/auth/register - IP: ::ffff:127.0.0.1

      at log (middleware/logger.js:76:11)

  console.log
    [90m  Body: {"username":"admin_1775113951349","email":"admin_1775113951349@example.com","password":"password123"}[0m

      at log (middleware/logger.js:82:13)

  console.log
    [32m[RESPONSE][0m POST /api/auth/register - 201 - 87ms

      at ServerResponse.log [as json] (middleware/logger.js:95:13)

  console.log
    [36m[REQUEST][0m DELETE /api/anime/2189 - IP: ::ffff:127.0.0.1

      at log (middleware/logger.js:76:11)

  console.log
    [32m[RESPONSE][0m DELETE /api/anime/2189 - 200 - 4ms

      at ServerResponse.log [as json] (middleware/logger.js:95:13)

  console.log
    [36m[REQUEST][0m POST /api/auth/register - IP: ::ffff:127.0.0.1

      at log (middleware/logger.js:76:11)

  console.log
    [90m  Body: {"username":"admin_1775113951458","email":"admin_1775113951458@example.com","password":"password123"}[0m

      at log (middleware/logger.js:82:13)

  console.log
    [32m[RESPONSE][0m POST /api/auth/register - 201 - 89ms

      at ServerResponse.log [as json] (middleware/logger.js:95:13)

  console.log
    [36m[REQUEST][0m DELETE /api/anime/9999 - IP: ::ffff:127.0.0.1

      at log (middleware/logger.js:76:11)

  console.log
    [33m[RESPONSE][0m DELETE /api/anime/9999 - 404 - 2ms

      at ServerResponse.log [as json] (middleware/logger.js:95:13)

  console.log
      [31mError: Anime not found[0m

      at ServerResponse.log [as json] (middleware/logger.js:101:15)

  console.log
    [36m[REQUEST][0m POST /api/auth/register - IP: ::ffff:127.0.0.1

      at log (middleware/logger.js:76:11)

  console.log
    [90m  Body: {"username":"admin_1775113951563","email":"admin_1775113951563@example.com","password":"password123"}[0m

      at log (middleware/logger.js:82:13)

  console.log
    [32m[RESPONSE][0m POST /api/auth/register - 201 - 84ms

      at ServerResponse.log [as json] (middleware/logger.js:95:13)

  console.log
    [36m[REQUEST][0m DELETE /api/anime/2190 - IP: ::ffff:127.0.0.1

      at log (middleware/logger.js:76:11)

  console.log
    [32m[RESPONSE][0m DELETE /api/anime/2190 - 200 - 5ms

      at ServerResponse.log [as json] (middleware/logger.js:95:13)

  console.log
    [36m[REQUEST][0m POST /api/auth/register - IP: ::ffff:127.0.0.1

      at log (middleware/logger.js:76:11)

  console.log
    [90m  Body: {"username":"admin_1775113951676","email":"admin_1775113951676@example.com","password":"password123"}[0m

      at log (middleware/logger.js:82:13)

  console.log
    [32m[RESPONSE][0m POST /api/auth/register - 201 - 84ms

      at ServerResponse.log [as json] (middleware/logger.js:95:13)

  console.log
    [36m[REQUEST][0m GET /api/search?q=Dragon - IP: ::ffff:127.0.0.1

      at log (middleware/logger.js:76:11)

  console.log
    [32m[RESPONSE][0m GET /api/search?q=Dragon - 200 - 2ms

      at ServerResponse.log [as json] (middleware/logger.js:95:13)

  console.log
    [36m[REQUEST][0m POST /api/auth/register - IP: ::ffff:127.0.0.1

      at log (middleware/logger.js:76:11)

  console.log
    [90m  Body: {"username":"admin_1775113951781","email":"admin_1775113951781@example.com","password":"password123"}[0m

      at log (middleware/logger.js:82:13)

  console.log
    [32m[RESPONSE][0m POST /api/auth/register - 201 - 83ms

      at ServerResponse.log [as json] (middleware/logger.js:95:13)

  console.log
    [36m[REQUEST][0m GET /api/search?q=NonExistent - IP: ::ffff:127.0.0.1

      at log (middleware/logger.js:76:11)

  console.log
    [32m[RESPONSE][0m GET /api/search?q=NonExistent - 200 - 2ms

      at ServerResponse.log [as json] (middleware/logger.js:95:13)

  console.log
    [36m[REQUEST][0m POST /api/auth/register - IP: ::ffff:127.0.0.1

      at log (middleware/logger.js:76:11)

  console.log
    [90m  Body: {"username":"admin_1775113951882","email":"admin_1775113951882@example.com","password":"password123"}[0m

      at log (middleware/logger.js:82:13)

  console.log
    [32m[RESPONSE][0m POST /api/auth/register - 201 - 82ms

      at ServerResponse.log [as json] (middleware/logger.js:95:13)

  console.log
    [36m[REQUEST][0m GET /api/search - IP: ::ffff:127.0.0.1

      at log (middleware/logger.js:76:11)

  console.log
    [33m[RESPONSE][0m GET /api/search - 400 - 1ms

      at ServerResponse.log [as json] (middleware/logger.js:95:13)

  console.log
      [31mError: Search query is required[0m

      at ServerResponse.log [as json] (middleware/logger.js:101:15)

PASS tests/anime.test.js
  Anime API Endpoints
    GET /api/anime
      ÔêÜ Should return empty array when no anime exist (132 ms)
      ÔêÜ Should return all anime with their characters (108 ms)
    GET /api/anime/:id
      ÔêÜ Should return specific anime with characters (118 ms)
      ÔêÜ Should return 404 when anime does not exist (124 ms)
    POST /api/anime
      ÔêÜ Should create new anime successfully (119 ms)
      ÔêÜ Should return 400 when name is missing (116 ms)
      ÔêÜ Should return 409 when anime name already exists (107 ms)
    PUT /api/anime/:id
      ÔêÜ Should update anime successfully (111 ms)
      ÔêÜ Should return 404 when updating non-existent anime (106 ms)
      ÔêÜ Should return 400 when name is missing (108 ms)
    DELETE /api/anime/:id
      ÔêÜ Should delete anime successfully (112 ms)
      ÔêÜ Should return 404 when deleting non-existent anime (105 ms)
      ÔêÜ Should cascade delete characters when anime is deleted (113 ms)
    GET /api/search
      ÔêÜ Should search anime by name (104 ms)
      ÔêÜ Should return empty array when no matches found (101 ms)
      ÔêÜ Should return 400 when search query is missing (98 ms)

FAIL tests/auth.test.js
  ÔùÅ Test suite failed to run

    Jest encountered an unexpected token

    Jest failed to parse a file. This happens e.g. when your code or its depend
encies use non-standard JavaScript syntax, or when Jest is not configured to su
pport such syntax.

    Out of the box Jest supports Babel, which will be used to transform your fi
les into valid JS based on your Babel configuration.

    By default "node_modules" folder is ignored by transformers.

    Here's what you can do:
     ÔÇó If you are trying to use ECMAScript Modules, see https://jestjs.io/doc
s/ecmascript-modules for how to enable it.
     ÔÇó If you are trying to use TypeScript, see https://jestjs.io/docs/gettin
g-started#using-typescript
     ÔÇó To have some of your "node_modules" files transformed, you can specify
 a custom "transformIgnorePatterns" in your config.
     ÔÇó If you need a custom transformation, specify a "transform" option in y
our config.
     ÔÇó If you simply want to mock your non-JS modules (e.g. binary assets) yo
u can stub them out with the "moduleNameMapper" config option.

    You'll find more details and examples of these config options in the docs:
    https://jestjs.io/docs/configuration
    For information about custom transformations, see:
    https://jestjs.io/docs/code-transformation

    Details:

    SyntaxError: C:\Users\justi\Nextcloud\school\Summa jaar 2 redo\API-basis\Pr
oject-Manga\tests\auth.test.js: Unexpected token (463:0)

    [0m [90m 461 |[39m     })[33m;[39m
     [90m 462 |[39m   })[33m;[39m
    [31m[1m>[22m[39m[90m 463 |[39m })[33m;[39m
     [90m     |[39m [31m[1m^[22m[39m
     [90m 464 |[39m[0m

      at constructor (node_modules/@babel/parser/src/parse-error.ts:95:45)
      at Parser.toParseError [as raise] (node_modules/@babel/parser/src/tokeniz
er/index.ts:1504:19)
      at Parser.raise [as unexpected] (node_modules/@babel/parser/src/tokenizer
/index.ts:1544:16)
      at Parser.unexpected [as parseExprAtom] (node_modules/@babel/parser/src/p
arser/expression.ts:1355:22)
      at Parser.parseExprAtom [as parseExprSubscripts] (node_modules/@babel/par
ser/src/parser/expression.ts:742:23)
      at Parser.parseExprSubscripts [as parseUpdate] (node_modules/@babel/parse
r/src/parser/expression.ts:721:21)
      at Parser.parseUpdate [as parseMaybeUnary] (node_modules/@babel/parser/sr
c/parser/expression.ts:683:23)
      at Parser.parseMaybeUnary [as parseMaybeUnaryOrPrivate] (node_modules/@ba
bel/parser/src/parser/expression.ts:417:14)
      at Parser.parseMaybeUnaryOrPrivate [as parseExprOps] (node_modules/@babel
/parser/src/parser/expression.ts:429:23)
      at Parser.parseExprOps [as parseMaybeConditional] (node_modules/@babel/pa
rser/src/parser/expression.ts:384:23)
      at Parser.parseMaybeConditional [as parseMaybeAssign] (node_modules/@babe
l/parser/src/parser/expression.ts:301:21)
      at Parser.parseMaybeAssign [as parseExpressionBase] (node_modules/@babel/
parser/src/parser/expression.ts:226:23)
      at parseExpressionBase (node_modules/@babel/parser/src/parser/expression.
ts:217:39)
      at Parser.callback [as allowInAnd] (node_modules/@babel/parser/src/parser
/expression.ts:3189:16)
      at Parser.allowInAnd [as parseExpression] (node_modules/@babel/parser/src
/parser/expression.ts:217:17)
      at Parser.parseExpression [as parseStatementContent] (node_modules/@babel
/parser/src/parser/statement.ts:688:23)
      at Parser.parseStatementContent [as parseStatementLike] (node_modules/@ba
bel/parser/src/parser/statement.ts:482:17)
      at Parser.parseStatementLike [as parseModuleItem] (node_modules/@babel/pa
rser/src/parser/statement.ts:419:17)
      at Parser.parseModuleItem [as parseBlockOrModuleBlockBody] (node_modules/
@babel/parser/src/parser/statement.ts:1443:16)
      at Parser.parseBlockOrModuleBlockBody [as parseBlockBody] (node_modules/@
babel/parser/src/parser/statement.ts:1417:10)
      at Parser.parseBlockBody [as parseProgram] (node_modules/@babel/parser/sr
c/parser/statement.ts:229:10)
      at Parser.parseProgram [as parseTopLevel] (node_modules/@babel/parser/src
/parser/statement.ts:203:25)
      at Parser.parseTopLevel [as parse] (node_modules/@babel/parser/src/parser
/index.ts:83:25)
      at parse (node_modules/@babel/parser/src/index.ts:86:38)
      at parser (node_modules/@babel/core/src/parser/index.ts:29:19)
          at parser.next (<anonymous>)
      at normalizeFile (node_modules/@babel/core/src/transformation/normalize-f
ile.ts:50:24)
          at normalizeFile.next (<anonymous>)
      at run (node_modules/@babel/core/src/transformation/index.ts:41:36)
          at run.next (<anonymous>)
      at transform (node_modules/@babel/core/src/transform.ts:29:20)
          at transform.next (<anonymous>)
      at evaluateSync (node_modules/gensync/index.js:251:28)
      at sync (node_modules/gensync/index.js:89:14)
      at fn (node_modules/@babel/core/src/errors/rewrite-stack-trace.ts:99:14)
      at transformSync (node_modules/@babel/core/src/transform.ts:66:52)
      at ScriptTransformer.transformSource (node_modules/@jest/transform/build/
index.js:422:31)
      at ScriptTransformer._transformAndBuildScript (node_modules/@jest/transfo
rm/build/index.js:519:40)
      at ScriptTransformer.transform (node_modules/@jest/transform/build/index.
js:558:19)

Test Suites: 1 failed, 5 passed, 6 total
Tests:       101 passed, 101 total
Snapshots:   0 total
Time:        13.386 s, estimated 15 s
Ran all test suites.
