
> anime-api@1.0.0 test
> set NODE_ENV=test&& jest --verbose --runInBand

  console.log
    [dotenv@17.2.3] injecting env (6) from .env -- tip: ­ƒöæ add access controls to secrets: https://dotenvx.com/ops

      at _log (node_modules/dotenv/lib/main.js:142:11)

  console.log
    [dotenv@17.2.3] injecting env (0) from .env -- tip: ÔÜÖ´©Å  write to custom object with { processEnv: myObject }

      at _log (node_modules/dotenv/lib/main.js:142:11)

  console.log
    Ô£à Connected to SQLite database: C:\Users\justi\Nextcloud\school\Summa jaar 2 redo\API-basis\Project-Manga\config\anime_test.db

      at log (config/db.js:127:13)

  console.log
    [36m[REQUEST][0m POST /api/auth/register - IP: ::ffff:127.0.0.1

      at log (middleware/logger.js:76:11)

  console.log
    [90m  Body: {"username":"testuser_1775113140405","email":"test_1775113140405@example.com","password":"password123"}[0m

      at log (middleware/logger.js:82:13)

  console.log
    [32m[RESPONSE][0m POST /api/auth/register - 201 - 123ms

      at ServerResponse.log [as json] (middleware/logger.js:95:13)

  console.log
    [36m[REQUEST][0m GET /api/anime/999999 - IP: ::ffff:127.0.0.1

      at log (middleware/logger.js:76:11)

  console.log
    [33m[RESPONSE][0m GET /api/anime/999999 - 404 - 3ms

      at ServerResponse.log [as json] (middleware/logger.js:95:13)

  console.log
      [31mError: Anime not found[0m

      at ServerResponse.log [as json] (middleware/logger.js:101:15)

  console.log
    [36m[REQUEST][0m POST /api/auth/register - IP: ::ffff:127.0.0.1

      at log (middleware/logger.js:76:11)

  console.log
    [90m  Body: {"username":"testuser_1775113140595","email":"test_1775113140595@example.com","password":"password123"}[0m

      at log (middleware/logger.js:82:13)

  console.log
    [32m[RESPONSE][0m POST /api/auth/register - 201 - 103ms

      at ServerResponse.log [as json] (middleware/logger.js:95:13)

  console.log
    [36m[REQUEST][0m PUT /api/anime/999999 - IP: ::ffff:127.0.0.1

      at log (middleware/logger.js:76:11)

  console.log
    [90m  Body: {"name":"Test"}[0m

      at log (middleware/logger.js:82:13)

  console.log
    [33m[RESPONSE][0m PUT /api/anime/999999 - 403 - 6ms

      at ServerResponse.log [as json] (middleware/logger.js:95:13)

  console.log
      [31mError: Admin access required[0m

      at ServerResponse.log [as json] (middleware/logger.js:101:15)

  console.log
    [36m[REQUEST][0m POST /api/auth/register - IP: ::ffff:127.0.0.1

      at log (middleware/logger.js:76:11)

  console.log
    [90m  Body: {"username":"testuser_1775113140728","email":"test_1775113140728@example.com","password":"password123"}[0m

      at log (middleware/logger.js:82:13)

  console.log
    [32m[RESPONSE][0m POST /api/auth/register - 201 - 106ms

      at ServerResponse.log [as json] (middleware/logger.js:95:13)

  console.log
    [36m[REQUEST][0m DELETE /api/anime/999999 - IP: ::ffff:127.0.0.1

      at log (middleware/logger.js:76:11)

  console.log
    [33m[RESPONSE][0m DELETE /api/anime/999999 - 403 - 3ms

      at ServerResponse.log [as json] (middleware/logger.js:95:13)

  console.log
      [31mError: Admin access required[0m

      at ServerResponse.log [as json] (middleware/logger.js:101:15)

  console.log
    [36m[REQUEST][0m POST /api/auth/register - IP: ::ffff:127.0.0.1

      at log (middleware/logger.js:76:11)

  console.log
    [90m  Body: {"username":"testuser_1775113140857","email":"test_1775113140857@example.com","password":"password123"}[0m

      at log (middleware/logger.js:82:13)

  console.log
    [32m[RESPONSE][0m POST /api/auth/register - 201 - 101ms

      at ServerResponse.log [as json] (middleware/logger.js:95:13)

  console.log
    [36m[REQUEST][0m GET /api/anime/999999/characters - IP: ::ffff:127.0.0.1

      at log (middleware/logger.js:76:11)

  console.log
    [33m[RESPONSE][0m GET /api/anime/999999/characters - 404 - 2ms

      at ServerResponse.log [as json] (middleware/logger.js:95:13)

  console.log
      [31mError: Anime not found[0m

      at ServerResponse.log [as json] (middleware/logger.js:101:15)

  console.log
    [36m[REQUEST][0m POST /api/auth/register - IP: ::ffff:127.0.0.1

      at log (middleware/logger.js:76:11)

  console.log
    [90m  Body: {"username":"testuser_1775113140976","email":"test_1775113140976@example.com","password":"password123"}[0m

      at log (middleware/logger.js:82:13)

  console.log
    [32m[RESPONSE][0m POST /api/auth/register - 201 - 117ms

      at ServerResponse.log [as json] (middleware/logger.js:95:13)

  console.log
    [36m[REQUEST][0m POST /api/anime/999999/characters - IP: ::ffff:127.0.0.1

      at log (middleware/logger.js:76:11)

  console.log
    [90m  Body: {"name":"Test Character"}[0m

      at log (middleware/logger.js:82:13)

  console.log
    [33m[RESPONSE][0m POST /api/anime/999999/characters - 403 - 4ms

      at ServerResponse.log [as json] (middleware/logger.js:95:13)

  console.log
      [31mError: Admin access required[0m

      at ServerResponse.log [as json] (middleware/logger.js:101:15)

  console.log
    [36m[REQUEST][0m POST /api/auth/register - IP: ::ffff:127.0.0.1

      at log (middleware/logger.js:76:11)

  console.log
    [90m  Body: {"username":"testuser_1775113141121","email":"test_1775113141121@example.com","password":"password123"}[0m

      at log (middleware/logger.js:82:13)

  console.log
    [32m[RESPONSE][0m POST /api/auth/register - 201 - 109ms

      at ServerResponse.log [as json] (middleware/logger.js:95:13)

  console.log
    [36m[REQUEST][0m POST /api/anime - IP: ::ffff:127.0.0.1

      at log (middleware/logger.js:76:11)

  console.log
    [33m[RESPONSE][0m POST /api/anime - 403 - 4ms

      at ServerResponse.log [as json] (middleware/logger.js:95:13)

  console.log
      [31mError: Admin access required[0m

      at ServerResponse.log [as json] (middleware/logger.js:101:15)

  console.log
    [36m[REQUEST][0m POST /api/auth/register - IP: ::ffff:127.0.0.1

      at log (middleware/logger.js:76:11)

  console.log
    [90m  Body: {"username":"testuser_1775113141252","email":"test_1775113141252@example.com","password":"password123"}[0m

      at log (middleware/logger.js:82:13)

  console.log
    [32m[RESPONSE][0m POST /api/auth/register - 201 - 104ms

      at ServerResponse.log [as json] (middleware/logger.js:95:13)

  console.log
    [36m[REQUEST][0m POST /api/anime - IP: ::ffff:127.0.0.1

      at log (middleware/logger.js:76:11)

  console.log
    [90m  Body: {"name":""}[0m

      at log (middleware/logger.js:82:13)

  console.log
    [33m[RESPONSE][0m POST /api/anime - 403 - 3ms

      at ServerResponse.log [as json] (middleware/logger.js:95:13)

  console.log
      [31mError: Admin access required[0m

      at ServerResponse.log [as json] (middleware/logger.js:101:15)

  console.log
    [36m[REQUEST][0m POST /api/auth/register - IP: ::ffff:127.0.0.1

      at log (middleware/logger.js:76:11)

  console.log
    [90m  Body: {"username":"testuser_1775113141378","email":"test_1775113141378@example.com","password":"password123"}[0m

      at log (middleware/logger.js:82:13)

  console.log
    [32m[RESPONSE][0m POST /api/auth/register - 201 - 109ms

      at ServerResponse.log [as json] (middleware/logger.js:95:13)

  console.log
    [36m[REQUEST][0m PUT /api/anime/1700 - IP: ::ffff:127.0.0.1

      at log (middleware/logger.js:76:11)

  console.log
    [33m[RESPONSE][0m PUT /api/anime/1700 - 403 - 3ms

      at ServerResponse.log [as json] (middleware/logger.js:95:13)

  console.log
      [31mError: Admin access required[0m

      at ServerResponse.log [as json] (middleware/logger.js:101:15)

  console.log
    [36m[REQUEST][0m POST /api/auth/register - IP: ::ffff:127.0.0.1

      at log (middleware/logger.js:76:11)

  console.log
    [90m  Body: {"username":"testuser_1775113141523","email":"test_1775113141523@example.com","password":"password123"}[0m

      at log (middleware/logger.js:82:13)

  console.log
    [32m[RESPONSE][0m POST /api/auth/register - 201 - 113ms

      at ServerResponse.log [as json] (middleware/logger.js:95:13)

  console.log
    [36m[REQUEST][0m POST /api/anime/1701/characters - IP: ::ffff:127.0.0.1

      at log (middleware/logger.js:76:11)

  console.log
    [33m[RESPONSE][0m POST /api/anime/1701/characters - 403 - 2ms

      at ServerResponse.log [as json] (middleware/logger.js:95:13)

  console.log
      [31mError: Admin access required[0m

      at ServerResponse.log [as json] (middleware/logger.js:101:15)

  console.log
    [36m[REQUEST][0m POST /api/auth/register - IP: ::ffff:127.0.0.1

      at log (middleware/logger.js:76:11)

  console.log
    [90m  Body: {"username":"testuser_1775113141662","email":"test_1775113141662@example.com","password":"password123"}[0m

      at log (middleware/logger.js:82:13)

  console.log
    [32m[RESPONSE][0m POST /api/auth/register - 201 - 104ms

      at ServerResponse.log [as json] (middleware/logger.js:95:13)

  console.log
    [36m[REQUEST][0m POST /api/anime/1702/characters - IP: ::ffff:127.0.0.1

      at log (middleware/logger.js:76:11)

  console.log
    [90m  Body: {"name":""}[0m

      at log (middleware/logger.js:82:13)

  console.log
    [33m[RESPONSE][0m POST /api/anime/1702/characters - 403 - 5ms

      at ServerResponse.log [as json] (middleware/logger.js:95:13)

  console.log
      [31mError: Admin access required[0m

      at ServerResponse.log [as json] (middleware/logger.js:101:15)

  console.log
    [36m[REQUEST][0m POST /api/auth/register - IP: ::ffff:127.0.0.1

      at log (middleware/logger.js:76:11)

  console.log
    [90m  Body: {"username":"testuser_1775113141803","email":"test_1775113141803@example.com","password":"password123"}[0m

      at log (middleware/logger.js:82:13)

  console.log
    [32m[RESPONSE][0m POST /api/auth/register - 201 - 110ms

      at ServerResponse.log [as json] (middleware/logger.js:95:13)

  console.log
    [36m[REQUEST][0m GET /api/search - IP: ::ffff:127.0.0.1

      at log (middleware/logger.js:76:11)

  console.log
    [33m[RESPONSE][0m GET /api/search - 400 - 3ms

      at ServerResponse.log [as json] (middleware/logger.js:95:13)

  console.log
      [31mError: Search query is required[0m

      at ServerResponse.log [as json] (middleware/logger.js:101:15)

  console.log
    [36m[REQUEST][0m POST /api/auth/register - IP: ::ffff:127.0.0.1

      at log (middleware/logger.js:76:11)

  console.log
    [90m  Body: {"username":"testuser_1775113141938","email":"test_1775113141938@example.com","password":"password123"}[0m

      at log (middleware/logger.js:82:13)

  console.log
    [32m[RESPONSE][0m POST /api/auth/register - 201 - 118ms

      at ServerResponse.log [as json] (middleware/logger.js:95:13)

  console.log
    [36m[REQUEST][0m GET /api/search?q= - IP: ::ffff:127.0.0.1

      at log (middleware/logger.js:76:11)

  console.log
    [33m[RESPONSE][0m GET /api/search?q= - 400 - 2ms

      at ServerResponse.log [as json] (middleware/logger.js:95:13)

  console.log
      [31mError: Search query is required[0m

      at ServerResponse.log [as json] (middleware/logger.js:101:15)

  console.log
    [36m[REQUEST][0m POST /api/auth/register - IP: ::ffff:127.0.0.1

      at log (middleware/logger.js:76:11)

  console.log
    [90m  Body: {"username":"testuser_1775113142077","email":"test_1775113142077@example.com","password":"password123"}[0m

      at log (middleware/logger.js:82:13)

  console.log
    [32m[RESPONSE][0m POST /api/auth/register - 201 - 113ms

      at ServerResponse.log [as json] (middleware/logger.js:95:13)

  console.log
    [36m[REQUEST][0m POST /api/anime - IP: ::ffff:127.0.0.1

      at log (middleware/logger.js:76:11)

  console.log
    [90m  Body: {"name":"Duplicate Name"}[0m

      at log (middleware/logger.js:82:13)

  console.log
    [33m[RESPONSE][0m POST /api/anime - 403 - 3ms

      at ServerResponse.log [as json] (middleware/logger.js:95:13)

  console.log
      [31mError: Admin access required[0m

      at ServerResponse.log [as json] (middleware/logger.js:101:15)

  console.log
    [36m[REQUEST][0m POST /api/auth/register - IP: ::ffff:127.0.0.1

      at log (middleware/logger.js:76:11)

  console.log
    [90m  Body: {"username":"testuser_1775113142218","email":"test_1775113142218@example.com","password":"password123"}[0m

      at log (middleware/logger.js:82:13)

  console.log
    [32m[RESPONSE][0m POST /api/auth/register - 201 - 106ms

      at ServerResponse.log [as json] (middleware/logger.js:95:13)

  console.log
    [36m[REQUEST][0m PUT /api/anime/1705 - IP: ::ffff:127.0.0.1

      at log (middleware/logger.js:76:11)

  console.log
    [90m  Body: {"name":"Existing Name"}[0m

      at log (middleware/logger.js:82:13)

  console.log
    [33m[RESPONSE][0m PUT /api/anime/1705 - 403 - 3ms

      at ServerResponse.log [as json] (middleware/logger.js:95:13)

  console.log
      [31mError: Admin access required[0m

      at ServerResponse.log [as json] (middleware/logger.js:101:15)

  console.log
    [36m[REQUEST][0m POST /api/auth/register - IP: ::ffff:127.0.0.1

      at log (middleware/logger.js:76:11)

  console.log
    [90m  Body: {"username":"testuser_1775113142358","email":"test_1775113142358@example.com","password":"password123"}[0m

      at log (middleware/logger.js:82:13)

  console.log
    [32m[RESPONSE][0m POST /api/auth/register - 201 - 111ms

      at ServerResponse.log [as json] (middleware/logger.js:95:13)

  console.log
    [36m[REQUEST][0m GET /api/anime/invalid - IP: ::ffff:127.0.0.1

      at log (middleware/logger.js:76:11)

  console.log
    [33m[RESPONSE][0m GET /api/anime/invalid - 400 - 2ms

      at ServerResponse.log [as json] (middleware/logger.js:95:13)

  console.log
      [31mError: Invalid anime ID format[0m

      at ServerResponse.log [as json] (middleware/logger.js:101:15)

  console.log
    [36m[REQUEST][0m POST /api/auth/register - IP: ::ffff:127.0.0.1

      at log (middleware/logger.js:76:11)

  console.log
    [90m  Body: {"username":"testuser_1775113142488","email":"test_1775113142488@example.com","password":"password123"}[0m

      at log (middleware/logger.js:82:13)

  console.log
    [32m[RESPONSE][0m POST /api/auth/register - 201 - 117ms

      at ServerResponse.log [as json] (middleware/logger.js:95:13)

  console.log
    [36m[REQUEST][0m GET /api/anime/-1 - IP: ::ffff:127.0.0.1

      at log (middleware/logger.js:76:11)

  console.log
    [33m[RESPONSE][0m GET /api/anime/-1 - 400 - 2ms

      at ServerResponse.log [as json] (middleware/logger.js:95:13)

  console.log
      [31mError: Anime ID must be a positive integer[0m

      at ServerResponse.log [as json] (middleware/logger.js:101:15)

  console.log
    [36m[REQUEST][0m POST /api/auth/register - IP: ::ffff:127.0.0.1

      at log (middleware/logger.js:76:11)

  console.log
    [90m  Body: {"username":"testuser_1775113142631","email":"test_1775113142631@example.com","password":"password123"}[0m

      at log (middleware/logger.js:82:13)

  console.log
    [32m[RESPONSE][0m POST /api/auth/register - 201 - 116ms

      at ServerResponse.log [as json] (middleware/logger.js:95:13)

  console.log
    [36m[REQUEST][0m POST /api/anime - IP: ::ffff:127.0.0.1

      at log (middleware/logger.js:76:11)

  console.log
    [90m  Body: {"name":"AAAAAAAAAAAAAAAAAAAAAAAAAAAAAAAAAAAAAAAAAAAAAAAAAAAAAAAAAAAAAAAAAAAAAAAAAAAAAAAAAAAAAAAAAAAAAAAAAAAAAAAAAAAAAAAAAAAAAAAAAAAAAAAAAAAAAAAAAAAAAAAAAAAAAAAAAAAAAAAAAAAAAAAAAAAAAAAAAAAAAAAAAAAAAAAAAAAAAAAAAAAAAAAAAAAAAAAAAAAAAAAAAAAAAAAAAAAAAAAAAAAAAAAAAAAAAAAAAAAAAAAAAAAAAAAAAAAAAAAAAAAAAAAAAAAAAAAAAAAA"}[0m

      at log (middleware/logger.js:82:13)

  console.log
    [33m[RESPONSE][0m POST /api/anime - 403 - 5ms

      at ServerResponse.log [as json] (middleware/logger.js:95:13)

  console.log
      [31mError: Admin access required[0m

      at ServerResponse.log [as json] (middleware/logger.js:101:15)

  console.log
    [36m[REQUEST][0m POST /api/auth/register - IP: ::ffff:127.0.0.1

      at log (middleware/logger.js:76:11)

  console.log
    [90m  Body: {"username":"testuser_1775113142779","email":"test_1775113142779@example.com","password":"password123"}[0m

      at log (middleware/logger.js:82:13)

  console.log
    [32m[RESPONSE][0m POST /api/auth/register - 201 - 119ms

      at ServerResponse.log [as json] (middleware/logger.js:95:13)

  console.log
    [36m[REQUEST][0m POST /api/auth/register - IP: ::ffff:127.0.0.1

      at log (middleware/logger.js:76:11)

  console.log
    [90m  Body: {"username":"testuser_1775113142914","email":"test_1775113142914@example.com","password":"password123"}[0m

      at log (middleware/logger.js:82:13)

  console.log
    [32m[RESPONSE][0m POST /api/auth/register - 201 - 112ms

      at ServerResponse.log [as json] (middleware/logger.js:95:13)

  console.log
    [36m[REQUEST][0m POST /api/anime - IP: ::ffff:127.0.0.1

      at log (middleware/logger.js:76:11)

  console.log
    [90m  Body: {"name":"Anime: The Story! (2024) - Part 1 & 2"}[0m

      at log (middleware/logger.js:82:13)

  console.log
    [33m[RESPONSE][0m POST /api/anime - 403 - 3ms

      at ServerResponse.log [as json] (middleware/logger.js:95:13)

  console.log
      [31mError: Admin access required[0m

      at ServerResponse.log [as json] (middleware/logger.js:101:15)

  console.log
    [36m[REQUEST][0m POST /api/auth/register - IP: ::ffff:127.0.0.1

      at log (middleware/logger.js:76:11)

  console.log
    [90m  Body: {"username":"testuser_1775113143045","email":"test_1775113143045@example.com","password":"password123"}[0m

      at log (middleware/logger.js:82:13)

  console.log
    [32m[RESPONSE][0m POST /api/auth/register - 201 - 104ms

      at ServerResponse.log [as json] (middleware/logger.js:95:13)

  console.log
    [36m[REQUEST][0m POST /api/anime/1706/characters - IP: ::ffff:127.0.0.1

      at log (middleware/logger.js:76:11)

  console.log
    [90m  Body: {"name":"O'Brien-Smith (The 'Hero')"}[0m

      at log (middleware/logger.js:82:13)

  console.log
    [33m[RESPONSE][0m POST /api/anime/1706/characters - 403 - 4ms

      at ServerResponse.log [as json] (middleware/logger.js:95:13)

  console.log
      [31mError: Admin access required[0m

      at ServerResponse.log [as json] (middleware/logger.js:101:15)

  console.log
    [36m[REQUEST][0m POST /api/auth/register - IP: ::ffff:127.0.0.1

      at log (middleware/logger.js:76:11)

  console.log
    [90m  Body: {"username":"testuser_1775113143179","email":"test_1775113143179@example.com","password":"password123"}[0m

      at log (middleware/logger.js:82:13)

  console.log
    [32m[RESPONSE][0m POST /api/auth/register - 201 - 108ms

      at ServerResponse.log [as json] (middleware/logger.js:95:13)

  console.log
    [36m[REQUEST][0m POST /api/anime - IP: ::ffff:127.0.0.1

      at log (middleware/logger.js:76:11)

  console.log
    [90m  Body: {"name":"ÚÇ▓µÆâÒü«ÕÀ¿õ║║ (Attack on Titan) ­ƒöÑ"}[0m

      at log (middleware/logger.js:82:13)

  console.log
    [33m[RESPONSE][0m POST /api/anime - 403 - 4ms

      at ServerResponse.log [as json] (middleware/logger.js:95:13)

  console.log
      [31mError: Admin access required[0m

      at ServerResponse.log [as json] (middleware/logger.js:101:15)

  console.log
    [36m[REQUEST][0m POST /api/auth/register - IP: ::ffff:127.0.0.1

      at log (middleware/logger.js:76:11)

  console.log
    [90m  Body: {"username":"testuser_1775113143305","email":"test_1775113143305@example.com","password":"password123"}[0m

      at log (middleware/logger.js:82:13)

  console.log
    [32m[RESPONSE][0m POST /api/auth/register - 201 - 105ms

      at ServerResponse.log [as json] (middleware/logger.js:95:13)

  console.log
    [36m[REQUEST][0m GET /api/search?q=Special%20(2024) - IP: ::ffff:127.0.0.1

      at log (middleware/logger.js:76:11)

  console.log
    [32m[RESPONSE][0m GET /api/search?q=Special%20(2024) - 200 - 2ms

      at ServerResponse.log [as json] (middleware/logger.js:95:13)

  console.log
    [36m[REQUEST][0m POST /api/auth/register - IP: ::ffff:127.0.0.1

      at log (middleware/logger.js:76:11)

  console.log
    [90m  Body: {"username":"testuser_1775113143432","email":"test_1775113143432@example.com","password":"password123"}[0m

      at log (middleware/logger.js:82:13)

  console.log
    [32m[RESPONSE][0m POST /api/auth/register - 201 - 100ms

      at ServerResponse.log [as json] (middleware/logger.js:95:13)

  console.log
    [36m[REQUEST][0m PUT /api/anime/1708 - IP: ::ffff:127.0.0.1

      at log (middleware/logger.js:76:11)

  console.log
    [90m  Body: {"name":"Same Name"}[0m

      at log (middleware/logger.js:82:13)

  console.log
    [33m[RESPONSE][0m PUT /api/anime/1708 - 403 - 2ms

      at ServerResponse.log [as json] (middleware/logger.js:95:13)

  console.log
      [31mError: Admin access required[0m

      at ServerResponse.log [as json] (middleware/logger.js:101:15)

  console.log
    [36m[REQUEST][0m POST /api/auth/register - IP: ::ffff:127.0.0.1

      at log (middleware/logger.js:76:11)

  console.log
    [90m  Body: {"username":"testuser_1775113143559","email":"test_1775113143559@example.com","password":"password123"}[0m

      at log (middleware/logger.js:82:13)

  console.log
    [32m[RESPONSE][0m POST /api/auth/register - 201 - 104ms

      at ServerResponse.log [as json] (middleware/logger.js:95:13)

  console.log
    [36m[REQUEST][0m GET /api/anime - IP: ::ffff:127.0.0.1

      at log (middleware/logger.js:76:11)

  console.log
    [32m[RESPONSE][0m GET /api/anime - 200 - 2ms

      at ServerResponse.log [as json] (middleware/logger.js:95:13)

  console.log
    [36m[REQUEST][0m POST /api/auth/register - IP: ::ffff:127.0.0.1

      at log (middleware/logger.js:76:11)

  console.log
    [90m  Body: {"username":"testuser_1775113143685","email":"test_1775113143685@example.com","password":"password123"}[0m

      at log (middleware/logger.js:82:13)

  console.log
    [32m[RESPONSE][0m POST /api/auth/register - 201 - 101ms

      at ServerResponse.log [as json] (middleware/logger.js:95:13)

  console.log
    [36m[REQUEST][0m GET /api/anime/999999 - IP: ::ffff:127.0.0.1

      at log (middleware/logger.js:76:11)

  console.log
    [33m[RESPONSE][0m GET /api/anime/999999 - 404 - 1ms

      at ServerResponse.log [as json] (middleware/logger.js:95:13)

  console.log
      [31mError: Anime not found[0m

      at ServerResponse.log [as json] (middleware/logger.js:101:15)

  console.log
    [36m[REQUEST][0m POST /api/auth/register - IP: ::ffff:127.0.0.1

      at log (middleware/logger.js:76:11)

  console.log
    [90m  Body: {"username":"testuser_1775113143801","email":"test_1775113143801@example.com","password":"password123"}[0m

      at log (middleware/logger.js:82:13)

  console.log
    [32m[RESPONSE][0m POST /api/auth/register - 201 - 100ms

      at ServerResponse.log [as json] (middleware/logger.js:95:13)

  console.log
    [36m[REQUEST][0m POST /api/anime - IP: ::ffff:127.0.0.1

      at log (middleware/logger.js:76:11)

  console.log
    [90m  Body: {"name":"New Anime"}[0m

      at log (middleware/logger.js:82:13)

  console.log
    [33m[RESPONSE][0m POST /api/anime - 403 - 3ms

      at ServerResponse.log [as json] (middleware/logger.js:95:13)

  console.log
      [31mError: Admin access required[0m

      at ServerResponse.log [as json] (middleware/logger.js:101:15)

  console.log
    [36m[REQUEST][0m POST /api/auth/register - IP: ::ffff:127.0.0.1

      at log (middleware/logger.js:76:11)

  console.log
    [90m  Body: {"username":"testuser_1775113143919","email":"test_1775113143919@example.com","password":"password123"}[0m

      at log (middleware/logger.js:82:13)

  console.log
    [32m[RESPONSE][0m POST /api/auth/register - 201 - 104ms

      at ServerResponse.log [as json] (middleware/logger.js:95:13)

  console.log
    [36m[REQUEST][0m GET /api/anime - IP: ::ffff:127.0.0.1

      at log (middleware/logger.js:76:11)

  console.log
    [32m[RESPONSE][0m GET /api/anime - 200 - 2ms

      at ServerResponse.log [as json] (middleware/logger.js:95:13)

npm : FAIL tests/errors.test.js
At line:1 char:81
+ ... ool\Summa jaar 2 redo\API-basis\Project-Manga"; npm test 2>&1 | Tee-O ...
+                                                     ~~~~~~~~~~~~~
    + CategoryInfo          : NotSpecified: (FAIL tests/errors.test.js:String) 
    [], RemoteException
    + FullyQualifiedErrorId : NativeCommandError
 
  Error Handling and Edge Cases
    404 Not Found Errors
      ÔêÜ GET non-existent anime should return 404 (200 ms)
      ├ù PUT non-existent anime should return 404 (132 ms)
      ├ù DELETE non-existent anime should return 404 (129 ms)
      ÔêÜ GET character from non-existent anime should return 404 (119 ms)
      ├ù POST character to non-existent anime should return 404 (144 ms)
    400 Bad Request Errors
      ├ù POST anime without name should return 400 (131 ms)
      ├ù POST anime with empty name should return 400 (125 ms)
      ├ù PUT anime without name should return 400 (140 ms)
      ├ù POST character without name should return 400 (141 ms)
      ├ù POST character with empty name should return 400 (138 ms)
      ÔêÜ Search without query parameter should return 400 (138 ms)
      ÔêÜ Search with empty query parameter should return 400 (137 ms)
    409 Conflict Errors
      ├ù POST anime with duplicate name should return 409 (138 ms)
      ├ù PUT anime to duplicate name should return 409 (137 ms)
    Invalid Input Handling
      ÔêÜ Should handle invalid anime ID format gracefully (133 ms)
      ÔêÜ Should handle negative anime ID (142 ms)
      ├ù Should handle very long anime name (146 ms)
      ÔêÜ Should handle malformed JSON gracefully (137 ms)
    Edge Cases
      ├ù Should handle anime with special characters in name (129 ms)
      ├ù Should handle character with special characters in name (130 ms)
      ├ù Should handle anime with Unicode characters (131 ms)
      ÔêÜ Should handle search with special characters (124 ms)
      ├ù Should update anime to same name (no duplicate error) (125 ms)
    Response Format Consistency
      ÔêÜ All success responses should have consistent structure (130 ms)
      ÔêÜ All error responses should have consistent structure (117 ms)
      ├ù Created resources should return 201 status (117 ms)
      ÔêÜ Successful GET requests should return 200 status (119 ms)

  ÔùÅ Error Handling and Edge Cases ÔÇ║ 404 Not Found Errors ÔÇ║ PUT non-existe
nt anime should return 404

    expect(received).toBe(expected) // Object.is equality

    Expected: 404
    Received: 403

    [0m [90m 60 |[39m         [33m.[39msend({ name[33m:[39m [32m'Test'
[39m })[33m;[39m
     [90m 61 |[39m       
    [31m[1m>[22m[39m[90m 62 |[39m       expect(response[33m.[39mstatus)
[33m.[39mtoBe([35m404[39m)[33m;[39m
     [90m    |[39m                               [31m[1m^[22m[39m
     [90m 63 |[39m       expect(response[33m.[39mbody[33m.[39msuccess)[3
3m.[39mtoBe([36mfalse[39m)[33m;[39m
     [90m 64 |[39m       expect(response[33m.[39mbody[33m.[39mmessage)[3
3m.[39mtoBe([32m'Anime not found'[39m)[33m;[39m
     [90m 65 |[39m     })[33m;[39m[0m

      at Object.toBe (tests/errors.test.js:62:31)

  ÔùÅ Error Handling and Edge Cases ÔÇ║ 404 Not Found Errors ÔÇ║ DELETE non-exi
stent anime should return 404

    expect(received).toBe(expected) // Object.is equality

    Expected: 404
    Received: 403

    [0m [90m 70 |[39m         [33m.[39m[36mset[39m([32m'Authorization'
[39m[33m,[39m [32m`Bearer ${authToken}`[39m)[33m;[39m
     [90m 71 |[39m       
    [31m[1m>[22m[39m[90m 72 |[39m       expect(response[33m.[39mstatus)
[33m.[39mtoBe([35m404[39m)[33m;[39m
     [90m    |[39m                               [31m[1m^[22m[39m
     [90m 73 |[39m       expect(response[33m.[39mbody[33m.[39msuccess)[3
3m.[39mtoBe([36mfalse[39m)[33m;[39m
     [90m 74 |[39m       expect(response[33m.[39mbody[33m.[39mmessage)[3
3m.[39mtoBe([32m'Anime not found'[39m)[33m;[39m
     [90m 75 |[39m     })[33m;[39m[0m

      at Object.toBe (tests/errors.test.js:72:31)

  ÔùÅ Error Handling and Edge Cases ÔÇ║ 404 Not Found Errors ÔÇ║ POST character
 to non-existent anime should return 404

    expect(received).toBe(expected) // Object.is equality

    Expected: 404
    Received: 403

    [0m [90m 88 |[39m         [33m.[39msend({ name[33m:[39m [32m'Test C
haracter'[39m })[33m;[39m
     [90m 89 |[39m       
    [31m[1m>[22m[39m[90m 90 |[39m       expect(response[33m.[39mstatus)
[33m.[39mtoBe([35m404[39m)[33m;[39m
     [90m    |[39m                               [31m[1m^[22m[39m
     [90m 91 |[39m       expect(response[33m.[39mbody[33m.[39msuccess)[3
3m.[39mtoBe([36mfalse[39m)[33m;[39m
     [90m 92 |[39m     })[33m;[39m
     [90m 93 |[39m   })[33m;[39m[0m

      at Object.toBe (tests/errors.test.js:90:31)

  ÔùÅ Error Handling and Edge Cases ÔÇ║ 400 Bad Request Errors ÔÇ║ POST anime w
ithout name should return 400

    expect(received).toBe(expected) // Object.is equality

    Expected: 400
    Received: 403

    [0m [90m 101 |[39m         [33m.[39msend({})[33m;[39m
     [90m 102 |[39m       
    [31m[1m>[22m[39m[90m 103 |[39m       expect(response[33m.[39mstatus
)[33m.[39mtoBe([35m400[39m)[33m;[39m
     [90m     |[39m                               [31m[1m^[22m[39m
     [90m 104 |[39m       expect(response[33m.[39mbody[33m.[39msuccess)[
33m.[39mtoBe([36mfalse[39m)[33m;[39m
     [90m 105 |[39m       expect(response[33m.[39mbody[33m.[39mmessage)[
33m.[39mtoBe([32m'Anime name is required'[39m)[33m;[39m
     [90m 106 |[39m     })[33m;[39m[0m

      at Object.toBe (tests/errors.test.js:103:31)

  ÔùÅ Error Handling and Edge Cases ÔÇ║ 400 Bad Request Errors ÔÇ║ POST anime w
ith empty name should return 400

    expect(received).toBe(expected) // Object.is equality

    Expected: 400
    Received: 403

    [0m [90m 112 |[39m         [33m.[39msend({ name[33m:[39m [32m''[39
m })[33m;[39m
     [90m 113 |[39m       
    [31m[1m>[22m[39m[90m 114 |[39m       expect(response[33m.[39mstatus
)[33m.[39mtoBe([35m400[39m)[33m;[39m
     [90m     |[39m                               [31m[1m^[22m[39m
     [90m 115 |[39m       expect(response[33m.[39mbody[33m.[39msuccess)[
33m.[39mtoBe([36mfalse[39m)[33m;[39m
     [90m 116 |[39m       expect(response[33m.[39mbody[33m.[39mmessage)[
33m.[39mtoBe([32m'Anime name is required'[39m)[33m;[39m
     [90m 117 |[39m     })[33m;[39m[0m

      at Object.toBe (tests/errors.test.js:114:31)

  ÔùÅ Error Handling and Edge Cases ÔÇ║ 400 Bad Request Errors ÔÇ║ PUT anime wi
thout name should return 400

    expect(received).toBe(expected) // Object.is equality

    Expected: 400
    Received: 403

    [0m [90m 125 |[39m         [33m.[39msend({})[33m;[39m
     [90m 126 |[39m       
    [31m[1m>[22m[39m[90m 127 |[39m       expect(response[33m.[39mstatus
)[33m.[39mtoBe([35m400[39m)[33m;[39m
     [90m     |[39m                               [31m[1m^[22m[39m
     [90m 128 |[39m       expect(response[33m.[39mbody[33m.[39msuccess)[
33m.[39mtoBe([36mfalse[39m)[33m;[39m
     [90m 129 |[39m     })[33m;[39m
     [90m 130 |[39m[0m

      at Object.toBe (tests/errors.test.js:127:31)

  ÔùÅ Error Handling and Edge Cases ÔÇ║ 400 Bad Request Errors ÔÇ║ POST charact
er without name should return 400

    expect(received).toBe(expected) // Object.is equality

    Expected: 400
    Received: 403

    [0m [90m 137 |[39m         [33m.[39msend({})[33m;[39m
     [90m 138 |[39m       
    [31m[1m>[22m[39m[90m 139 |[39m       expect(response[33m.[39mstatus
)[33m.[39mtoBe([35m400[39m)[33m;[39m
     [90m     |[39m                               [31m[1m^[22m[39m
     [90m 140 |[39m       expect(response[33m.[39mbody[33m.[39msuccess)[
33m.[39mtoBe([36mfalse[39m)[33m;[39m
     [90m 141 |[39m       expect(response[33m.[39mbody[33m.[39mmessage)[
33m.[39mtoBe([32m'Character name is required'[39m)[33m;[39m
     [90m 142 |[39m     })[33m;[39m[0m

      at Object.toBe (tests/errors.test.js:139:31)

  ÔùÅ Error Handling and Edge Cases ÔÇ║ 400 Bad Request Errors ÔÇ║ POST charact
er with empty name should return 400

    expect(received).toBe(expected) // Object.is equality

    Expected: 400
    Received: 403

    [0m [90m 150 |[39m         [33m.[39msend({ name[33m:[39m [32m''[39
m })[33m;[39m
     [90m 151 |[39m       
    [31m[1m>[22m[39m[90m 152 |[39m       expect(response[33m.[39mstatus
)[33m.[39mtoBe([35m400[39m)[33m;[39m
     [90m     |[39m                               [31m[1m^[22m[39m
     [90m 153 |[39m       expect(response[33m.[39mbody[33m.[39msuccess)[
33m.[39mtoBe([36mfalse[39m)[33m;[39m
     [90m 154 |[39m     })[33m;[39m
     [90m 155 |[39m[0m

      at Object.toBe (tests/errors.test.js:152:31)

  ÔùÅ Error Handling and Edge Cases ÔÇ║ 409 Conflict Errors ÔÇ║ POST anime with
 duplicate name should return 409

    expect(received).toBe(expected) // Object.is equality

    Expected: 409
    Received: 403

    [0m [90m 180 |[39m         [33m.[39msend({ name[33m:[39m [32m'Dupli
cate Name'[39m })[33m;[39m
     [90m 181 |[39m       
    [31m[1m>[22m[39m[90m 182 |[39m       expect(response[33m.[39mstatus
)[33m.[39mtoBe([35m409[39m)[33m;[39m
     [90m     |[39m                               [31m[1m^[22m[39m
     [90m 183 |[39m       expect(response[33m.[39mbody[33m.[39msuccess)[
33m.[39mtoBe([36mfalse[39m)[33m;[39m
     [90m 184 |[39m       expect(response[33m.[39mbody[33m.[39mmessage)[
33m.[39mtoBe([32m'An anime with this name already exists'[39m)[33m;[39m
     [90m 185 |[39m     })[33m;[39m[0m

      at Object.toBe (tests/errors.test.js:182:31)

  ÔùÅ Error Handling and Edge Cases ÔÇ║ 409 Conflict Errors ÔÇ║ PUT anime to du
plicate name should return 409

    expect(received).toBe(expected) // Object.is equality

    Expected: 409
    Received: 403

    [0m [90m 194 |[39m         [33m.[39msend({ name[33m:[39m [32m'Exist
ing Name'[39m })[33m;[39m
     [90m 195 |[39m       
    [31m[1m>[22m[39m[90m 196 |[39m       expect(response[33m.[39mstatus
)[33m.[39mtoBe([35m409[39m)[33m;[39m
     [90m     |[39m                               [31m[1m^[22m[39m
     [90m 197 |[39m       expect(response[33m.[39mbody[33m.[39msuccess)[
33m.[39mtoBe([36mfalse[39m)[33m;[39m
     [90m 198 |[39m       expect(response[33m.[39mbody[33m.[39mmessage)[
33m.[39mtoBe([32m'An anime with this name already exists'[39m)[33m;[39m
     [90m 199 |[39m     })[33m;[39m[0m

      at Object.toBe (tests/errors.test.js:196:31)

  ÔùÅ Error Handling and Edge Cases ÔÇ║ Invalid Input Handling ÔÇ║ Should handl
e very long anime name

    expect(received).toBe(expected) // Object.is equality

    Expected: 400
    Received: 403

    [0m [90m 227 |[39m       
     [90m 228 |[39m       [90m// Validators now enforce max length of 100 ch
aracters[39m
    [31m[1m>[22m[39m[90m 229 |[39m       expect(response[33m.[39mstatus
)[33m.[39mtoBe([35m400[39m)[33m;[39m
     [90m     |[39m                               [31m[1m^[22m[39m
     [90m 230 |[39m       expect(response[33m.[39mbody[33m.[39msuccess)[
33m.[39mtoBe([36mfalse[39m)[33m;[39m
     [90m 231 |[39m       expect(response[33m.[39mbody[33m.[39mmessage)[
33m.[39mtoContain([32m'less than 100 characters'[39m)[33m;[39m
     [90m 232 |[39m     })[33m;[39m[0m

      at Object.toBe (tests/errors.test.js:229:31)

  ÔùÅ Error Handling and Edge Cases ÔÇ║ Edge Cases ÔÇ║ Should handle anime with
 special characters in name

    expect(received).toBe(expected) // Object.is equality

    Expected: 201
    Received: 403

    [0m [90m 253 |[39m         [33m.[39msend({ name[33m:[39m specialName
 })[33m;[39m
     [90m 254 |[39m       
    [31m[1m>[22m[39m[90m 255 |[39m       expect(response[33m.[39mstatus
)[33m.[39mtoBe([35m201[39m)[33m;[39m
     [90m     |[39m                               [31m[1m^[22m[39m
     [90m 256 |[39m       expect(response[33m.[39mbody[33m.[39mdata[33m.
[39mname)[33m.[39mtoBe(specialName)[33m;[39m
     [90m 257 |[39m     })[33m;[39m
     [90m 258 |[39m[0m

      at Object.toBe (tests/errors.test.js:255:31)

  ÔùÅ Error Handling and Edge Cases ÔÇ║ Edge Cases ÔÇ║ Should handle character 
with special characters in name

    expect(received).toBe(expected) // Object.is equality

    Expected: 201
    Received: 403

    [0m [90m 266 |[39m         [33m.[39msend({ name[33m:[39m specialName
 })[33m;[39m
     [90m 267 |[39m       
    [31m[1m>[22m[39m[90m 268 |[39m       expect(response[33m.[39mstatus
)[33m.[39mtoBe([35m201[39m)[33m;[39m
     [90m     |[39m                               [31m[1m^[22m[39m
     [90m 269 |[39m       expect(response[33m.[39mbody[33m.[39mdata[33m.
[39mname)[33m.[39mtoBe(specialName)[33m;[39m
     [90m 270 |[39m     })[33m;[39m
     [90m 271 |[39m[0m

      at Object.toBe (tests/errors.test.js:268:31)

  ÔùÅ Error Handling and Edge Cases ÔÇ║ Edge Cases ÔÇ║ Should handle anime with
 Unicode characters

    expect(received).toBe(expected) // Object.is equality

    Expected: 201
    Received: 403

    [0m [90m 278 |[39m         [33m.[39msend({ name[33m:[39m unicodeName
 })[33m;[39m
     [90m 279 |[39m       
    [31m[1m>[22m[39m[90m 280 |[39m       expect(response[33m.[39mstatus
)[33m.[39mtoBe([35m201[39m)[33m;[39m
     [90m     |[39m                               [31m[1m^[22m[39m
     [90m 281 |[39m       expect(response[33m.[39mbody[33m.[39mdata[33m.
[39mname)[33m.[39mtoBe(unicodeName)[33m;[39m
     [90m 282 |[39m     })[33m;[39m
     [90m 283 |[39m[0m

      at Object.toBe (tests/errors.test.js:280:31)

  ÔùÅ Error Handling and Edge Cases ÔÇ║ Edge Cases ÔÇ║ Should update anime to s
ame name (no duplicate error)

    expect(received).toContain(expected) // indexOf

    Expected value: 403
    Received array: [200, 409]

    [0m [90m 300 |[39m       
     [90m 301 |[39m       [90m// Should either succeed (200) or detect no ch
ange[39m
    [31m[1m>[22m[39m[90m 302 |[39m       expect([[35m200[39m[33m,[39m
 [35m409[39m])[33m.[39mtoContain(response[33m.[39mstatus)[33m;[39m
     [90m     |[39m                          [31m[1m^[22m[39m
     [90m 303 |[39m     })[33m;[39m
     [90m 304 |[39m   })[33m;[39m
     [90m 305 |[39m[0m

      at Object.toContain (tests/errors.test.js:302:26)

  ÔùÅ Error Handling and Edge Cases ÔÇ║ Response Format Consistency ÔÇ║ Created
 resources should return 201 status

    expect(received).toBe(expected) // Object.is equality

    Expected: 201
    Received: 403

    [0m [90m 330 |[39m         [33m.[39msend({ name[33m:[39m [32m'New A
nime'[39m })[33m;[39m
     [90m 331 |[39m       
    [31m[1m>[22m[39m[90m 332 |[39m       expect(response[33m.[39mstatus
)[33m.[39mtoBe([35m201[39m)[33m;[39m
     [90m     |[39m                               [31m[1m^[22m[39m
     [90m 333 |[39m     })[33m;[39m
     [90m 334 |[39m
     [90m 335 |[39m     test([32m'Successful GET requests should return 200 
status'[39m[33m,[39m [36masync[39m () [33m=>[39m {[0m

      at Object.toBe (tests/errors.test.js:332:31)

  console.log
    [dotenv@17.2.3] injecting env (6) from .env -- tip: ÔÜÖ´©Å  enable debug logging with { debug: true }

      at _log (node_modules/dotenv/lib/main.js:142:11)

  console.log
    [dotenv@17.2.3] injecting env (0) from .env -- tip: ­ƒöÉ encrypt with Dotenvx: https://dotenvx.com

      at _log (node_modules/dotenv/lib/main.js:142:11)

  console.log
    Ô£à Connected to SQLite database: C:\Users\justi\Nextcloud\school\Summa jaar 2 redo\API-basis\Project-Manga\config\anime_test.db

      at log (config/db.js:127:13)

  console.log
    [36m[REQUEST][0m POST /api/auth/register - IP: ::ffff:127.0.0.1

      at log (middleware/logger.js:76:11)

  console.log
    [90m  Body: {"username":"testuser_1775113144938","email":"test_1775113144938@example.com","password":"password123"}[0m

      at log (middleware/logger.js:82:13)

  console.log
    [32m[RESPONSE][0m POST /api/auth/register - 201 - 134ms

      at ServerResponse.log [as json] (middleware/logger.js:95:13)

  console.log
    [36m[REQUEST][0m GET /api/anime/1710/characters - IP: ::ffff:127.0.0.1

      at log (middleware/logger.js:76:11)

  console.log
    [32m[RESPONSE][0m GET /api/anime/1710/characters - 200 - 3ms

      at ServerResponse.log [as json] (middleware/logger.js:95:13)

  console.log
    [36m[REQUEST][0m POST /api/auth/register - IP: ::ffff:127.0.0.1

      at log (middleware/logger.js:76:11)

  console.log
    [90m  Body: {"username":"testuser_1775113145134","email":"test_1775113145134@example.com","password":"password123"}[0m

      at log (middleware/logger.js:82:13)

  console.log
    [32m[RESPONSE][0m POST /api/auth/register - 201 - 115ms

      at ServerResponse.log [as json] (middleware/logger.js:95:13)

  console.log
    [36m[REQUEST][0m GET /api/anime/1711/characters - IP: ::ffff:127.0.0.1

      at log (middleware/logger.js:76:11)

  console.log
    [32m[RESPONSE][0m GET /api/anime/1711/characters - 200 - 3ms

      at ServerResponse.log [as json] (middleware/logger.js:95:13)

  console.log
    [36m[REQUEST][0m POST /api/auth/register - IP: ::ffff:127.0.0.1

      at log (middleware/logger.js:76:11)

  console.log
    [90m  Body: {"username":"testuser_1775113145278","email":"test_1775113145278@example.com","password":"password123"}[0m

      at log (middleware/logger.js:82:13)

  console.log
    [32m[RESPONSE][0m POST /api/auth/register - 201 - 116ms

      at ServerResponse.log [as json] (middleware/logger.js:95:13)

  console.log
    [36m[REQUEST][0m GET /api/anime/9999/characters - IP: ::ffff:127.0.0.1

      at log (middleware/logger.js:76:11)

  console.log
    [33m[RESPONSE][0m GET /api/anime/9999/characters - 404 - 2ms

      at ServerResponse.log [as json] (middleware/logger.js:95:13)

  console.log
      [31mError: Anime not found[0m

      at ServerResponse.log [as json] (middleware/logger.js:101:15)

  console.log
    [36m[REQUEST][0m POST /api/auth/register - IP: ::ffff:127.0.0.1

      at log (middleware/logger.js:76:11)

  console.log
    [90m  Body: {"username":"testuser_1775113145416","email":"test_1775113145416@example.com","password":"password123"}[0m

      at log (middleware/logger.js:82:13)

  console.log
    [32m[RESPONSE][0m POST /api/auth/register - 201 - 120ms

      at ServerResponse.log [as json] (middleware/logger.js:95:13)

  console.log
    [36m[REQUEST][0m GET /api/anime/1712/characters/520 - IP: ::ffff:127.0.0.1

      at log (middleware/logger.js:76:11)

  console.log
    [32m[RESPONSE][0m GET /api/anime/1712/characters/520 - 200 - 3ms

      at ServerResponse.log [as json] (middleware/logger.js:95:13)

  console.log
    [36m[REQUEST][0m POST /api/auth/register - IP: ::ffff:127.0.0.1

      at log (middleware/logger.js:76:11)

  console.log
    [90m  Body: {"username":"testuser_1775113145568","email":"test_1775113145568@example.com","password":"password123"}[0m

      at log (middleware/logger.js:82:13)

  console.log
    [32m[RESPONSE][0m POST /api/auth/register - 201 - 112ms

      at ServerResponse.log [as json] (middleware/logger.js:95:13)

  console.log
    [36m[REQUEST][0m GET /api/anime/1713/characters/9999 - IP: ::ffff:127.0.0.1

      at log (middleware/logger.js:76:11)

  console.log
    [33m[RESPONSE][0m GET /api/anime/1713/characters/9999 - 404 - 2ms

      at ServerResponse.log [as json] (middleware/logger.js:95:13)

  console.log
      [31mError: Character not found[0m

      at ServerResponse.log [as json] (middleware/logger.js:101:15)

  console.log
    [36m[REQUEST][0m POST /api/auth/register - IP: ::ffff:127.0.0.1

      at log (middleware/logger.js:76:11)

  console.log
    [90m  Body: {"username":"testuser_1775113145706","email":"test_1775113145706@example.com","password":"password123"}[0m

      at log (middleware/logger.js:82:13)

  console.log
    [32m[RESPONSE][0m POST /api/auth/register - 201 - 113ms

      at ServerResponse.log [as json] (middleware/logger.js:95:13)

  console.log
    [36m[REQUEST][0m GET /api/anime/9999/characters/1 - IP: ::ffff:127.0.0.1

      at log (middleware/logger.js:76:11)

  console.log
    [33m[RESPONSE][0m GET /api/anime/9999/characters/1 - 404 - 2ms

      at ServerResponse.log [as json] (middleware/logger.js:95:13)

  console.log
      [31mError: Character not found[0m

      at ServerResponse.log [as json] (middleware/logger.js:101:15)

  console.log
    [36m[REQUEST][0m POST /api/auth/register - IP: ::ffff:127.0.0.1

      at log (middleware/logger.js:76:11)

  console.log
    [90m  Body: {"username":"testuser_1775113145838","email":"test_1775113145838@example.com","password":"password123"}[0m

      at log (middleware/logger.js:82:13)

  console.log
    [32m[RESPONSE][0m POST /api/auth/register - 201 - 113ms

      at ServerResponse.log [as json] (middleware/logger.js:95:13)

  console.log
    [36m[REQUEST][0m POST /api/anime/1714/characters - IP: ::ffff:127.0.0.1

      at log (middleware/logger.js:76:11)

  console.log
    [90m  Body: {"name":"Eren Yeager"}[0m

      at log (middleware/logger.js:82:13)

  console.log
    [33m[RESPONSE][0m POST /api/anime/1714/characters - 403 - 5ms

      at ServerResponse.log [as json] (middleware/logger.js:95:13)

  console.log
      [31mError: Admin access required[0m

      at ServerResponse.log [as json] (middleware/logger.js:101:15)

  console.log
    [36m[REQUEST][0m POST /api/auth/register - IP: ::ffff:127.0.0.1

      at log (middleware/logger.js:76:11)

  console.log
    [90m  Body: {"username":"testuser_1775113145980","email":"test_1775113145980@example.com","password":"password123"}[0m

      at log (middleware/logger.js:82:13)

  console.log
    [32m[RESPONSE][0m POST /api/auth/register - 201 - 109ms

      at ServerResponse.log [as json] (middleware/logger.js:95:13)

  console.log
    [36m[REQUEST][0m POST /api/anime/1715/characters - IP: ::ffff:127.0.0.1

      at log (middleware/logger.js:76:11)

  console.log
    [33m[RESPONSE][0m POST /api/anime/1715/characters - 403 - 2ms

      at ServerResponse.log [as json] (middleware/logger.js:95:13)

  console.log
      [31mError: Admin access required[0m

      at ServerResponse.log [as json] (middleware/logger.js:101:15)

  console.log
    [36m[REQUEST][0m POST /api/auth/register - IP: ::ffff:127.0.0.1

      at log (middleware/logger.js:76:11)

  console.log
    [90m  Body: {"username":"testuser_1775113146117","email":"test_1775113146117@example.com","password":"password123"}[0m

      at log (middleware/logger.js:82:13)

  console.log
    [32m[RESPONSE][0m POST /api/auth/register - 201 - 117ms

      at ServerResponse.log [as json] (middleware/logger.js:95:13)

  console.log
    [36m[REQUEST][0m POST /api/anime/9999/characters - IP: ::ffff:127.0.0.1

      at log (middleware/logger.js:76:11)

  console.log
    [90m  Body: {"name":"Test Character"}[0m

      at log (middleware/logger.js:82:13)

  console.log
    [33m[RESPONSE][0m POST /api/anime/9999/characters - 403 - 3ms

      at ServerResponse.log [as json] (middleware/logger.js:95:13)

  console.log
      [31mError: Admin access required[0m

      at ServerResponse.log [as json] (middleware/logger.js:101:15)

  console.log
    [36m[REQUEST][0m POST /api/auth/register - IP: ::ffff:127.0.0.1

      at log (middleware/logger.js:76:11)

  console.log
    [90m  Body: {"username":"testuser_1775113146256","email":"test_1775113146256@example.com","password":"password123"}[0m

      at log (middleware/logger.js:82:13)

  console.log
    [32m[RESPONSE][0m POST /api/auth/register - 201 - 108ms

      at ServerResponse.log [as json] (middleware/logger.js:95:13)

  console.log
    [36m[REQUEST][0m PUT /api/anime/1716/characters/521 - IP: ::ffff:127.0.0.1

      at log (middleware/logger.js:76:11)

  console.log
    [90m  Body: {"name":"Light Yagami"}[0m

      at log (middleware/logger.js:82:13)

  console.log
    [33m[RESPONSE][0m PUT /api/anime/1716/characters/521 - 403 - 3ms

      at ServerResponse.log [as json] (middleware/logger.js:95:13)

  console.log
      [31mError: Admin access required[0m

      at ServerResponse.log [as json] (middleware/logger.js:101:15)

  console.log
    [36m[REQUEST][0m POST /api/auth/register - IP: ::ffff:127.0.0.1

      at log (middleware/logger.js:76:11)

  console.log
    [90m  Body: {"username":"testuser_1775113146395","email":"test_1775113146395@example.com","password":"password123"}[0m

      at log (middleware/logger.js:82:13)

  console.log
    [32m[RESPONSE][0m POST /api/auth/register - 201 - 112ms

      at ServerResponse.log [as json] (middleware/logger.js:95:13)

  console.log
    [36m[REQUEST][0m PUT /api/anime/1717/characters/9999 - IP: ::ffff:127.0.0.1

      at log (middleware/logger.js:76:11)

  console.log
    [90m  Body: {"name":"Test"}[0m

      at log (middleware/logger.js:82:13)

  console.log
    [33m[RESPONSE][0m PUT /api/anime/1717/characters/9999 - 403 - 3ms

      at ServerResponse.log [as json] (middleware/logger.js:95:13)

  console.log
      [31mError: Admin access required[0m

      at ServerResponse.log [as json] (middleware/logger.js:101:15)

  console.log
    [36m[REQUEST][0m POST /api/auth/register - IP: ::ffff:127.0.0.1

      at log (middleware/logger.js:76:11)

  console.log
    [90m  Body: {"username":"testuser_1775113146538","email":"test_1775113146538@example.com","password":"password123"}[0m

      at log (middleware/logger.js:82:13)

  console.log
    [32m[RESPONSE][0m POST /api/auth/register - 201 - 108ms

      at ServerResponse.log [as json] (middleware/logger.js:95:13)

  console.log
    [36m[REQUEST][0m PUT /api/anime/1718/characters/522 - IP: ::ffff:127.0.0.1

      at log (middleware/logger.js:76:11)

  console.log
    [33m[RESPONSE][0m PUT /api/anime/1718/characters/522 - 403 - 3ms

      at ServerResponse.log [as json] (middleware/logger.js:95:13)

  console.log
      [31mError: Admin access required[0m

      at ServerResponse.log [as json] (middleware/logger.js:101:15)

  console.log
    [36m[REQUEST][0m POST /api/auth/register - IP: ::ffff:127.0.0.1

      at log (middleware/logger.js:76:11)

  console.log
    [90m  Body: {"username":"testuser_1775113146679","email":"test_1775113146679@example.com","password":"password123"}[0m

      at log (middleware/logger.js:82:13)

  console.log
    [32m[RESPONSE][0m POST /api/auth/register - 201 - 108ms

      at ServerResponse.log [as json] (middleware/logger.js:95:13)

  console.log
    [36m[REQUEST][0m DELETE /api/anime/1719/characters/523 - IP: ::ffff:127.0.0.1

      at log (middleware/logger.js:76:11)

  console.log
    [33m[RESPONSE][0m DELETE /api/anime/1719/characters/523 - 403 - 3ms

      at ServerResponse.log [as json] (middleware/logger.js:95:13)

  console.log
      [31mError: Admin access required[0m

      at ServerResponse.log [as json] (middleware/logger.js:101:15)

  console.log
    [36m[REQUEST][0m POST /api/auth/register - IP: ::ffff:127.0.0.1

      at log (middleware/logger.js:76:11)

  console.log
    [90m  Body: {"username":"testuser_1775113146819","email":"test_1775113146819@example.com","password":"password123"}[0m

      at log (middleware/logger.js:82:13)

  console.log
    [32m[RESPONSE][0m POST /api/auth/register - 201 - 135ms

      at ServerResponse.log [as json] (middleware/logger.js:95:13)

  console.log
    [36m[REQUEST][0m DELETE /api/anime/1720/characters/9999 - IP: ::ffff:127.0.0.1

      at log (middleware/logger.js:76:11)

  console.log
    [33m[RESPONSE][0m DELETE /api/anime/1720/characters/9999 - 403 - 5ms

      at ServerResponse.log [as json] (middleware/logger.js:95:13)

  console.log
      [31mError: Admin access required[0m

      at ServerResponse.log [as json] (middleware/logger.js:101:15)

  console.log
    [36m[REQUEST][0m POST /api/auth/register - IP: ::ffff:127.0.0.1

      at log (middleware/logger.js:76:11)

  console.log
    [90m  Body: {"username":"testuser_1775113146994","email":"test_1775113146994@example.com","password":"password123"}[0m

      at log (middleware/logger.js:82:13)

  console.log
    [32m[RESPONSE][0m POST /api/auth/register - 201 - 153ms

      at ServerResponse.log [as json] (middleware/logger.js:95:13)

  console.log
    [36m[REQUEST][0m DELETE /api/anime/9999/characters/1 - IP: ::ffff:127.0.0.1

      at log (middleware/logger.js:76:11)

  console.log
    [33m[RESPONSE][0m DELETE /api/anime/9999/characters/1 - 403 - 5ms

      at ServerResponse.log [as json] (middleware/logger.js:95:13)

  console.log
      [31mError: Admin access required[0m

      at ServerResponse.log [as json] (middleware/logger.js:101:15)

  console.log
    [36m[REQUEST][0m POST /api/auth/register - IP: ::ffff:127.0.0.1

      at log (middleware/logger.js:76:11)

  console.log
    [90m  Body: {"username":"testuser_1775113147181","email":"test_1775113147181@example.com","password":"password123"}[0m

      at log (middleware/logger.js:82:13)

  console.log
    [32m[RESPONSE][0m POST /api/auth/register - 201 - 154ms

      at ServerResponse.log [as json] (middleware/logger.js:95:13)

  console.log
    [36m[REQUEST][0m GET /api/anime/1721/characters - IP: ::ffff:127.0.0.1

      at log (middleware/logger.js:76:11)

  console.log
    [32m[RESPONSE][0m GET /api/anime/1721/characters - 200 - 3ms

      at ServerResponse.log [as json] (middleware/logger.js:95:13)

  console.log
    [36m[REQUEST][0m POST /api/auth/register - IP: ::ffff:127.0.0.1

      at log (middleware/logger.js:76:11)

  console.log
    [90m  Body: {"username":"testuser_1775113147394","email":"test_1775113147394@example.com","password":"password123"}[0m

      at log (middleware/logger.js:82:13)

  console.log
    [32m[RESPONSE][0m POST /api/auth/register - 201 - 155ms

      at ServerResponse.log [as json] (middleware/logger.js:95:13)

  console.log
    [36m[REQUEST][0m GET /api/anime/1724/characters/527 - IP: ::ffff:127.0.0.1

      at log (middleware/logger.js:76:11)

  console.log
    [33m[RESPONSE][0m GET /api/anime/1724/characters/527 - 404 - 4ms

      at ServerResponse.log [as json] (middleware/logger.js:95:13)

  console.log
      [31mError: Character not found[0m

      at ServerResponse.log [as json] (middleware/logger.js:101:15)

FAIL tests/characters.test.js
  Character API Endpoints
    GET /api/anime/:animeId/characters
      ÔêÜ Should return all characters for an anime (193 ms)
      ÔêÜ Should return empty array when anime has no characters (144 ms)
      ÔêÜ Should return 404 when anime does not exist (140 ms)
    GET /api/anime/:animeId/characters/:characterId
      ÔêÜ Should return specific character (147 ms)
      ÔêÜ Should return 404 when character does not exist (141 ms)
      ÔêÜ Should return 404 when anime does not exist (136 ms)
    POST /api/anime/:animeId/characters
      ├ù Should create new character successfully (138 ms)
      ├ù Should return 400 when character name is missing (136 ms)
      ├ù Should return 404 when anime does not exist (141 ms)
    PUT /api/anime/:animeId/characters/:characterId
      ├ù Should update character successfully (134 ms)
      ├ù Should return 404 when character does not exist (142 ms)
      ├ù Should return 400 when name is missing (141 ms)
    DELETE /api/anime/:animeId/characters/:characterId
      ├ù Should delete character successfully (137 ms)
      ├ù Should return 404 when character does not exist (174 ms)
      ├ù Should return 404 when anime does not exist (190 ms)
    Character-Anime Relationships
      ÔêÜ Should only return characters belonging to specified anime (203 ms)
      ÔêÜ Should verify character belongs to specified anime before operations 
(205 ms)

  ÔùÅ Character API Endpoints ÔÇ║ POST /api/anime/:animeId/characters ÔÇ║ Shoul
d create new character successfully

    expect(received).toBe(expected) // Object.is equality

    Expected: 201
    Received: 403

    [0m [90m 129 |[39m         [33m.[39msend(newCharacter)[33m;[39m
     [90m 130 |[39m       
    [31m[1m>[22m[39m[90m 131 |[39m       expect(response[33m.[39mstatus
)[33m.[39mtoBe([35m201[39m)[33m;[39m
     [90m     |[39m                               [31m[1m^[22m[39m
     [90m 132 |[39m       expect(response[33m.[39mbody[33m.[39msuccess)[
33m.[39mtoBe([36mtrue[39m)[33m;[39m
     [90m 133 |[39m       expect(response[33m.[39mbody[33m.[39mmessage)[
33m.[39mtoBe([32m'Character created successfully'[39m)[33m;[39m
     [90m 134 |[39m       expect(response[33m.[39mbody[33m.[39mdata)[33m
.[39mtoHaveProperty([32m'id'[39m)[33m;[39m[0m

      at Object.toBe (tests/characters.test.js:131:31)

  ÔùÅ Character API Endpoints ÔÇ║ POST /api/anime/:animeId/characters ÔÇ║ Shoul
d return 400 when character name is missing

    expect(received).toBe(expected) // Object.is equality

    Expected: 400
    Received: 403

    [0m [90m 145 |[39m         [33m.[39msend({})[33m;[39m
     [90m 146 |[39m       
    [31m[1m>[22m[39m[90m 147 |[39m       expect(response[33m.[39mstatus
)[33m.[39mtoBe([35m400[39m)[33m;[39m
     [90m     |[39m                               [31m[1m^[22m[39m
     [90m 148 |[39m       expect(response[33m.[39mbody[33m.[39msuccess)[
33m.[39mtoBe([36mfalse[39m)[33m;[39m
     [90m 149 |[39m       expect(response[33m.[39mbody[33m.[39mmessage)[
33m.[39mtoBe([32m'Character name is required'[39m)[33m;[39m
     [90m 150 |[39m     })[33m;[39m[0m

      at Object.toBe (tests/characters.test.js:147:31)

  ÔùÅ Character API Endpoints ÔÇ║ POST /api/anime/:animeId/characters ÔÇ║ Shoul
d return 404 when anime does not exist

    expect(received).toBe(expected) // Object.is equality

    Expected: 404
    Received: 403

    [0m [90m 156 |[39m         [33m.[39msend({ name[33m:[39m [32m'Test 
Character'[39m })[33m;[39m
     [90m 157 |[39m       
    [31m[1m>[22m[39m[90m 158 |[39m       expect(response[33m.[39mstatus
)[33m.[39mtoBe([35m404[39m)[33m;[39m
     [90m     |[39m                               [31m[1m^[22m[39m
     [90m 159 |[39m       expect(response[33m.[39mbody[33m.[39msuccess)[
33m.[39mtoBe([36mfalse[39m)[33m;[39m
     [90m 160 |[39m       expect(response[33m.[39mbody[33m.[39mmessage)[
33m.[39mtoBe([32m'Anime not found'[39m)[33m;[39m
     [90m 161 |[39m     })[33m;[39m[0m

      at Object.toBe (tests/characters.test.js:158:31)

  ÔùÅ Character API Endpoints ÔÇ║ PUT /api/anime/:animeId/characters/:character
Id ÔÇ║ Should update character successfully

    expect(received).toBe(expected) // Object.is equality

    Expected: 200
    Received: 403

    [0m [90m 175 |[39m         [33m.[39msend({ name[33m:[39m [32m'Light
 Yagami'[39m })[33m;[39m
     [90m 176 |[39m       
    [31m[1m>[22m[39m[90m 177 |[39m       expect(response[33m.[39mstatus
)[33m.[39mtoBe([35m200[39m)[33m;[39m
     [90m     |[39m                               [31m[1m^[22m[39m
     [90m 178 |[39m       expect(response[33m.[39mbody[33m.[39msuccess)[
33m.[39mtoBe([36mtrue[39m)[33m;[39m
     [90m 179 |[39m       expect(response[33m.[39mbody[33m.[39mmessage)[
33m.[39mtoBe([32m'Character updated successfully'[39m)[33m;[39m
     [90m 180 |[39m       expect(response[33m.[39mbody[33m.[39mdata[33m.
[39mname)[33m.[39mtoBe([32m'Light Yagami'[39m)[33m;[39m[0m

      at Object.toBe (tests/characters.test.js:177:31)

  ÔùÅ Character API Endpoints ÔÇ║ PUT /api/anime/:animeId/characters/:character
Id ÔÇ║ Should return 404 when character does not exist

    expect(received).toBe(expected) // Object.is equality

    Expected: 404
    Received: 403

    [0m [90m 190 |[39m         [33m.[39msend({ name[33m:[39m [32m'Test'
[39m })[33m;[39m
     [90m 191 |[39m       
    [31m[1m>[22m[39m[90m 192 |[39m       expect(response[33m.[39mstatus
)[33m.[39mtoBe([35m404[39m)[33m;[39m
     [90m     |[39m                               [31m[1m^[22m[39m
     [90m 193 |[39m       expect(response[33m.[39mbody[33m.[39msuccess)[
33m.[39mtoBe([36mfalse[39m)[33m;[39m
     [90m 194 |[39m       expect(response[33m.[39mbody[33m.[39mmessage)[
33m.[39mtoBe([32m'Character not found'[39m)[33m;[39m
     [90m 195 |[39m     })[33m;[39m[0m

      at Object.toBe (tests/characters.test.js:192:31)

  ÔùÅ Character API Endpoints ÔÇ║ PUT /api/anime/:animeId/characters/:character
Id ÔÇ║ Should return 400 when name is missing

    expect(received).toBe(expected) // Object.is equality

    Expected: 400
    Received: 403

    [0m [90m 205 |[39m         [33m.[39msend({})[33m;[39m
     [90m 206 |[39m       
    [31m[1m>[22m[39m[90m 207 |[39m       expect(response[33m.[39mstatus
)[33m.[39mtoBe([35m400[39m)[33m;[39m
     [90m     |[39m                               [31m[1m^[22m[39m
     [90m 208 |[39m       expect(response[33m.[39mbody[33m.[39msuccess)[
33m.[39mtoBe([36mfalse[39m)[33m;[39m
     [90m 209 |[39m     })[33m;[39m
     [90m 210 |[39m   })[33m;[39m[0m

      at Object.toBe (tests/characters.test.js:207:31)

  ÔùÅ Character API Endpoints ÔÇ║ DELETE /api/anime/:animeId/characters/:charac
terId ÔÇ║ Should delete character successfully

    expect(received).toBe(expected) // Object.is equality

    Expected: 200
    Received: 403

    [0m [90m 222 |[39m         [33m.[39m[36mset[39m([32m'Authorization'
[39m[33m,[39m [32m`Bearer ${authToken}`[39m)[33m;[39m
     [90m 223 |[39m       
    [31m[1m>[22m[39m[90m 224 |[39m       expect(response[33m.[39mstatus
)[33m.[39mtoBe([35m200[39m)[33m;[39m
     [90m     |[39m                               [31m[1m^[22m[39m
     [90m 225 |[39m       expect(response[33m.[39mbody[33m.[39msuccess)[
33m.[39mtoBe([36mtrue[39m)[33m;[39m
     [90m 226 |[39m       expect(response[33m.[39mbody[33m.[39mmessage)[
33m.[39mtoBe([32m'Character deleted successfully'[39m)[33m;[39m
     [90m 227 |[39m     })[33m;[39m[0m

      at Object.toBe (tests/characters.test.js:224:31)

  ÔùÅ Character API Endpoints ÔÇ║ DELETE /api/anime/:animeId/characters/:charac
terId ÔÇ║ Should return 404 when character does not exist

    expect(received).toBe(expected) // Object.is equality

    Expected: 404
    Received: 403

    [0m [90m 235 |[39m         [33m.[39m[36mset[39m([32m'Authorization'
[39m[33m,[39m [32m`Bearer ${authToken}`[39m)[33m;[39m
     [90m 236 |[39m       
    [31m[1m>[22m[39m[90m 237 |[39m       expect(response[33m.[39mstatus
)[33m.[39mtoBe([35m404[39m)[33m;[39m
     [90m     |[39m                               [31m[1m^[22m[39m
     [90m 238 |[39m       expect(response[33m.[39mbody[33m.[39msuccess)[
33m.[39mtoBe([36mfalse[39m)[33m;[39m
     [90m 239 |[39m       expect(response[33m.[39mbody[33m.[39mmessage)[
33m.[39mtoBe([32m'Character not found'[39m)[33m;[39m
     [90m 240 |[39m     })[33m;[39m[0m

      at Object.toBe (tests/characters.test.js:237:31)

  ÔùÅ Character API Endpoints ÔÇ║ DELETE /api/anime/:animeId/characters/:charac
terId ÔÇ║ Should return 404 when anime does not exist

    expect(received).toBe(expected) // Object.is equality

    Expected: 404
    Received: 403

    [0m [90m 245 |[39m         [33m.[39m[36mset[39m([32m'Authorization'
[39m[33m,[39m [32m`Bearer ${authToken}`[39m)[33m;[39m
     [90m 246 |[39m       
    [31m[1m>[22m[39m[90m 247 |[39m       expect(response[33m.[39mstatus
)[33m.[39mtoBe([35m404[39m)[33m;[39m
     [90m     |[39m                               [31m[1m^[22m[39m
     [90m 248 |[39m       expect(response[33m.[39mbody[33m.[39msuccess)[
33m.[39mtoBe([36mfalse[39m)[33m;[39m
     [90m 249 |[39m     })[33m;[39m
     [90m 250 |[39m   })[33m;[39m[0m

      at Object.toBe (tests/characters.test.js:247:31)

  console.log
    [dotenv@17.2.3] injecting env (6) from .env -- tip: ÔÜÖ´©Å  override existing env vars with { override: true }

      at _log (node_modules/dotenv/lib/main.js:142:11)

  console.log
    [dotenv@17.2.3] injecting env (0) from .env -- tip: ÔÜÖ´©Å  specify custom .env file path with { path: '/custom/path/.env' }

      at _log (node_modules/dotenv/lib/main.js:142:11)

  console.log
    Ô£à Connected to SQLite database: C:\Users\justi\Nextcloud\school\Summa jaar 2 redo\API-basis\Project-Manga\config\anime_test.db

      at log (config/db.js:127:13)

  console.log
    [36m[REQUEST][0m POST /api/auth/register - IP: ::ffff:127.0.0.1

      at log (middleware/logger.js:76:11)

  console.log
    [90m  Body: {"username":"testuser","email":"test@example.com","password":"password123"}[0m

      at log (middleware/logger.js:82:13)

  console.log
    [32m[RESPONSE][0m POST /api/auth/register - 201 - 189ms

      at ServerResponse.log [as json] (middleware/logger.js:95:13)

  console.log
    [36m[REQUEST][0m POST /api/auth/register - IP: ::ffff:127.0.0.1

      at log (middleware/logger.js:76:11)

  console.log
    [90m  Body: {"email":"test@example.com","password":"password123"}[0m

      at log (middleware/logger.js:82:13)

  console.log
    [33m[RESPONSE][0m POST /api/auth/register - 400 - 16ms

      at ServerResponse.log [as json] (middleware/logger.js:95:13)

  console.log
      [31mError: Username is required[0m

      at ServerResponse.log [as json] (middleware/logger.js:101:15)

  console.log
    [36m[REQUEST][0m POST /api/auth/register - IP: ::ffff:127.0.0.1

      at log (middleware/logger.js:76:11)

  console.log
    [90m  Body: {"username":"testuser","password":"password123"}[0m

      at log (middleware/logger.js:82:13)

  console.log
    [33m[RESPONSE][0m POST /api/auth/register - 400 - 6ms

      at ServerResponse.log [as json] (middleware/logger.js:95:13)

  console.log
      [31mError: Email is required[0m

      at ServerResponse.log [as json] (middleware/logger.js:101:15)

  console.log
    [36m[REQUEST][0m POST /api/auth/register - IP: ::ffff:127.0.0.1

      at log (middleware/logger.js:76:11)

  console.log
    [90m  Body: {"username":"testuser","email":"test@example.com"}[0m

      at log (middleware/logger.js:82:13)

  console.log
    [33m[RESPONSE][0m POST /api/auth/register - 400 - 6ms

      at ServerResponse.log [as json] (middleware/logger.js:95:13)

  console.log
      [31mError: Password is required[0m

      at ServerResponse.log [as json] (middleware/logger.js:101:15)

  console.log
    [36m[REQUEST][0m POST /api/auth/register - IP: ::ffff:127.0.0.1

      at log (middleware/logger.js:76:11)

  console.log
    [90m  Body: {"username":"ab","email":"test@example.com","password":"password123"}[0m

      at log (middleware/logger.js:82:13)

  console.log
    [33m[RESPONSE][0m POST /api/auth/register - 400 - 4ms

      at ServerResponse.log [as json] (middleware/logger.js:95:13)

  console.log
      [31mError: Username must be at least 3 characters long[0m

      at ServerResponse.log [as json] (middleware/logger.js:101:15)

  console.log
    [36m[REQUEST][0m POST /api/auth/register - IP: ::ffff:127.0.0.1

      at log (middleware/logger.js:76:11)

  console.log
    [90m  Body: {"username":"testuser","email":"invalid-email","password":"password123"}[0m

      at log (middleware/logger.js:82:13)

  console.log
    [33m[RESPONSE][0m POST /api/auth/register - 400 - 6ms

      at ServerResponse.log [as json] (middleware/logger.js:95:13)

  console.log
      [31mError: Invalid email format[0m

      at ServerResponse.log [as json] (middleware/logger.js:101:15)

  console.log
    [36m[REQUEST][0m POST /api/auth/register - IP: ::ffff:127.0.0.1

      at log (middleware/logger.js:76:11)

  console.log
    [90m  Body: {"username":"testuser","email":"test@example.com","password":"12345"}[0m

      at log (middleware/logger.js:82:13)

  console.log
    [33m[RESPONSE][0m POST /api/auth/register - 400 - 4ms

      at ServerResponse.log [as json] (middleware/logger.js:95:13)

  console.log
      [31mError: Password must be at least 6 characters long[0m

      at ServerResponse.log [as json] (middleware/logger.js:101:15)

  console.log
    [36m[REQUEST][0m POST /api/auth/register - IP: ::ffff:127.0.0.1

      at log (middleware/logger.js:76:11)

  console.log
    [90m  Body: {"username":"testuser","email":"test@example.com","password":"password123"}[0m

      at log (middleware/logger.js:82:13)

  console.log
    [32m[RESPONSE][0m POST /api/auth/register - 201 - 153ms

      at ServerResponse.log [as json] (middleware/logger.js:95:13)

  console.log
    [36m[REQUEST][0m POST /api/auth/register - IP: ::ffff:127.0.0.1

      at log (middleware/logger.js:76:11)

  console.log
    [90m  Body: {"username":"testuser2","email":"test@example.com","password":"password123"}[0m

      at log (middleware/logger.js:82:13)

  console.log
    [33m[RESPONSE][0m POST /api/auth/register - 409 - 5ms

      at ServerResponse.log [as json] (middleware/logger.js:95:13)

  console.log
      [31mError: Email already in use[0m

      at ServerResponse.log [as json] (middleware/logger.js:101:15)

  console.log
    [36m[REQUEST][0m POST /api/auth/register - IP: ::ffff:127.0.0.1

      at log (middleware/logger.js:76:11)

  console.log
    [90m  Body: {"username":"testuser","email":"test@example.com","password":"password123"}[0m

      at log (middleware/logger.js:82:13)

  console.log
    [32m[RESPONSE][0m POST /api/auth/register - 201 - 136ms

      at ServerResponse.log [as json] (middleware/logger.js:95:13)

  console.log
    [36m[REQUEST][0m POST /api/auth/register - IP: ::ffff:127.0.0.1

      at log (middleware/logger.js:76:11)

  console.log
    [90m  Body: {"username":"testuser","email":"test2@example.com","password":"password123"}[0m

      at log (middleware/logger.js:82:13)

  console.log
    [33m[RESPONSE][0m POST /api/auth/register - 409 - 3ms

      at ServerResponse.log [as json] (middleware/logger.js:95:13)

  console.log
      [31mError: Username already taken[0m

      at ServerResponse.log [as json] (middleware/logger.js:101:15)

  console.log
    [36m[REQUEST][0m POST /api/auth/register - IP: ::ffff:127.0.0.1

      at log (middleware/logger.js:76:11)

  console.log
    [90m  Body: {"username":"testuser","email":"test@example.com","password":"password123"}[0m

      at log (middleware/logger.js:82:13)

  console.log
    [32m[RESPONSE][0m POST /api/auth/register - 201 - 134ms

      at ServerResponse.log [as json] (middleware/logger.js:95:13)

  console.log
    [36m[REQUEST][0m POST /api/auth/login - IP: ::ffff:127.0.0.1

      at log (middleware/logger.js:76:11)

  console.log
    [90m  Body: {"email":"test@example.com","password":"password123"}[0m

      at log (middleware/logger.js:82:13)

  console.log
    [32m[RESPONSE][0m POST /api/auth/login - 200 - 114ms

      at ServerResponse.log [as json] (middleware/logger.js:95:13)

  console.log
    [36m[REQUEST][0m POST /api/auth/register - IP: ::ffff:127.0.0.1

      at log (middleware/logger.js:76:11)

  console.log
    [90m  Body: {"username":"testuser","email":"test@example.com","password":"password123"}[0m

      at log (middleware/logger.js:82:13)

  console.log
    [32m[RESPONSE][0m POST /api/auth/register - 201 - 118ms

      at ServerResponse.log [as json] (middleware/logger.js:95:13)

  console.log
    [36m[REQUEST][0m POST /api/auth/login - IP: ::ffff:127.0.0.1

      at log (middleware/logger.js:76:11)

  console.log
    [90m  Body: {"email":"wrong@example.com","password":"password123"}[0m

      at log (middleware/logger.js:82:13)

  console.log
    [33m[RESPONSE][0m POST /api/auth/login - 401 - 3ms

      at ServerResponse.log [as json] (middleware/logger.js:95:13)

  console.log
      [31mError: Invalid email or password[0m

      at ServerResponse.log [as json] (middleware/logger.js:101:15)

  console.log
    [36m[REQUEST][0m POST /api/auth/register - IP: ::ffff:127.0.0.1

      at log (middleware/logger.js:76:11)

  console.log
    [90m  Body: {"username":"testuser","email":"test@example.com","password":"password123"}[0m

      at log (middleware/logger.js:82:13)

  console.log
    [32m[RESPONSE][0m POST /api/auth/register - 201 - 115ms

      at ServerResponse.log [as json] (middleware/logger.js:95:13)

  console.log
    [36m[REQUEST][0m POST /api/auth/login - IP: ::ffff:127.0.0.1

      at log (middleware/logger.js:76:11)

  console.log
    [90m  Body: {"email":"test@example.com","password":"wrongpassword"}[0m

      at log (middleware/logger.js:82:13)

  console.log
    [33m[RESPONSE][0m POST /api/auth/login - 401 - 122ms

      at ServerResponse.log [as json] (middleware/logger.js:95:13)

  console.log
      [31mError: Invalid email or password[0m

      at ServerResponse.log [as json] (middleware/logger.js:101:15)

  console.log
    [36m[REQUEST][0m POST /api/auth/register - IP: ::ffff:127.0.0.1

      at log (middleware/logger.js:76:11)

  console.log
    [90m  Body: {"username":"testuser","email":"test@example.com","password":"password123"}[0m

      at log (middleware/logger.js:82:13)

  console.log
    [32m[RESPONSE][0m POST /api/auth/register - 201 - 131ms

      at ServerResponse.log [as json] (middleware/logger.js:95:13)

  console.log
    [36m[REQUEST][0m POST /api/auth/login - IP: ::ffff:127.0.0.1

      at log (middleware/logger.js:76:11)

  console.log
    [90m  Body: {"password":"password123"}[0m

      at log (middleware/logger.js:82:13)

  console.log
    [33m[RESPONSE][0m POST /api/auth/login - 400 - 3ms

      at ServerResponse.log [as json] (middleware/logger.js:95:13)

  console.log
      [31mError: Email is required[0m

      at ServerResponse.log [as json] (middleware/logger.js:101:15)

  console.log
    [36m[REQUEST][0m POST /api/auth/register - IP: ::ffff:127.0.0.1

      at log (middleware/logger.js:76:11)

  console.log
    [90m  Body: {"username":"testuser","email":"test@example.com","password":"password123"}[0m

      at log (middleware/logger.js:82:13)

  console.log
    [32m[RESPONSE][0m POST /api/auth/register - 201 - 116ms

      at ServerResponse.log [as json] (middleware/logger.js:95:13)

  console.log
    [36m[REQUEST][0m POST /api/auth/login - IP: ::ffff:127.0.0.1

      at log (middleware/logger.js:76:11)

  console.log
    [90m  Body: {"email":"test@example.com"}[0m

      at log (middleware/logger.js:82:13)

  console.log
    [33m[RESPONSE][0m POST /api/auth/login - 400 - 4ms

      at ServerResponse.log [as json] (middleware/logger.js:95:13)

  console.log
      [31mError: Password is required[0m

      at ServerResponse.log [as json] (middleware/logger.js:101:15)

  console.log
    [36m[REQUEST][0m POST /api/auth/register - IP: ::ffff:127.0.0.1

      at log (middleware/logger.js:76:11)

  console.log
    [90m  Body: {"username":"testuser","email":"test@example.com","password":"password123"}[0m

      at log (middleware/logger.js:82:13)

  console.log
    [32m[RESPONSE][0m POST /api/auth/register - 201 - 106ms

      at ServerResponse.log [as json] (middleware/logger.js:95:13)

  console.log
    [36m[REQUEST][0m GET /api/auth/me - IP: ::ffff:127.0.0.1

      at log (middleware/logger.js:76:11)

  console.log
    [32m[RESPONSE][0m GET /api/auth/me - 200 - 5ms

      at ServerResponse.log [as json] (middleware/logger.js:95:13)

  console.log
    [36m[REQUEST][0m POST /api/auth/register - IP: ::ffff:127.0.0.1

      at log (middleware/logger.js:76:11)

  console.log
    [90m  Body: {"username":"testuser","email":"test@example.com","password":"password123"}[0m

      at log (middleware/logger.js:82:13)

  console.log
    [32m[RESPONSE][0m POST /api/auth/register - 201 - 108ms

      at ServerResponse.log [as json] (middleware/logger.js:95:13)

  console.log
    [36m[REQUEST][0m GET /api/auth/me - IP: ::ffff:127.0.0.1

      at log (middleware/logger.js:76:11)

  console.log
    [33m[RESPONSE][0m GET /api/auth/me - 401 - 2ms

      at ServerResponse.log [as json] (middleware/logger.js:95:13)

  console.log
      [31mError: No authorization token provided[0m

      at ServerResponse.log [as json] (middleware/logger.js:101:15)

  console.log
    [36m[REQUEST][0m POST /api/auth/register - IP: ::ffff:127.0.0.1

      at log (middleware/logger.js:76:11)

  console.log
    [90m  Body: {"username":"testuser","email":"test@example.com","password":"password123"}[0m

      at log (middleware/logger.js:82:13)

  console.log
    [32m[RESPONSE][0m POST /api/auth/register - 201 - 121ms

      at ServerResponse.log [as json] (middleware/logger.js:95:13)

  console.log
    [36m[REQUEST][0m GET /api/auth/me - IP: ::ffff:127.0.0.1

      at log (middleware/logger.js:76:11)

  console.log
    [33m[RESPONSE][0m GET /api/auth/me - 401 - 1ms

      at ServerResponse.log [as json] (middleware/logger.js:95:13)

  console.log
      [31mError: Invalid token[0m

      at ServerResponse.log [as json] (middleware/logger.js:101:15)

  console.log
    [36m[REQUEST][0m POST /api/auth/register - IP: ::ffff:127.0.0.1

      at log (middleware/logger.js:76:11)

  console.log
    [90m  Body: {"username":"testuser","email":"test@example.com","password":"password123"}[0m

      at log (middleware/logger.js:82:13)

  console.log
    [32m[RESPONSE][0m POST /api/auth/register - 201 - 129ms

      at ServerResponse.log [as json] (middleware/logger.js:95:13)

  console.log
    [36m[REQUEST][0m PUT /api/auth/me - IP: ::ffff:127.0.0.1

      at log (middleware/logger.js:76:11)

  console.log
    [90m  Body: {"username":"newusername"}[0m

      at log (middleware/logger.js:82:13)

  console.log
    [32m[RESPONSE][0m PUT /api/auth/me - 200 - 12ms

      at ServerResponse.log [as json] (middleware/logger.js:95:13)

  console.log
    [36m[REQUEST][0m POST /api/auth/register - IP: ::ffff:127.0.0.1

      at log (middleware/logger.js:76:11)

  console.log
    [90m  Body: {"username":"testuser","email":"test@example.com","password":"password123"}[0m

      at log (middleware/logger.js:82:13)

  console.log
    [32m[RESPONSE][0m POST /api/auth/register - 201 - 149ms

      at ServerResponse.log [as json] (middleware/logger.js:95:13)

  console.log
    [36m[REQUEST][0m PUT /api/auth/me - IP: ::ffff:127.0.0.1

      at log (middleware/logger.js:76:11)

  console.log
    [90m  Body: {"email":"newemail@example.com"}[0m

      at log (middleware/logger.js:82:13)

  console.log
    [32m[RESPONSE][0m PUT /api/auth/me - 200 - 12ms

      at ServerResponse.log [as json] (middleware/logger.js:95:13)

  console.log
    [36m[REQUEST][0m POST /api/auth/register - IP: ::ffff:127.0.0.1

      at log (middleware/logger.js:76:11)

  console.log
    [90m  Body: {"username":"testuser","email":"test@example.com","password":"password123"}[0m

      at log (middleware/logger.js:82:13)

  console.log
    [32m[RESPONSE][0m POST /api/auth/register - 201 - 138ms

      at ServerResponse.log [as json] (middleware/logger.js:95:13)

  console.log
    [36m[REQUEST][0m PUT /api/auth/me - IP: ::ffff:127.0.0.1

      at log (middleware/logger.js:76:11)

  console.log
    [90m  Body: {"username":"newusername"}[0m

      at log (middleware/logger.js:82:13)

  console.log
    [33m[RESPONSE][0m PUT /api/auth/me - 401 - 3ms

      at ServerResponse.log [as json] (middleware/logger.js:95:13)

  console.log
      [31mError: No authorization token provided[0m

      at ServerResponse.log [as json] (middleware/logger.js:101:15)

  console.log
    [36m[REQUEST][0m POST /api/auth/register - IP: ::ffff:127.0.0.1

      at log (middleware/logger.js:76:11)

  console.log
    [90m  Body: {"username":"testuser","email":"test@example.com","password":"password123"}[0m

      at log (middleware/logger.js:82:13)

  console.log
    [32m[RESPONSE][0m POST /api/auth/register - 201 - 136ms

      at ServerResponse.log [as json] (middleware/logger.js:95:13)

  console.log
    [36m[REQUEST][0m POST /api/anime - IP: ::ffff:127.0.0.1

      at log (middleware/logger.js:76:11)

  console.log
    [90m  Body: {"name":"Naruto"}[0m

      at log (middleware/logger.js:82:13)

  console.log
    [33m[RESPONSE][0m POST /api/anime - 403 - 5ms

      at ServerResponse.log [as json] (middleware/logger.js:95:13)

  console.log
      [31mError: Admin access required[0m

      at ServerResponse.log [as json] (middleware/logger.js:101:15)

  console.log
    [36m[REQUEST][0m POST /api/auth/register - IP: ::ffff:127.0.0.1

      at log (middleware/logger.js:76:11)

  console.log
    [90m  Body: {"username":"testuser","email":"test@example.com","password":"password123"}[0m

      at log (middleware/logger.js:82:13)

  console.log
    [32m[RESPONSE][0m POST /api/auth/register - 201 - 140ms

      at ServerResponse.log [as json] (middleware/logger.js:95:13)

  console.log
    [36m[REQUEST][0m POST /api/anime - IP: ::ffff:127.0.0.1

      at log (middleware/logger.js:76:11)

  console.log
    [90m  Body: {"name":"Naruto"}[0m

      at log (middleware/logger.js:82:13)

  console.log
    [33m[RESPONSE][0m POST /api/anime - 401 - 3ms

      at ServerResponse.log [as json] (middleware/logger.js:95:13)

  console.log
      [31mError: No authorization token provided[0m

      at ServerResponse.log [as json] (middleware/logger.js:101:15)

  console.log
    [36m[REQUEST][0m POST /api/auth/register - IP: ::ffff:127.0.0.1

      at log (middleware/logger.js:76:11)

  console.log
    [90m  Body: {"username":"testuser","email":"test@example.com","password":"password123"}[0m

      at log (middleware/logger.js:82:13)

  console.log
    [32m[RESPONSE][0m POST /api/auth/register - 201 - 135ms

      at ServerResponse.log [as json] (middleware/logger.js:95:13)

  console.log
    [36m[REQUEST][0m POST /api/anime - IP: ::ffff:127.0.0.1

      at log (middleware/logger.js:76:11)

  console.log
    [90m  Body: {"name":"Naruto"}[0m

      at log (middleware/logger.js:82:13)

  console.log
    [33m[RESPONSE][0m POST /api/anime - 401 - 2ms

      at ServerResponse.log [as json] (middleware/logger.js:95:13)

  console.log
      [31mError: Invalid token[0m

      at ServerResponse.log [as json] (middleware/logger.js:101:15)

  console.log
    [36m[REQUEST][0m POST /api/auth/register - IP: ::ffff:127.0.0.1

      at log (middleware/logger.js:76:11)

  console.log
    [90m  Body: {"username":"testuser","email":"test@example.com","password":"password123"}[0m

      at log (middleware/logger.js:82:13)

  console.log
    [32m[RESPONSE][0m POST /api/auth/register - 201 - 114ms

      at ServerResponse.log [as json] (middleware/logger.js:95:13)

  console.log
    [36m[REQUEST][0m GET /api/anime - IP: ::ffff:127.0.0.1

      at log (middleware/logger.js:76:11)

  console.log
    [32m[RESPONSE][0m GET /api/anime - 200 - 3ms

      at ServerResponse.log [as json] (middleware/logger.js:95:13)

FAIL tests/auth.test.js
  Authentication API Endpoints
    POST /api/auth/register
      ÔêÜ Should register a new user successfully (257 ms)
      ÔêÜ Should return 400 when username is missing (46 ms)
      ÔêÜ Should return 400 when email is missing (22 ms)
      ÔêÜ Should return 400 when password is missing (23 ms)
      ÔêÜ Should return 400 when username is too short (18 ms)
      ÔêÜ Should return 400 when email is invalid (23 ms)
      ÔêÜ Should return 400 when password is too short (20 ms)
      ÔêÜ Should return 409 when email already exists (177 ms)
      ÔêÜ Should return 409 when username already exists (159 ms)
    POST /api/auth/login
      ÔêÜ Should login successfully with correct credentials (270 ms)
      ÔêÜ Should return 401 with incorrect email (143 ms)
      ÔêÜ Should return 401 with incorrect password (256 ms)
      ÔêÜ Should return 400 when email is missing (158 ms)
      ÔêÜ Should return 400 when password is missing (140 ms)
    GET /api/auth/me
      ÔêÜ Should get user profile with valid token (131 ms)
      ÔêÜ Should return 401 without token (128 ms)
      ÔêÜ Should return 401 with invalid token (139 ms)
    PUT /api/auth/me
      ÔêÜ Should update username successfully (162 ms)
      ÔêÜ Should update email successfully (184 ms)
      ÔêÜ Should return 401 without token (164 ms)
    Protected Routes (POST/PUT/DELETE)
      ├ù Should allow creating anime with valid token (168 ms)
      ÔêÜ Should reject creating anime without token (168 ms)
      ÔêÜ Should reject creating anime with invalid token (159 ms)
      ÔêÜ Should allow GET requests without token (133 ms)

  ÔùÅ Authentication API Endpoints ÔÇ║ Protected Routes (POST/PUT/DELETE) ÔÇ║ S
hould allow creating anime with valid token

    expect(received).toBe(expected) // Object.is equality

    Expected: 201
    Received: 403

    [0m [90m 384 |[39m         })[33m;[39m
     [90m 385 |[39m       
    [31m[1m>[22m[39m[90m 386 |[39m       expect(response[33m.[39mstatus
)[33m.[39mtoBe([35m201[39m)[33m;[39m
     [90m     |[39m                               [31m[1m^[22m[39m
     [90m 387 |[39m       expect(response[33m.[39mbody[33m.[39msuccess)[
33m.[39mtoBe([36mtrue[39m)[33m;[39m
     [90m 388 |[39m     })[33m;[39m
     [90m 389 |[39m[0m

      at Object.toBe (tests/auth.test.js:386:31)

  console.log
    [dotenv@17.2.3] injecting env (6) from .env -- tip: ÔÜÖ´©Å  override existing env vars with { override: true }

      at _log (node_modules/dotenv/lib/main.js:142:11)

  console.log
    [dotenv@17.2.3] injecting env (0) from .env -- tip: ÔÜÖ´©Å  specify custom .env file path with { path: '/custom/path/.env' }

      at _log (node_modules/dotenv/lib/main.js:142:11)

  console.log
    Ô£à Connected to SQLite database: C:\Users\justi\Nextcloud\school\Summa jaar 2 redo\API-basis\Project-Manga\config\anime_test.db

      at log (config/db.js:127:13)

  console.log
    [36m[REQUEST][0m POST /api/auth/register - IP: ::ffff:127.0.0.1

      at log (middleware/logger.js:76:11)

  console.log
    [90m  Body: {"username":"testuser_1775113152130","email":"test_1775113152130@example.com","password":"password123"}[0m

      at log (middleware/logger.js:82:13)

  console.log
    [32m[RESPONSE][0m POST /api/auth/register - 201 - 115ms

      at ServerResponse.log [as json] (middleware/logger.js:95:13)

  console.log
    [36m[REQUEST][0m GET /api/anime - IP: ::ffff:127.0.0.1

      at log (middleware/logger.js:76:11)

  console.log
    [32m[RESPONSE][0m GET /api/anime - 200 - 2ms

      at ServerResponse.log [as json] (middleware/logger.js:95:13)

  console.log
    [36m[REQUEST][0m POST /api/auth/register - IP: ::ffff:127.0.0.1

      at log (middleware/logger.js:76:11)

  console.log
    [90m  Body: {"username":"testuser_1775113152285","email":"test_1775113152285@example.com","password":"password123"}[0m

      at log (middleware/logger.js:82:13)

  console.log
    [32m[RESPONSE][0m POST /api/auth/register - 201 - 100ms

      at ServerResponse.log [as json] (middleware/logger.js:95:13)

  console.log
    [36m[REQUEST][0m GET /api/anime - IP: ::ffff:127.0.0.1

      at log (middleware/logger.js:76:11)

  console.log
    [32m[RESPONSE][0m GET /api/anime - 200 - 3ms

      at ServerResponse.log [as json] (middleware/logger.js:95:13)

  console.log
    [36m[REQUEST][0m POST /api/auth/register - IP: ::ffff:127.0.0.1

      at log (middleware/logger.js:76:11)

  console.log
    [90m  Body: {"username":"testuser_1775113152425","email":"test_1775113152425@example.com","password":"password123"}[0m

      at log (middleware/logger.js:82:13)

  console.log
    [32m[RESPONSE][0m POST /api/auth/register - 201 - 112ms

      at ServerResponse.log [as json] (middleware/logger.js:95:13)

  console.log
    [36m[REQUEST][0m GET /api/anime/1727 - IP: ::ffff:127.0.0.1

      at log (middleware/logger.js:76:11)

  console.log
    [32m[RESPONSE][0m GET /api/anime/1727 - 200 - 4ms

      at ServerResponse.log [as json] (middleware/logger.js:95:13)

  console.log
    [36m[REQUEST][0m POST /api/auth/register - IP: ::ffff:127.0.0.1

      at log (middleware/logger.js:76:11)

  console.log
    [90m  Body: {"username":"testuser_1775113152580","email":"test_1775113152580@example.com","password":"password123"}[0m

      at log (middleware/logger.js:82:13)

  console.log
    [32m[RESPONSE][0m POST /api/auth/register - 201 - 118ms

      at ServerResponse.log [as json] (middleware/logger.js:95:13)

  console.log
    [36m[REQUEST][0m GET /api/anime/9999 - IP: ::ffff:127.0.0.1

      at log (middleware/logger.js:76:11)

  console.log
    [33m[RESPONSE][0m GET /api/anime/9999 - 404 - 3ms

      at ServerResponse.log [as json] (middleware/logger.js:95:13)

  console.log
      [31mError: Anime not found[0m

      at ServerResponse.log [as json] (middleware/logger.js:101:15)

  console.log
    [36m[REQUEST][0m POST /api/auth/register - IP: ::ffff:127.0.0.1

      at log (middleware/logger.js:76:11)

  console.log
    [90m  Body: {"username":"testuser_1775113152720","email":"test_1775113152720@example.com","password":"password123"}[0m

      at log (middleware/logger.js:82:13)

  console.log
    [32m[RESPONSE][0m POST /api/auth/register - 201 - 129ms

      at ServerResponse.log [as json] (middleware/logger.js:95:13)

  console.log
    [36m[REQUEST][0m POST /api/anime - IP: ::ffff:127.0.0.1

      at log (middleware/logger.js:76:11)

  console.log
    [90m  Body: {"name":"Attack on Titan"}[0m

      at log (middleware/logger.js:82:13)

  console.log
    [33m[RESPONSE][0m POST /api/anime - 403 - 7ms

      at ServerResponse.log [as json] (middleware/logger.js:95:13)

  console.log
      [31mError: Admin access required[0m

      at ServerResponse.log [as json] (middleware/logger.js:101:15)

  console.log
    [36m[REQUEST][0m POST /api/auth/register - IP: ::ffff:127.0.0.1

      at log (middleware/logger.js:76:11)

  console.log
    [90m  Body: {"username":"testuser_1775113152888","email":"test_1775113152888@example.com","password":"password123"}[0m

      at log (middleware/logger.js:82:13)

  console.log
    [32m[RESPONSE][0m POST /api/auth/register - 201 - 144ms

      at ServerResponse.log [as json] (middleware/logger.js:95:13)

  console.log
    [36m[REQUEST][0m POST /api/anime - IP: ::ffff:127.0.0.1

      at log (middleware/logger.js:76:11)

  console.log
    [33m[RESPONSE][0m POST /api/anime - 403 - 4ms

      at ServerResponse.log [as json] (middleware/logger.js:95:13)

  console.log
      [31mError: Admin access required[0m

      at ServerResponse.log [as json] (middleware/logger.js:101:15)

  console.log
    [36m[REQUEST][0m POST /api/auth/register - IP: ::ffff:127.0.0.1

      at log (middleware/logger.js:76:11)

  console.log
    [90m  Body: {"username":"testuser_1775113153064","email":"test_1775113153064@example.com","password":"password123"}[0m

      at log (middleware/logger.js:82:13)

  console.log
    [32m[RESPONSE][0m POST /api/auth/register - 201 - 148ms

      at ServerResponse.log [as json] (middleware/logger.js:95:13)

  console.log
    [36m[REQUEST][0m POST /api/anime - IP: ::ffff:127.0.0.1

      at log (middleware/logger.js:76:11)

  console.log
    [90m  Body: {"name":"My Hero Academia"}[0m

      at log (middleware/logger.js:82:13)

  console.log
    [33m[RESPONSE][0m POST /api/anime - 403 - 5ms

      at ServerResponse.log [as json] (middleware/logger.js:95:13)

  console.log
      [31mError: Admin access required[0m

      at ServerResponse.log [as json] (middleware/logger.js:101:15)

  console.log
    [36m[REQUEST][0m POST /api/auth/register - IP: ::ffff:127.0.0.1

      at log (middleware/logger.js:76:11)

  console.log
    [90m  Body: {"username":"testuser_1775113153252","email":"test_1775113153252@example.com","password":"password123"}[0m

      at log (middleware/logger.js:82:13)

  console.log
    [32m[RESPONSE][0m POST /api/auth/register - 201 - 121ms

      at ServerResponse.log [as json] (middleware/logger.js:95:13)

  console.log
    [36m[REQUEST][0m PUT /api/anime/1729 - IP: ::ffff:127.0.0.1

      at log (middleware/logger.js:76:11)

  console.log
    [90m  Body: {"name":"New Name"}[0m

      at log (middleware/logger.js:82:13)

  console.log
    [33m[RESPONSE][0m PUT /api/anime/1729 - 403 - 2ms

      at ServerResponse.log [as json] (middleware/logger.js:95:13)

  console.log
      [31mError: Admin access required[0m

      at ServerResponse.log [as json] (middleware/logger.js:101:15)

  console.log
    [36m[REQUEST][0m POST /api/auth/register - IP: ::ffff:127.0.0.1

      at log (middleware/logger.js:76:11)

  console.log
    [90m  Body: {"username":"testuser_1775113153399","email":"test_1775113153399@example.com","password":"password123"}[0m

      at log (middleware/logger.js:82:13)

  console.log
    [32m[RESPONSE][0m POST /api/auth/register - 201 - 113ms

      at ServerResponse.log [as json] (middleware/logger.js:95:13)

  console.log
    [36m[REQUEST][0m PUT /api/anime/9999 - IP: ::ffff:127.0.0.1

      at log (middleware/logger.js:76:11)

  console.log
    [90m  Body: {"name":"Test"}[0m

      at log (middleware/logger.js:82:13)

  console.log
    [33m[RESPONSE][0m PUT /api/anime/9999 - 403 - 2ms

      at ServerResponse.log [as json] (middleware/logger.js:95:13)

  console.log
      [31mError: Admin access required[0m

      at ServerResponse.log [as json] (middleware/logger.js:101:15)

  console.log
    [36m[REQUEST][0m POST /api/auth/register - IP: ::ffff:127.0.0.1

      at log (middleware/logger.js:76:11)

  console.log
    [90m  Body: {"username":"testuser_1775113153537","email":"test_1775113153537@example.com","password":"password123"}[0m

      at log (middleware/logger.js:82:13)

  console.log
    [32m[RESPONSE][0m POST /api/auth/register - 201 - 113ms

      at ServerResponse.log [as json] (middleware/logger.js:95:13)

  console.log
    [36m[REQUEST][0m PUT /api/anime/1730 - IP: ::ffff:127.0.0.1

      at log (middleware/logger.js:76:11)

  console.log
    [33m[RESPONSE][0m PUT /api/anime/1730 - 403 - 1ms

      at ServerResponse.log [as json] (middleware/logger.js:95:13)

  console.log
      [31mError: Admin access required[0m

      at ServerResponse.log [as json] (middleware/logger.js:101:15)

  console.log
    [36m[REQUEST][0m POST /api/auth/register - IP: ::ffff:127.0.0.1

      at log (middleware/logger.js:76:11)

  console.log
    [90m  Body: {"username":"testuser_1775113153676","email":"test_1775113153676@example.com","password":"password123"}[0m

      at log (middleware/logger.js:82:13)

  console.log
    [32m[RESPONSE][0m POST /api/auth/register - 201 - 122ms

      at ServerResponse.log [as json] (middleware/logger.js:95:13)

  console.log
    [36m[REQUEST][0m DELETE /api/anime/1731 - IP: ::ffff:127.0.0.1

      at log (middleware/logger.js:76:11)

  console.log
    [33m[RESPONSE][0m DELETE /api/anime/1731 - 403 - 2ms

      at ServerResponse.log [as json] (middleware/logger.js:95:13)

  console.log
      [31mError: Admin access required[0m

      at ServerResponse.log [as json] (middleware/logger.js:101:15)

  console.log
    [36m[REQUEST][0m POST /api/auth/register - IP: ::ffff:127.0.0.1

      at log (middleware/logger.js:76:11)

  console.log
    [90m  Body: {"username":"testuser_1775113153825","email":"test_1775113153825@example.com","password":"password123"}[0m

      at log (middleware/logger.js:82:13)

  console.log
    [32m[RESPONSE][0m POST /api/auth/register - 201 - 112ms

      at ServerResponse.log [as json] (middleware/logger.js:95:13)

  console.log
    [36m[REQUEST][0m DELETE /api/anime/9999 - IP: ::ffff:127.0.0.1

      at log (middleware/logger.js:76:11)

  console.log
    [33m[RESPONSE][0m DELETE /api/anime/9999 - 403 - 4ms

      at ServerResponse.log [as json] (middleware/logger.js:95:13)

  console.log
      [31mError: Admin access required[0m

      at ServerResponse.log [as json] (middleware/logger.js:101:15)

  console.log
    [36m[REQUEST][0m POST /api/auth/register - IP: ::ffff:127.0.0.1

      at log (middleware/logger.js:76:11)

  console.log
    [90m  Body: {"username":"testuser_1775113153965","email":"test_1775113153965@example.com","password":"password123"}[0m

      at log (middleware/logger.js:82:13)

  console.log
    [32m[RESPONSE][0m POST /api/auth/register - 201 - 121ms

      at ServerResponse.log [as json] (middleware/logger.js:95:13)

  console.log
    [36m[REQUEST][0m DELETE /api/anime/1732 - IP: ::ffff:127.0.0.1

      at log (middleware/logger.js:76:11)

  console.log
    [33m[RESPONSE][0m DELETE /api/anime/1732 - 403 - 3ms

      at ServerResponse.log [as json] (middleware/logger.js:95:13)

  console.log
      [31mError: Admin access required[0m

      at ServerResponse.log [as json] (middleware/logger.js:101:15)

  console.log
    [36m[REQUEST][0m POST /api/auth/register - IP: ::ffff:127.0.0.1

      at log (middleware/logger.js:76:11)

  console.log
    [90m  Body: {"username":"testuser_1775113154125","email":"test_1775113154125@example.com","password":"password123"}[0m

      at log (middleware/logger.js:82:13)

  console.log
    [32m[RESPONSE][0m POST /api/auth/register - 201 - 103ms

      at ServerResponse.log [as json] (middleware/logger.js:95:13)

  console.log
    [36m[REQUEST][0m GET /api/search?q=Dragon - IP: ::ffff:127.0.0.1

      at log (middleware/logger.js:76:11)

  console.log
    [32m[RESPONSE][0m GET /api/search?q=Dragon - 200 - 2ms

      at ServerResponse.log [as json] (middleware/logger.js:95:13)

  console.log
    [36m[REQUEST][0m POST /api/auth/register - IP: ::ffff:127.0.0.1

      at log (middleware/logger.js:76:11)

  console.log
    [90m  Body: {"username":"testuser_1775113154265","email":"test_1775113154265@example.com","password":"password123"}[0m

      at log (middleware/logger.js:82:13)

  console.log
    [32m[RESPONSE][0m POST /api/auth/register - 201 - 111ms

      at ServerResponse.log [as json] (middleware/logger.js:95:13)

  console.log
    [36m[REQUEST][0m GET /api/search?q=NonExistent - IP: ::ffff:127.0.0.1

      at log (middleware/logger.js:76:11)

  console.log
    [32m[RESPONSE][0m GET /api/search?q=NonExistent - 200 - 4ms

      at ServerResponse.log [as json] (middleware/logger.js:95:13)

  console.log
    [36m[REQUEST][0m POST /api/auth/register - IP: ::ffff:127.0.0.1

      at log (middleware/logger.js:76:11)

  console.log
    [90m  Body: {"username":"testuser_1775113154405","email":"test_1775113154405@example.com","password":"password123"}[0m

      at log (middleware/logger.js:82:13)

  console.log
    [32m[RESPONSE][0m POST /api/auth/register - 201 - 125ms

      at ServerResponse.log [as json] (middleware/logger.js:95:13)

  console.log
    [36m[REQUEST][0m GET /api/search - IP: ::ffff:127.0.0.1

      at log (middleware/logger.js:76:11)

  console.log
    [33m[RESPONSE][0m GET /api/search - 400 - 2ms

      at ServerResponse.log [as json] (middleware/logger.js:95:13)

  console.log
      [31mError: Search query is required[0m

      at ServerResponse.log [as json] (middleware/logger.js:101:15)

FAIL tests/anime.test.js
  Anime API Endpoints
    GET /api/anime
      ÔêÜ Should return empty array when no anime exist (157 ms)
      ÔêÜ Should return all anime with their characters (131 ms)
    GET /api/anime/:id
      ÔêÜ Should return specific anime with characters (153 ms)
      ÔêÜ Should return 404 when anime does not exist (147 ms)
    POST /api/anime
      ├ù Should create new anime successfully (165 ms)
      ├ù Should return 400 when name is missing (176 ms)
      ├ù Should return 409 when anime name already exists (182 ms)
    PUT /api/anime/:id
      ├ù Should update anime successfully (151 ms)
      ├ù Should return 404 when updating non-existent anime (138 ms)
      ├ù Should return 400 when name is missing (138 ms)
    DELETE /api/anime/:id
      ├ù Should delete anime successfully (147 ms)
      ├ù Should return 404 when deleting non-existent anime (141 ms)
      ├ù Should cascade delete characters when anime is deleted (155 ms)
    GET /api/search
      ÔêÜ Should search anime by name (140 ms)
      ÔêÜ Should return empty array when no matches found (141 ms)
      ÔêÜ Should return 400 when search query is missing (149 ms)

  ÔùÅ Anime API Endpoints ÔÇ║ POST /api/anime ÔÇ║ Should create new anime succe
ssfully

    expect(received).toBe(expected) // Object.is equality

    Expected: 201
    Received: 403

    [0m [90m 108 |[39m         [33m.[39msend(newAnime)[33m;[39m
     [90m 109 |[39m       
    [31m[1m>[22m[39m[90m 110 |[39m       expect(response[33m.[39mstatus
)[33m.[39mtoBe([35m201[39m)[33m;[39m
     [90m     |[39m                               [31m[1m^[22m[39m
     [90m 111 |[39m       expect(response[33m.[39mbody[33m.[39msuccess)[
33m.[39mtoBe([36mtrue[39m)[33m;[39m
     [90m 112 |[39m       expect(response[33m.[39mbody[33m.[39mmessage)[
33m.[39mtoBe([32m'Anime created successfully'[39m)[33m;[39m
     [90m 113 |[39m       expect(response[33m.[39mbody[33m.[39mdata)[33m
.[39mtoHaveProperty([32m'id'[39m)[33m;[39m[0m

      at Object.toBe (tests/anime.test.js:110:31)

  ÔùÅ Anime API Endpoints ÔÇ║ POST /api/anime ÔÇ║ Should return 400 when name i
s missing

    expect(received).toBe(expected) // Object.is equality

    Expected: 400
    Received: 403

    [0m [90m 121 |[39m         [33m.[39msend({})[33m;[39m
     [90m 122 |[39m       
    [31m[1m>[22m[39m[90m 123 |[39m       expect(response[33m.[39mstatus
)[33m.[39mtoBe([35m400[39m)[33m;[39m
     [90m     |[39m                               [31m[1m^[22m[39m
     [90m 124 |[39m       expect(response[33m.[39mbody[33m.[39msuccess)[
33m.[39mtoBe([36mfalse[39m)[33m;[39m
     [90m 125 |[39m       expect(response[33m.[39mbody[33m.[39mmessage)[
33m.[39mtoBe([32m'Anime name is required'[39m)[33m;[39m
     [90m 126 |[39m     })[33m;[39m[0m

      at Object.toBe (tests/anime.test.js:123:31)

  ÔùÅ Anime API Endpoints ÔÇ║ POST /api/anime ÔÇ║ Should return 409 when anime 
name already exists

    expect(received).toBe(expected) // Object.is equality

    Expected: 409
    Received: 403

    [0m [90m 134 |[39m         [33m.[39msend({ name[33m:[39m [32m'My He
ro Academia'[39m })[33m;[39m
     [90m 135 |[39m       
    [31m[1m>[22m[39m[90m 136 |[39m       expect(response[33m.[39mstatus
)[33m.[39mtoBe([35m409[39m)[33m;[39m
     [90m     |[39m                               [31m[1m^[22m[39m
     [90m 137 |[39m       expect(response[33m.[39mbody[33m.[39msuccess)[
33m.[39mtoBe([36mfalse[39m)[33m;[39m
     [90m 138 |[39m       expect(response[33m.[39mbody[33m.[39mmessage)[
33m.[39mtoBe([32m'An anime with this name already exists'[39m)[33m;[39m
     [90m 139 |[39m     })[33m;[39m[0m

      at Object.toBe (tests/anime.test.js:136:31)

  ÔùÅ Anime API Endpoints ÔÇ║ PUT /api/anime/:id ÔÇ║ Should update anime succes
sfully

    expect(received).toBe(expected) // Object.is equality

    Expected: 200
    Received: 403

    [0m [90m 151 |[39m         [33m.[39msend({ name[33m:[39m [32m'New N
ame'[39m })[33m;[39m
     [90m 152 |[39m       
    [31m[1m>[22m[39m[90m 153 |[39m       expect(response[33m.[39mstatus
)[33m.[39mtoBe([35m200[39m)[33m;[39m
     [90m     |[39m                               [31m[1m^[22m[39m
     [90m 154 |[39m       expect(response[33m.[39mbody[33m.[39msuccess)[
33m.[39mtoBe([36mtrue[39m)[33m;[39m
     [90m 155 |[39m       expect(response[33m.[39mbody[33m.[39mmessage)[
33m.[39mtoBe([32m'Anime updated successfully'[39m)[33m;[39m
     [90m 156 |[39m       expect(response[33m.[39mbody[33m.[39mdata[33m.
[39mname)[33m.[39mtoBe([32m'New Name'[39m)[33m;[39m[0m

      at Object.toBe (tests/anime.test.js:153:31)

  ÔùÅ Anime API Endpoints ÔÇ║ PUT /api/anime/:id ÔÇ║ Should return 404 when upd
ating non-existent anime

    expect(received).toBe(expected) // Object.is equality

    Expected: 404
    Received: 403

    [0m [90m 163 |[39m         [33m.[39msend({ name[33m:[39m [32m'Test'
[39m })[33m;[39m
     [90m 164 |[39m       
    [31m[1m>[22m[39m[90m 165 |[39m       expect(response[33m.[39mstatus
)[33m.[39mtoBe([35m404[39m)[33m;[39m
     [90m     |[39m                               [31m[1m^[22m[39m
     [90m 166 |[39m       expect(response[33m.[39mbody[33m.[39msuccess)[
33m.[39mtoBe([36mfalse[39m)[33m;[39m
     [90m 167 |[39m       expect(response[33m.[39mbody[33m.[39mmessage)[
33m.[39mtoBe([32m'Anime not found'[39m)[33m;[39m
     [90m 168 |[39m     })[33m;[39m[0m

      at Object.toBe (tests/anime.test.js:165:31)

  ÔùÅ Anime API Endpoints ÔÇ║ PUT /api/anime/:id ÔÇ║ Should return 400 when nam
e is missing

    expect(received).toBe(expected) // Object.is equality

    Expected: 400
    Received: 403

    [0m [90m 176 |[39m         [33m.[39msend({})[33m;[39m
     [90m 177 |[39m       
    [31m[1m>[22m[39m[90m 178 |[39m       expect(response[33m.[39mstatus
)[33m.[39mtoBe([35m400[39m)[33m;[39m
     [90m     |[39m                               [31m[1m^[22m[39m
     [90m 179 |[39m       expect(response[33m.[39mbody[33m.[39msuccess)[
33m.[39mtoBe([36mfalse[39m)[33m;[39m
     [90m 180 |[39m     })[33m;[39m
     [90m 181 |[39m   })[33m;[39m[0m

      at Object.toBe (tests/anime.test.js:178:31)

  ÔùÅ Anime API Endpoints ÔÇ║ DELETE /api/anime/:id ÔÇ║ Should delete anime suc
cessfully

    expect(received).toBe(expected) // Object.is equality

    Expected: 200
    Received: 403

    [0m [90m 191 |[39m         [33m.[39m[36mset[39m([32m'Authorization'
[39m[33m,[39m [32m`Bearer ${authToken}`[39m)[33m;[39m
     [90m 192 |[39m       
    [31m[1m>[22m[39m[90m 193 |[39m       expect(response[33m.[39mstatus
)[33m.[39mtoBe([35m200[39m)[33m;[39m
     [90m     |[39m                               [31m[1m^[22m[39m
     [90m 194 |[39m       expect(response[33m.[39mbody[33m.[39msuccess)[
33m.[39mtoBe([36mtrue[39m)[33m;[39m
     [90m 195 |[39m       expect(response[33m.[39mbody[33m.[39mmessage)[
33m.[39mtoBe([32m'Anime deleted successfully'[39m)[33m;[39m
     [90m 196 |[39m     })[33m;[39m[0m

      at Object.toBe (tests/anime.test.js:193:31)

  ÔùÅ Anime API Endpoints ÔÇ║ DELETE /api/anime/:id ÔÇ║ Should return 404 when 
deleting non-existent anime

    expect(received).toBe(expected) // Object.is equality

    Expected: 404
    Received: 403

    [0m [90m 201 |[39m         [33m.[39m[36mset[39m([32m'Authorization'
[39m[33m,[39m [32m`Bearer ${authToken}`[39m)[33m;[39m
     [90m 202 |[39m       
    [31m[1m>[22m[39m[90m 203 |[39m       expect(response[33m.[39mstatus
)[33m.[39mtoBe([35m404[39m)[33m;[39m
     [90m     |[39m                               [31m[1m^[22m[39m
     [90m 204 |[39m       expect(response[33m.[39mbody[33m.[39msuccess)[
33m.[39mtoBe([36mfalse[39m)[33m;[39m
     [90m 205 |[39m       expect(response[33m.[39mbody[33m.[39mmessage)[
33m.[39mtoBe([32m'Anime not found'[39m)[33m;[39m
     [90m 206 |[39m     })[33m;[39m[0m

      at Object.toBe (tests/anime.test.js:203:31)

  ÔùÅ Anime API Endpoints ÔÇ║ DELETE /api/anime/:id ÔÇ║ Should cascade delete c
haracters when anime is deleted

    expect(received).toHaveLength(expected)

    Expected length: 0
    Received length: 2
    Received array:  [{"anime_id": 1732, "created_at": "2026-04-02 06:59:14", "
id": 532, "name": "Character 1", "updated_at": "2026-04-02 06:59:14"}, {"anime_
id": 1732, "created_at": "2026-04-02 06:59:14", "id": 533, "name": "Character 2
", "updated_at": "2026-04-02 06:59:14"}]

    [0m [90m 217 |[39m       
     [90m 218 |[39m       [36mconst[39m [characters] [33m=[39m [36mawait
[39m db[33m.[39mquery([32m'SELECT * FROM characters WHERE anime_id = ?'[39
m[33m,[39m [animeId])[33m;[39m
    [31m[1m>[22m[39m[90m 219 |[39m       expect(characters)[33m.[39mtoH
aveLength([35m0[39m)[33m;[39m
     [90m     |[39m                          [31m[1m^[22m[39m
     [90m 220 |[39m     })[33m;[39m
     [90m 221 |[39m   })[33m;[39m
     [90m 222 |[39m[0m

      at Object.toHaveLength (tests/anime.test.js:219:26)

  console.log
    [dotenv@17.2.3] injecting env (6) from .env -- tip: ­ƒöä add secrets lifecycle management: https://dotenvx.com/ops

      at _log (node_modules/dotenv/lib/main.js:142:11)

  console.log
    [dotenv@17.2.3] injecting env (0) from .env -- tip: ­ƒôí add observability to secrets: https://dotenvx.com/ops

      at _log (node_modules/dotenv/lib/main.js:142:11)

  console.log
    Ô£à Connected to SQLite database: C:\Users\justi\Nextcloud\school\Summa jaar 2 redo\API-basis\Project-Manga\config\anime_test.db

      at log (config/db.js:127:13)

  console.log
    [36m[REQUEST][0m GET /api/anime/1737/ratings - IP: ::ffff:127.0.0.1

      at log (middleware/logger.js:76:11)

  console.log
    [32m[RESPONSE][0m GET /api/anime/1737/ratings - 200 - 8ms

      at ServerResponse.log [as json] (middleware/logger.js:95:13)

  console.log
    [36m[REQUEST][0m POST /api/auth/register - IP: ::ffff:127.0.0.1

      at log (middleware/logger.js:76:11)

  console.log
    [90m  Body: {"username":"user_1","email":"user_1@example.com","password":"password123"}[0m

      at log (middleware/logger.js:82:13)

  console.log
    [32m[RESPONSE][0m POST /api/auth/register - 201 - 137ms

      at ServerResponse.log [as json] (middleware/logger.js:95:13)

  console.log
    [36m[REQUEST][0m POST /api/auth/register - IP: ::ffff:127.0.0.1

      at log (middleware/logger.js:76:11)

  console.log
    [90m  Body: {"username":"user_2","email":"user_2@example.com","password":"password123"}[0m

      at log (middleware/logger.js:82:13)

  console.log
    [32m[RESPONSE][0m POST /api/auth/register - 201 - 107ms

      at ServerResponse.log [as json] (middleware/logger.js:95:13)

  console.log
    [36m[REQUEST][0m POST /api/anime/1738/ratings - IP: ::ffff:127.0.0.1

      at log (middleware/logger.js:76:11)

  console.log
    [90m  Body: {"rating":8,"review":"Great anime!"}[0m

      at log (middleware/logger.js:82:13)

  console.log
    [32m[RESPONSE][0m POST /api/anime/1738/ratings - 201 - 14ms

      at ServerResponse.log [as json] (middleware/logger.js:95:13)

  console.log
    [36m[REQUEST][0m POST /api/anime/1738/ratings - IP: ::ffff:127.0.0.1

      at log (middleware/logger.js:76:11)

  console.log
    [90m  Body: {"rating":6}[0m

      at log (middleware/logger.js:82:13)

  console.log
    [32m[RESPONSE][0m POST /api/anime/1738/ratings - 201 - 7ms

      at ServerResponse.log [as json] (middleware/logger.js:95:13)

  console.log
    [36m[REQUEST][0m GET /api/anime/1738/ratings - IP: ::ffff:127.0.0.1

      at log (middleware/logger.js:76:11)

  console.log
    [32m[RESPONSE][0m GET /api/anime/1738/ratings - 200 - 3ms

      at ServerResponse.log [as json] (middleware/logger.js:95:13)

  console.log
    [36m[REQUEST][0m GET /api/anime/9999/ratings - IP: ::ffff:127.0.0.1

      at log (middleware/logger.js:76:11)

  console.log
    [33m[RESPONSE][0m GET /api/anime/9999/ratings - 404 - 3ms

      at ServerResponse.log [as json] (middleware/logger.js:95:13)

  console.log
      [31mError: Anime not found[0m

      at ServerResponse.log [as json] (middleware/logger.js:101:15)

  console.log
    [36m[REQUEST][0m GET /api/anime/abc/ratings - IP: ::ffff:127.0.0.1

      at log (middleware/logger.js:76:11)

  console.log
    [33m[RESPONSE][0m GET /api/anime/abc/ratings - 400 - 3ms

      at ServerResponse.log [as json] (middleware/logger.js:95:13)

  console.log
      [31mError: Invalid anime ID format[0m

      at ServerResponse.log [as json] (middleware/logger.js:101:15)

  console.log
    [36m[REQUEST][0m POST /api/auth/register - IP: ::ffff:127.0.0.1

      at log (middleware/logger.js:76:11)

  console.log
    [90m  Body: {"username":"user_1775113155736","email":"user_1775113155736@example.com","password":"password123"}[0m

      at log (middleware/logger.js:82:13)

  console.log
    [32m[RESPONSE][0m POST /api/auth/register - 201 - 115ms

      at ServerResponse.log [as json] (middleware/logger.js:95:13)

  console.log
    [36m[REQUEST][0m POST /api/anime/1739/ratings - IP: ::ffff:127.0.0.1

      at log (middleware/logger.js:76:11)

  console.log
    [90m  Body: {"rating":9,"review":"Excellent!"}[0m

      at log (middleware/logger.js:82:13)

  console.log
    [32m[RESPONSE][0m POST /api/anime/1739/ratings - 201 - 8ms

      at ServerResponse.log [as json] (middleware/logger.js:95:13)

  console.log
    [36m[REQUEST][0m POST /api/auth/register - IP: ::ffff:127.0.0.1

      at log (middleware/logger.js:76:11)

  console.log
    [90m  Body: {"username":"user_1775113155885","email":"user_1775113155885@example.com","password":"password123"}[0m

      at log (middleware/logger.js:82:13)

  console.log
    [32m[RESPONSE][0m POST /api/auth/register - 201 - 117ms

      at ServerResponse.log [as json] (middleware/logger.js:95:13)

  console.log
    [36m[REQUEST][0m POST /api/anime/1740/ratings - IP: ::ffff:127.0.0.1

      at log (middleware/logger.js:76:11)

  console.log
    [90m  Body: {"rating":7}[0m

      at log (middleware/logger.js:82:13)

  console.log
    [32m[RESPONSE][0m POST /api/anime/1740/ratings - 201 - 8ms

      at ServerResponse.log [as json] (middleware/logger.js:95:13)

  console.log
    [36m[REQUEST][0m POST /api/anime/1741/ratings - IP: ::ffff:127.0.0.1

      at log (middleware/logger.js:76:11)

  console.log
    [90m  Body: {"rating":8}[0m

      at log (middleware/logger.js:82:13)

  console.log
    [33m[RESPONSE][0m POST /api/anime/1741/ratings - 401 - 3ms

      at ServerResponse.log [as json] (middleware/logger.js:95:13)

  console.log
      [31mError: No authorization token provided[0m

      at ServerResponse.log [as json] (middleware/logger.js:101:15)

  console.log
    [36m[REQUEST][0m POST /api/auth/register - IP: ::ffff:127.0.0.1

      at log (middleware/logger.js:76:11)

  console.log
    [90m  Body: {"username":"user_1775113156058","email":"user_1775113156058@example.com","password":"password123"}[0m

      at log (middleware/logger.js:82:13)

  console.log
    [32m[RESPONSE][0m POST /api/auth/register - 201 - 110ms

      at ServerResponse.log [as json] (middleware/logger.js:95:13)

  console.log
    [36m[REQUEST][0m POST /api/anime/1742/ratings - IP: ::ffff:127.0.0.1

      at log (middleware/logger.js:76:11)

  console.log
    [33m[RESPONSE][0m POST /api/anime/1742/ratings - 400 - 4ms

      at ServerResponse.log [as json] (middleware/logger.js:95:13)

  console.log
      [31mError: Rating is required[0m

      at ServerResponse.log [as json] (middleware/logger.js:101:15)

  console.log
    [36m[REQUEST][0m POST /api/auth/register - IP: ::ffff:127.0.0.1

      at log (middleware/logger.js:76:11)

  console.log
    [90m  Body: {"username":"user_1775113156196","email":"user_1775113156196@example.com","password":"password123"}[0m

      at log (middleware/logger.js:82:13)

  console.log
    [32m[RESPONSE][0m POST /api/auth/register - 201 - 122ms

      at ServerResponse.log [as json] (middleware/logger.js:95:13)

  console.log
    [36m[REQUEST][0m POST /api/anime/1743/ratings - IP: ::ffff:127.0.0.1

      at log (middleware/logger.js:76:11)

  console.log
    [90m  Body: {"rating":0}[0m

      at log (middleware/logger.js:82:13)

  console.log
    [33m[RESPONSE][0m POST /api/anime/1743/ratings - 400 - 5ms

      at ServerResponse.log [as json] (middleware/logger.js:95:13)

  console.log
      [31mError: Rating must be between 1 and 10[0m

      at ServerResponse.log [as json] (middleware/logger.js:101:15)

  console.log
    [36m[REQUEST][0m POST /api/auth/register - IP: ::ffff:127.0.0.1

      at log (middleware/logger.js:76:11)

  console.log
    [90m  Body: {"username":"user_1775113156354","email":"user_1775113156354@example.com","password":"password123"}[0m

      at log (middleware/logger.js:82:13)

  console.log
    [32m[RESPONSE][0m POST /api/auth/register - 201 - 129ms

      at ServerResponse.log [as json] (middleware/logger.js:95:13)

  console.log
    [36m[REQUEST][0m POST /api/anime/1744/ratings - IP: ::ffff:127.0.0.1

      at log (middleware/logger.js:76:11)

  console.log
    [90m  Body: {"rating":11}[0m

      at log (middleware/logger.js:82:13)

  console.log
    [33m[RESPONSE][0m POST /api/anime/1744/ratings - 400 - 5ms

      at ServerResponse.log [as json] (middleware/logger.js:95:13)

  console.log
      [31mError: Rating must be between 1 and 10[0m

      at ServerResponse.log [as json] (middleware/logger.js:101:15)

  console.log
    [36m[REQUEST][0m POST /api/auth/register - IP: ::ffff:127.0.0.1

      at log (middleware/logger.js:76:11)

  console.log
    [90m  Body: {"username":"user_1775113156512","email":"user_1775113156512@example.com","password":"password123"}[0m

      at log (middleware/logger.js:82:13)

  console.log
    [32m[RESPONSE][0m POST /api/auth/register - 201 - 129ms

      at ServerResponse.log [as json] (middleware/logger.js:95:13)

  console.log
    [36m[REQUEST][0m POST /api/anime/1745/ratings - IP: ::ffff:127.0.0.1

      at log (middleware/logger.js:76:11)

  console.log
    [90m  Body: {"rating":7.5}[0m

      at log (middleware/logger.js:82:13)

  console.log
    [33m[RESPONSE][0m POST /api/anime/1745/ratings - 400 - 3ms

      at ServerResponse.log [as json] (middleware/logger.js:95:13)

  console.log
      [31mError: Rating must be an integer[0m

      at ServerResponse.log [as json] (middleware/logger.js:101:15)

  console.log
    [36m[REQUEST][0m POST /api/auth/register - IP: ::ffff:127.0.0.1

      at log (middleware/logger.js:76:11)

  console.log
    [90m  Body: {"username":"user_1775113156671","email":"user_1775113156671@example.com","password":"password123"}[0m

      at log (middleware/logger.js:82:13)

  console.log
    [32m[RESPONSE][0m POST /api/auth/register - 201 - 132ms

      at ServerResponse.log [as json] (middleware/logger.js:95:13)

  console.log
    [36m[REQUEST][0m POST /api/anime/1746/ratings - IP: ::ffff:127.0.0.1

      at log (middleware/logger.js:76:11)

  console.log
    [90m  Body: {"rating":8}[0m

      at log (middleware/logger.js:82:13)

  console.log
    [32m[RESPONSE][0m POST /api/anime/1746/ratings - 201 - 11ms

      at ServerResponse.log [as json] (middleware/logger.js:95:13)

  console.log
    [36m[REQUEST][0m POST /api/anime/1746/ratings - IP: ::ffff:127.0.0.1

      at log (middleware/logger.js:76:11)

  console.log
    [90m  Body: {"rating":9}[0m

      at log (middleware/logger.js:82:13)

  console.log
    [33m[RESPONSE][0m POST /api/anime/1746/ratings - 409 - 4ms

      at ServerResponse.log [as json] (middleware/logger.js:95:13)

  console.log
      [31mError: You have already rated this anime. Use PUT to update your rating.[0m

      at ServerResponse.log [as json] (middleware/logger.js:101:15)

  console.log
    [36m[REQUEST][0m POST /api/auth/register - IP: ::ffff:127.0.0.1

      at log (middleware/logger.js:76:11)

  console.log
    [90m  Body: {"username":"user_1775113156854","email":"user_1775113156854@example.com","password":"password123"}[0m

      at log (middleware/logger.js:82:13)

  console.log
    [32m[RESPONSE][0m POST /api/auth/register - 201 - 128ms

      at ServerResponse.log [as json] (middleware/logger.js:95:13)

  console.log
    [36m[REQUEST][0m POST /api/anime/9999/ratings - IP: ::ffff:127.0.0.1

      at log (middleware/logger.js:76:11)

  console.log
    [90m  Body: {"rating":8}[0m

      at log (middleware/logger.js:82:13)

  console.log
    [33m[RESPONSE][0m POST /api/anime/9999/ratings - 404 - 2ms

      at ServerResponse.log [as json] (middleware/logger.js:95:13)

  console.log
      [31mError: Anime not found[0m

      at ServerResponse.log [as json] (middleware/logger.js:101:15)

  console.log
    [36m[REQUEST][0m POST /api/auth/register - IP: ::ffff:127.0.0.1

      at log (middleware/logger.js:76:11)

  console.log
    [90m  Body: {"username":"user_1775113157002","email":"user_1775113157002@example.com","password":"password123"}[0m

      at log (middleware/logger.js:82:13)

  console.log
    [32m[RESPONSE][0m POST /api/auth/register - 201 - 106ms

      at ServerResponse.log [as json] (middleware/logger.js:95:13)

  console.log
    [36m[REQUEST][0m POST /api/anime/1747/ratings - IP: ::ffff:127.0.0.1

      at log (middleware/logger.js:76:11)

  console.log
    [90m  Body: {"rating":8,"review":"aaaaaaaaaaaaaaaaaaaaaaaaaaaaaaaaaaaaaaaaaaaaaaaaaaaaaaaaaaaaaaaaaaaaaaaaaaaaaaaaaaaaaaaaaaaaaaaaaaaaaaaaaaaaaaaaaaaaaaaaaaaaaaaaaaaaaaaaaaaaaaaaaaaaaaaaaaaaaaaaaaaaaaaaaaaaaaaaaaaaaaaaaaaaaaaaaaaaaaaaaaaaaaaaaaaaaaaaaaaaaaaaaaaaaaaaaaaaaaaaaaaaaaaaaaaaaaaaaaaaaaaaaaaaaaaaaaaaaaaaaaaaaaaaaaaaaaaaaaaaaaaaaaaaaaaaaaaaaaaaaaaaaaaaaaaaaaaaaaaaaaaaaaaaaaaaaaaaaaaaaaaaaaaaaaaaaaaaaaaaaaaaaaaaaaaaaaaaaaaaaaaaaaaaaaaaaaaaaaaaaaaaaaaaaaaaaaaaaaaaaaaaaaaaaaaaaaaaaaaaaaaaaaaaaaaaaaaaaaaaaaaaaaaaaaaaaaaaaaaaaaaaaaaaaaaaaaaaaaaaaaaaaaaaaaaaaaaaaaaaaaaaaaaaaaaaaaaaaaaaaaaaaaaaaaaaaaaaaaaaaaaaaaaaaaaaaaaaaaaaaaaaaaaaaaaaaaaaaaaaaaaaaaaaaaaaaaaaaaaaaaaaaaaaaaaaaaaaaaaaaaaaaaaaaaaaaaaaaaaaaaaaaaaaaaaaaaaaaaaaaaaaaaaaaaaaaaaaaaaaaaaaaaaaaaaaaaaaaaaaaaaaaaaaaaaaaaaaaaaaaaaaaaaaaaaaaaaaaaaaaaaaaaaaaaaaaaaaaaaaaaaaaaaaaaaaaaaaaaaaaaaaaaaaaaaaaaaaaaaaaaaaaaaaaaaaaaaaaaaaaaaaaaaaaaaaaaaaaaaaaaaaaaaaaaaaaaaaaaaaaaaaaaaaaaaaaaaaaaaaaaaaaaaaaaaaaaaaaaaaaaaaaaaaaaaaaaaaaaaaaaaaaaaaaaaaaaaaaaaaaaaaaaaaaaaaaaaaaaaaa"}[0m

      at log (middleware/logger.js:82:13)

  console.log
    [33m[RESPONSE][0m POST /api/anime/1747/ratings - 400 - 2ms

      at ServerResponse.log [as json] (middleware/logger.js:95:13)

  console.log
      [31mError: Review must be less than 1000 characters[0m

      at ServerResponse.log [as json] (middleware/logger.js:101:15)

  console.log
    [36m[REQUEST][0m POST /api/auth/register - IP: ::ffff:127.0.0.1

      at log (middleware/logger.js:76:11)

  console.log
    [90m  Body: {"username":"user_1775113157131","email":"user_1775113157131@example.com","password":"password123"}[0m

      at log (middleware/logger.js:82:13)

  console.log
    [32m[RESPONSE][0m POST /api/auth/register - 201 - 94ms

      at ServerResponse.log [as json] (middleware/logger.js:95:13)

  console.log
    [36m[REQUEST][0m POST /api/anime/1748/ratings - IP: ::ffff:127.0.0.1

      at log (middleware/logger.js:76:11)

  console.log
    [90m  Body: {"rating":7,"review":"Good"}[0m

      at log (middleware/logger.js:82:13)

  console.log
    [32m[RESPONSE][0m POST /api/anime/1748/ratings - 201 - 6ms

      at ServerResponse.log [as json] (middleware/logger.js:95:13)

  console.log
    [36m[REQUEST][0m PUT /api/anime/1748/ratings/210 - IP: ::ffff:127.0.0.1

      at log (middleware/logger.js:76:11)

  console.log
    [90m  Body: {"rating":9,"review":"Actually great!"}[0m

      at log (middleware/logger.js:82:13)

  console.log
    [32m[RESPONSE][0m PUT /api/anime/1748/ratings/210 - 200 - 9ms

      at ServerResponse.log [as json] (middleware/logger.js:95:13)

  console.log
    [36m[REQUEST][0m PUT /api/anime/1/ratings/1 - IP: ::ffff:127.0.0.1

      at log (middleware/logger.js:76:11)

  console.log
    [90m  Body: {"rating":9}[0m

      at log (middleware/logger.js:82:13)

  console.log
    [33m[RESPONSE][0m PUT /api/anime/1/ratings/1 - 401 - 4ms

      at ServerResponse.log [as json] (middleware/logger.js:95:13)

  console.log
      [31mError: No authorization token provided[0m

      at ServerResponse.log [as json] (middleware/logger.js:101:15)

  console.log
    [36m[REQUEST][0m POST /api/auth/register - IP: ::ffff:127.0.0.1

      at log (middleware/logger.js:76:11)

  console.log
    [90m  Body: {"username":"user_1","email":"user_1@example.com","password":"password123"}[0m

      at log (middleware/logger.js:82:13)

  console.log
    [32m[RESPONSE][0m POST /api/auth/register - 201 - 114ms

      at ServerResponse.log [as json] (middleware/logger.js:95:13)

  console.log
    [36m[REQUEST][0m POST /api/auth/register - IP: ::ffff:127.0.0.1

      at log (middleware/logger.js:76:11)

  console.log
    [90m  Body: {"username":"user_2","email":"user_2@example.com","password":"password123"}[0m

      at log (middleware/logger.js:82:13)

  console.log
    [32m[RESPONSE][0m POST /api/auth/register - 201 - 95ms

      at ServerResponse.log [as json] (middleware/logger.js:95:13)

  console.log
    [36m[REQUEST][0m POST /api/anime/1749/ratings - IP: ::ffff:127.0.0.1

      at log (middleware/logger.js:76:11)

  console.log
    [90m  Body: {"rating":7}[0m

      at log (middleware/logger.js:82:13)

  console.log
    [32m[RESPONSE][0m POST /api/anime/1749/ratings - 201 - 5ms

      at ServerResponse.log [as json] (middleware/logger.js:95:13)

  console.log
    [36m[REQUEST][0m PUT /api/anime/1749/ratings/211 - IP: ::ffff:127.0.0.1

      at log (middleware/logger.js:76:11)

  console.log
    [90m  Body: {"rating":9}[0m

      at log (middleware/logger.js:82:13)

  console.log
    [33m[RESPONSE][0m PUT /api/anime/1749/ratings/211 - 403 - 3ms

      at ServerResponse.log [as json] (middleware/logger.js:95:13)

  console.log
      [31mError: You can only update your own ratings[0m

      at ServerResponse.log [as json] (middleware/logger.js:101:15)

  console.log
    [36m[REQUEST][0m POST /api/auth/register - IP: ::ffff:127.0.0.1

      at log (middleware/logger.js:76:11)

  console.log
    [90m  Body: {"username":"user_1775113157534","email":"user_1775113157534@example.com","password":"password123"}[0m

      at log (middleware/logger.js:82:13)

  console.log
    [32m[RESPONSE][0m POST /api/auth/register - 201 - 113ms

      at ServerResponse.log [as json] (middleware/logger.js:95:13)

  console.log
    [36m[REQUEST][0m PUT /api/anime/1750/ratings/9999 - IP: ::ffff:127.0.0.1

      at log (middleware/logger.js:76:11)

  console.log
    [90m  Body: {"rating":8}[0m

      at log (middleware/logger.js:82:13)

  console.log
    [33m[RESPONSE][0m PUT /api/anime/1750/ratings/9999 - 404 - 4ms

      at ServerResponse.log [as json] (middleware/logger.js:95:13)

  console.log
      [31mError: Rating not found[0m

      at ServerResponse.log [as json] (middleware/logger.js:101:15)

  console.log
    [36m[REQUEST][0m POST /api/auth/register - IP: ::ffff:127.0.0.1

      at log (middleware/logger.js:76:11)

  console.log
    [90m  Body: {"username":"user_1775113157671","email":"user_1775113157671@example.com","password":"password123"}[0m

      at log (middleware/logger.js:82:13)

  console.log
    [32m[RESPONSE][0m POST /api/auth/register - 201 - 113ms

      at ServerResponse.log [as json] (middleware/logger.js:95:13)

  console.log
    [36m[REQUEST][0m POST /api/anime/1751/ratings - IP: ::ffff:127.0.0.1

      at log (middleware/logger.js:76:11)

  console.log
    [90m  Body: {"rating":7}[0m

      at log (middleware/logger.js:82:13)

  console.log
    [32m[RESPONSE][0m POST /api/anime/1751/ratings - 201 - 10ms

      at ServerResponse.log [as json] (middleware/logger.js:95:13)

  console.log
    [36m[REQUEST][0m PUT /api/anime/1751/ratings/212 - IP: ::ffff:127.0.0.1

      at log (middleware/logger.js:76:11)

  console.log
    [90m  Body: {"rating":15}[0m

      at log (middleware/logger.js:82:13)

  console.log
    [33m[RESPONSE][0m PUT /api/anime/1751/ratings/212 - 400 - 3ms

      at ServerResponse.log [as json] (middleware/logger.js:95:13)

  console.log
      [31mError: Rating must be between 1 and 10[0m

      at ServerResponse.log [as json] (middleware/logger.js:101:15)

  console.log
    [36m[REQUEST][0m POST /api/auth/register - IP: ::ffff:127.0.0.1

      at log (middleware/logger.js:76:11)

  console.log
    [90m  Body: {"username":"user_1775113157825","email":"user_1775113157825@example.com","password":"password123"}[0m

      at log (middleware/logger.js:82:13)

  console.log
    [32m[RESPONSE][0m POST /api/auth/register - 201 - 114ms

      at ServerResponse.log [as json] (middleware/logger.js:95:13)

  console.log
    [36m[REQUEST][0m POST /api/anime/1752/ratings - IP: ::ffff:127.0.0.1

      at log (middleware/logger.js:76:11)

  console.log
    [90m  Body: {"rating":8}[0m

      at log (middleware/logger.js:82:13)

  console.log
    [32m[RESPONSE][0m POST /api/anime/1752/ratings - 201 - 9ms

      at ServerResponse.log [as json] (middleware/logger.js:95:13)

  console.log
    [36m[REQUEST][0m DELETE /api/anime/1752/ratings/213 - IP: ::ffff:127.0.0.1

      at log (middleware/logger.js:76:11)

  console.log
    [32m[RESPONSE][0m DELETE /api/anime/1752/ratings/213 - 200 - 6ms

      at ServerResponse.log [as json] (middleware/logger.js:95:13)

  console.log
    [36m[REQUEST][0m DELETE /api/anime/1/ratings/1 - IP: ::ffff:127.0.0.1

      at log (middleware/logger.js:76:11)

  console.log
    [33m[RESPONSE][0m DELETE /api/anime/1/ratings/1 - 401 - 2ms

      at ServerResponse.log [as json] (middleware/logger.js:95:13)

  console.log
      [31mError: No authorization token provided[0m

      at ServerResponse.log [as json] (middleware/logger.js:101:15)

  console.log
    [36m[REQUEST][0m POST /api/auth/register - IP: ::ffff:127.0.0.1

      at log (middleware/logger.js:76:11)

  console.log
    [90m  Body: {"username":"user_1","email":"user_1@example.com","password":"password123"}[0m

      at log (middleware/logger.js:82:13)

  console.log
    [32m[RESPONSE][0m POST /api/auth/register - 201 - 114ms

      at ServerResponse.log [as json] (middleware/logger.js:95:13)

  console.log
    [36m[REQUEST][0m POST /api/auth/register - IP: ::ffff:127.0.0.1

      at log (middleware/logger.js:76:11)

  console.log
    [90m  Body: {"username":"user_2","email":"user_2@example.com","password":"password123"}[0m

      at log (middleware/logger.js:82:13)

  console.log
    [32m[RESPONSE][0m POST /api/auth/register - 201 - 109ms

      at ServerResponse.log [as json] (middleware/logger.js:95:13)

  console.log
    [36m[REQUEST][0m POST /api/anime/1753/ratings - IP: ::ffff:127.0.0.1

      at log (middleware/logger.js:76:11)

  console.log
    [90m  Body: {"rating":7}[0m

      at log (middleware/logger.js:82:13)

  console.log
    [32m[RESPONSE][0m POST /api/anime/1753/ratings - 201 - 8ms

      at ServerResponse.log [as json] (middleware/logger.js:95:13)

  console.log
    [36m[REQUEST][0m DELETE /api/anime/1753/ratings/214 - IP: ::ffff:127.0.0.1

      at log (middleware/logger.js:76:11)

  console.log
    [33m[RESPONSE][0m DELETE /api/anime/1753/ratings/214 - 403 - 4ms

      at ServerResponse.log [as json] (middleware/logger.js:95:13)

  console.log
      [31mError: You can only delete your own ratings[0m

      at ServerResponse.log [as json] (middleware/logger.js:101:15)

  console.log
    [36m[REQUEST][0m POST /api/auth/register - IP: ::ffff:127.0.0.1

      at log (middleware/logger.js:76:11)

  console.log
    [90m  Body: {"username":"user_1775113158260","email":"user_1775113158260@example.com","password":"password123"}[0m

      at log (middleware/logger.js:82:13)

  console.log
    [32m[RESPONSE][0m POST /api/auth/register - 201 - 107ms

      at ServerResponse.log [as json] (middleware/logger.js:95:13)

  console.log
    [36m[REQUEST][0m DELETE /api/anime/1754/ratings/9999 - IP: ::ffff:127.0.0.1

      at log (middleware/logger.js:76:11)

  console.log
    [33m[RESPONSE][0m DELETE /api/anime/1754/ratings/9999 - 404 - 3ms

      at ServerResponse.log [as json] (middleware/logger.js:95:13)

  console.log
      [31mError: Rating not found[0m

      at ServerResponse.log [as json] (middleware/logger.js:101:15)

  console.log
    [36m[REQUEST][0m POST /api/auth/register - IP: ::ffff:127.0.0.1

      at log (middleware/logger.js:76:11)

  console.log
    [90m  Body: {"username":"user_1775113158396","email":"user_1775113158396@example.com","password":"password123"}[0m

      at log (middleware/logger.js:82:13)

  console.log
    [32m[RESPONSE][0m POST /api/auth/register - 201 - 121ms

      at ServerResponse.log [as json] (middleware/logger.js:95:13)

  console.log
    [36m[REQUEST][0m POST /api/anime/1755/ratings - IP: ::ffff:127.0.0.1

      at log (middleware/logger.js:76:11)

  console.log
    [90m  Body: {"rating":10,"review":"Best anime!"}[0m

      at log (middleware/logger.js:82:13)

  console.log
    [32m[RESPONSE][0m POST /api/anime/1755/ratings - 201 - 8ms

      at ServerResponse.log [as json] (middleware/logger.js:95:13)

  console.log
    [36m[REQUEST][0m POST /api/anime/1756/ratings - IP: ::ffff:127.0.0.1

      at log (middleware/logger.js:76:11)

  console.log
    [90m  Body: {"rating":9}[0m

      at log (middleware/logger.js:82:13)

  console.log
    [32m[RESPONSE][0m POST /api/anime/1756/ratings - 201 - 7ms

      at ServerResponse.log [as json] (middleware/logger.js:95:13)

  console.log
    [36m[REQUEST][0m GET /api/ratings/me - IP: ::ffff:127.0.0.1

      at log (middleware/logger.js:76:11)

  console.log
    [32m[RESPONSE][0m GET /api/ratings/me - 200 - 4ms

      at ServerResponse.log [as json] (middleware/logger.js:95:13)

  console.log
    [36m[REQUEST][0m POST /api/auth/register - IP: ::ffff:127.0.0.1

      at log (middleware/logger.js:76:11)

  console.log
    [90m  Body: {"username":"user_1775113158567","email":"user_1775113158567@example.com","password":"password123"}[0m

      at log (middleware/logger.js:82:13)

  console.log
    [32m[RESPONSE][0m POST /api/auth/register - 201 - 115ms

      at ServerResponse.log [as json] (middleware/logger.js:95:13)

  console.log
    [36m[REQUEST][0m GET /api/ratings/me - IP: ::ffff:127.0.0.1

      at log (middleware/logger.js:76:11)

  console.log
    [32m[RESPONSE][0m GET /api/ratings/me - 200 - 3ms

      at ServerResponse.log [as json] (middleware/logger.js:95:13)

  console.log
    [36m[REQUEST][0m GET /api/ratings/me - IP: ::ffff:127.0.0.1

      at log (middleware/logger.js:76:11)

  console.log
    [33m[RESPONSE][0m GET /api/ratings/me - 401 - 2ms

      at ServerResponse.log [as json] (middleware/logger.js:95:13)

  console.log
      [31mError: No authorization token provided[0m

      at ServerResponse.log [as json] (middleware/logger.js:101:15)

PASS tests/ratings.test.js
  Ratings API Endpoints
    GET /api/anime/:animeId/ratings
      ÔêÜ Should return empty ratings with null average when no ratings exist (
50 ms)
      ÔêÜ Should return ratings with correct average (345 ms)
      ÔêÜ Should return 404 for non-existent anime (26 ms)
      ÔêÜ Should return 400 for invalid anime ID (14 ms)
    POST /api/anime/:animeId/ratings
      ÔêÜ Should create a rating successfully (138 ms)
      ÔêÜ Should create a rating without review (151 ms)
      ÔêÜ Should return 401 when not authenticated (29 ms)
      ÔêÜ Should return 400 when rating is missing (134 ms)
      ÔêÜ Should return 400 when rating is below 1 (156 ms)
      ÔêÜ Should return 400 when rating is above 10 (160 ms)
      ÔêÜ Should return 400 when rating is not an integer (157 ms)
      ÔêÜ Should return 409 when user already rated this anime (182 ms)
      ÔêÜ Should return 404 for non-existent anime (154 ms)
      ÔêÜ Should return 400 when review is too long (126 ms)
    PUT /api/anime/:animeId/ratings/:ratingId
      ÔêÜ Should update own rating successfully (135 ms)
      ÔêÜ Should return 401 when not authenticated (30 ms)
      ÔêÜ Should return 403 when updating another user's rating (237 ms)
      ÔêÜ Should return 404 for non-existent rating (139 ms)
      ÔêÜ Should return 400 for invalid rating value on update (149 ms)
    DELETE /api/anime/:animeId/ratings/:ratingId
      ÔêÜ Should delete own rating successfully (160 ms)
      ÔêÜ Should return 401 when not authenticated (19 ms)
      ÔêÜ Should return 403 when deleting another user's rating (257 ms)
      ÔêÜ Should return 404 for non-existent rating (134 ms)
    GET /api/ratings/me
      ÔêÜ Should return authenticated user's ratings (173 ms)
      ÔêÜ Should return empty array when user has no ratings (138 ms)
      ÔêÜ Should return 401 when not authenticated (11 ms)

  console.log
    [dotenv@17.2.3] injecting env (6) from .env -- tip: ­ƒöÉ prevent building .env in docker: https://dotenvx.com/prebuild

      at _log (node_modules/dotenv/lib/main.js:142:11)

  console.log
    [dotenv@17.2.3] injecting env (0) from .env -- tip: ­ƒöÉ prevent building .env in docker: https://dotenvx.com/prebuild

      at _log (node_modules/dotenv/lib/main.js:142:11)

  console.log
    Ô£à Connected to SQLite database: C:\Users\justi\Nextcloud\school\Summa jaar 2 redo\API-basis\Project-Manga\config\anime_test.db

      at log (config/db.js:127:13)

  console.log
    [36m[REQUEST][0m POST /api/auth/register - IP: ::ffff:127.0.0.1

      at log (middleware/logger.js:76:11)

  console.log
    [90m  Body: {"username":"user_1775113159084","email":"user_1775113159084@example.com","password":"password123"}[0m

      at log (middleware/logger.js:82:13)

  console.log
    [32m[RESPONSE][0m POST /api/auth/register - 201 - 122ms

      at ServerResponse.log [as json] (middleware/logger.js:95:13)

  console.log
    [36m[REQUEST][0m GET /api/favorites - IP: ::ffff:127.0.0.1

      at log (middleware/logger.js:76:11)

  console.log
    [32m[RESPONSE][0m GET /api/favorites - 200 - 5ms

      at ServerResponse.log [as json] (middleware/logger.js:95:13)

  console.log
    [36m[REQUEST][0m POST /api/auth/register - IP: ::ffff:127.0.0.1

      at log (middleware/logger.js:76:11)

  console.log
    [90m  Body: {"username":"user_1775113159253","email":"user_1775113159253@example.com","password":"password123"}[0m

      at log (middleware/logger.js:82:13)

  console.log
    [32m[RESPONSE][0m POST /api/auth/register - 201 - 99ms

      at ServerResponse.log [as json] (middleware/logger.js:95:13)

  console.log
    [36m[REQUEST][0m POST /api/favorites/1757 - IP: ::ffff:127.0.0.1

      at log (middleware/logger.js:76:11)

  console.log
    [32m[RESPONSE][0m POST /api/favorites/1757 - 201 - 9ms

      at ServerResponse.log [as json] (middleware/logger.js:95:13)

  console.log
    [36m[REQUEST][0m POST /api/favorites/1758 - IP: ::ffff:127.0.0.1

      at log (middleware/logger.js:76:11)

  console.log
    [32m[RESPONSE][0m POST /api/favorites/1758 - 201 - 6ms

      at ServerResponse.log [as json] (middleware/logger.js:95:13)

  console.log
    [36m[REQUEST][0m GET /api/favorites - IP: ::ffff:127.0.0.1

      at log (middleware/logger.js:76:11)

  console.log
    [32m[RESPONSE][0m GET /api/favorites - 200 - 2ms

      at ServerResponse.log [as json] (middleware/logger.js:95:13)

  console.log
    [36m[REQUEST][0m GET /api/favorites - IP: ::ffff:127.0.0.1

      at log (middleware/logger.js:76:11)

  console.log
    [33m[RESPONSE][0m GET /api/favorites - 401 - 2ms

      at ServerResponse.log [as json] (middleware/logger.js:95:13)

  console.log
      [31mError: No authorization token provided[0m

      at ServerResponse.log [as json] (middleware/logger.js:101:15)

  console.log
    [36m[REQUEST][0m POST /api/auth/register - IP: ::ffff:127.0.0.1

      at log (middleware/logger.js:76:11)

  console.log
    [90m  Body: {"username":"user_1","email":"user_1@example.com","password":"password123"}[0m

      at log (middleware/logger.js:82:13)

  console.log
    [32m[RESPONSE][0m POST /api/auth/register - 201 - 99ms

      at ServerResponse.log [as json] (middleware/logger.js:95:13)

  console.log
    [36m[REQUEST][0m POST /api/auth/register - IP: ::ffff:127.0.0.1

      at log (middleware/logger.js:76:11)

  console.log
    [90m  Body: {"username":"user_2","email":"user_2@example.com","password":"password123"}[0m

      at log (middleware/logger.js:82:13)

  console.log
    [32m[RESPONSE][0m POST /api/auth/register - 201 - 99ms

      at ServerResponse.log [as json] (middleware/logger.js:95:13)

  console.log
    [36m[REQUEST][0m POST /api/favorites/1759 - IP: ::ffff:127.0.0.1

      at log (middleware/logger.js:76:11)

  console.log
    [32m[RESPONSE][0m POST /api/favorites/1759 - 201 - 5ms

      at ServerResponse.log [as json] (middleware/logger.js:95:13)

  console.log
    [36m[REQUEST][0m POST /api/favorites/1760 - IP: ::ffff:127.0.0.1

      at log (middleware/logger.js:76:11)

  console.log
    [32m[RESPONSE][0m POST /api/favorites/1760 - 201 - 5ms

      at ServerResponse.log [as json] (middleware/logger.js:95:13)

  console.log
    [36m[REQUEST][0m GET /api/favorites - IP: ::ffff:127.0.0.1

      at log (middleware/logger.js:76:11)

  console.log
    [32m[RESPONSE][0m GET /api/favorites - 200 - 2ms

      at ServerResponse.log [as json] (middleware/logger.js:95:13)

  console.log
    [36m[REQUEST][0m POST /api/auth/register - IP: ::ffff:127.0.0.1

      at log (middleware/logger.js:76:11)

  console.log
    [90m  Body: {"username":"user_1775113159650","email":"user_1775113159650@example.com","password":"password123"}[0m

      at log (middleware/logger.js:82:13)

  console.log
    [32m[RESPONSE][0m POST /api/auth/register - 201 - 90ms

      at ServerResponse.log [as json] (middleware/logger.js:95:13)

  console.log
    [36m[REQUEST][0m POST /api/favorites/1761 - IP: ::ffff:127.0.0.1

      at log (middleware/logger.js:76:11)

  console.log
    [32m[RESPONSE][0m POST /api/favorites/1761 - 201 - 4ms

      at ServerResponse.log [as json] (middleware/logger.js:95:13)

  console.log
    [36m[REQUEST][0m POST /api/favorites/1762 - IP: ::ffff:127.0.0.1

      at log (middleware/logger.js:76:11)

  console.log
    [33m[RESPONSE][0m POST /api/favorites/1762 - 401 - 1ms

      at ServerResponse.log [as json] (middleware/logger.js:95:13)

  console.log
      [31mError: No authorization token provided[0m

      at ServerResponse.log [as json] (middleware/logger.js:101:15)

  console.log
    [36m[REQUEST][0m POST /api/auth/register - IP: ::ffff:127.0.0.1

      at log (middleware/logger.js:76:11)

  console.log
    [90m  Body: {"username":"user_1775113159773","email":"user_1775113159773@example.com","password":"password123"}[0m

      at log (middleware/logger.js:82:13)

  console.log
    [32m[RESPONSE][0m POST /api/auth/register - 201 - 85ms

      at ServerResponse.log [as json] (middleware/logger.js:95:13)

  console.log
    [36m[REQUEST][0m POST /api/favorites/9999 - IP: ::ffff:127.0.0.1

      at log (middleware/logger.js:76:11)

  console.log
    [33m[RESPONSE][0m POST /api/favorites/9999 - 404 - 2ms

      at ServerResponse.log [as json] (middleware/logger.js:95:13)

  console.log
      [31mError: Anime not found[0m

      at ServerResponse.log [as json] (middleware/logger.js:101:15)

  console.log
    [36m[REQUEST][0m POST /api/auth/register - IP: ::ffff:127.0.0.1

      at log (middleware/logger.js:76:11)

  console.log
    [90m  Body: {"username":"user_1775113159875","email":"user_1775113159875@example.com","password":"password123"}[0m

      at log (middleware/logger.js:82:13)

  console.log
    [32m[RESPONSE][0m POST /api/auth/register - 201 - 84ms

      at ServerResponse.log [as json] (middleware/logger.js:95:13)

  console.log
    [36m[REQUEST][0m POST /api/favorites/1763 - IP: ::ffff:127.0.0.1

      at log (middleware/logger.js:76:11)

  console.log
    [32m[RESPONSE][0m POST /api/favorites/1763 - 201 - 5ms

      at ServerResponse.log [as json] (middleware/logger.js:95:13)

  console.log
    [36m[REQUEST][0m POST /api/favorites/1763 - IP: ::ffff:127.0.0.1

      at log (middleware/logger.js:76:11)

  console.log
    [33m[RESPONSE][0m POST /api/favorites/1763 - 409 - 2ms

      at ServerResponse.log [as json] (middleware/logger.js:95:13)

  console.log
      [31mError: Anime is already in your favorites[0m

      at ServerResponse.log [as json] (middleware/logger.js:101:15)

  console.log
    [36m[REQUEST][0m POST /api/auth/register - IP: ::ffff:127.0.0.1

      at log (middleware/logger.js:76:11)

  console.log
    [90m  Body: {"username":"user_1775113159987","email":"user_1775113159987@example.com","password":"password123"}[0m

      at log (middleware/logger.js:82:13)

  console.log
    [32m[RESPONSE][0m POST /api/auth/register - 201 - 86ms

      at ServerResponse.log [as json] (middleware/logger.js:95:13)

  console.log
    [36m[REQUEST][0m POST /api/favorites/abc - IP: ::ffff:127.0.0.1

      at log (middleware/logger.js:76:11)

  console.log
    [33m[RESPONSE][0m POST /api/favorites/abc - 400 - 2ms

      at ServerResponse.log [as json] (middleware/logger.js:95:13)

  console.log
      [31mError: Invalid anime ID format[0m

      at ServerResponse.log [as json] (middleware/logger.js:101:15)

  console.log
    [36m[REQUEST][0m POST /api/auth/register - IP: ::ffff:127.0.0.1

      at log (middleware/logger.js:76:11)

  console.log
    [90m  Body: {"username":"user_1775113160090","email":"user_1775113160090@example.com","password":"password123"}[0m

      at log (middleware/logger.js:82:13)

  console.log
    [32m[RESPONSE][0m POST /api/auth/register - 201 - 88ms

      at ServerResponse.log [as json] (middleware/logger.js:95:13)

  console.log
    [36m[REQUEST][0m POST /api/favorites/1764 - IP: ::ffff:127.0.0.1

      at log (middleware/logger.js:76:11)

  console.log
    [32m[RESPONSE][0m POST /api/favorites/1764 - 201 - 5ms

      at ServerResponse.log [as json] (middleware/logger.js:95:13)

  console.log
    [36m[REQUEST][0m DELETE /api/favorites/1764 - IP: ::ffff:127.0.0.1

      at log (middleware/logger.js:76:11)

  console.log
    [32m[RESPONSE][0m DELETE /api/favorites/1764 - 200 - 4ms

      at ServerResponse.log [as json] (middleware/logger.js:95:13)

  console.log
    [36m[REQUEST][0m DELETE /api/favorites/1 - IP: ::ffff:127.0.0.1

      at log (middleware/logger.js:76:11)

  console.log
    [33m[RESPONSE][0m DELETE /api/favorites/1 - 401 - 1ms

      at ServerResponse.log [as json] (middleware/logger.js:95:13)

  console.log
      [31mError: No authorization token provided[0m

      at ServerResponse.log [as json] (middleware/logger.js:101:15)

  console.log
    [36m[REQUEST][0m POST /api/auth/register - IP: ::ffff:127.0.0.1

      at log (middleware/logger.js:76:11)

  console.log
    [90m  Body: {"username":"user_1775113160220","email":"user_1775113160220@example.com","password":"password123"}[0m

      at log (middleware/logger.js:82:13)

  console.log
    [32m[RESPONSE][0m POST /api/auth/register - 201 - 94ms

      at ServerResponse.log [as json] (middleware/logger.js:95:13)

  console.log
    [36m[REQUEST][0m DELETE /api/favorites/1765 - IP: ::ffff:127.0.0.1

      at log (middleware/logger.js:76:11)

  console.log
    [33m[RESPONSE][0m DELETE /api/favorites/1765 - 404 - 2ms

      at ServerResponse.log [as json] (middleware/logger.js:95:13)

  console.log
      [31mError: Anime is not in your favorites[0m

      at ServerResponse.log [as json] (middleware/logger.js:101:15)

  console.log
    [36m[REQUEST][0m POST /api/auth/register - IP: ::ffff:127.0.0.1

      at log (middleware/logger.js:76:11)

  console.log
    [90m  Body: {"username":"user_1","email":"user_1@example.com","password":"password123"}[0m

      at log (middleware/logger.js:82:13)

  console.log
    [32m[RESPONSE][0m POST /api/auth/register - 201 - 95ms

      at ServerResponse.log [as json] (middleware/logger.js:95:13)

  console.log
    [36m[REQUEST][0m POST /api/auth/register - IP: ::ffff:127.0.0.1

      at log (middleware/logger.js:76:11)

  console.log
    [90m  Body: {"username":"user_2","email":"user_2@example.com","password":"password123"}[0m

      at log (middleware/logger.js:82:13)

  console.log
    [32m[RESPONSE][0m POST /api/auth/register - 201 - 96ms

      at ServerResponse.log [as json] (middleware/logger.js:95:13)

  console.log
    [36m[REQUEST][0m POST /api/favorites/1766 - IP: ::ffff:127.0.0.1

      at log (middleware/logger.js:76:11)

  console.log
    [32m[RESPONSE][0m POST /api/favorites/1766 - 201 - 6ms

      at ServerResponse.log [as json] (middleware/logger.js:95:13)

  console.log
    [36m[REQUEST][0m DELETE /api/favorites/1766 - IP: ::ffff:127.0.0.1

      at log (middleware/logger.js:76:11)

  console.log
    [33m[RESPONSE][0m DELETE /api/favorites/1766 - 404 - 3ms

      at ServerResponse.log [as json] (middleware/logger.js:95:13)

  console.log
      [31mError: Anime is not in your favorites[0m

      at ServerResponse.log [as json] (middleware/logger.js:101:15)

  console.log
    [36m[REQUEST][0m POST /api/auth/register - IP: ::ffff:127.0.0.1

      at log (middleware/logger.js:76:11)

  console.log
    [90m  Body: {"username":"user_1775113160559","email":"user_1775113160559@example.com","password":"password123"}[0m

      at log (middleware/logger.js:82:13)

  console.log
    [32m[RESPONSE][0m POST /api/auth/register - 201 - 94ms

      at ServerResponse.log [as json] (middleware/logger.js:95:13)

  console.log
    [36m[REQUEST][0m DELETE /api/favorites/abc - IP: ::ffff:127.0.0.1

      at log (middleware/logger.js:76:11)

  console.log
    [33m[RESPONSE][0m DELETE /api/favorites/abc - 400 - 3ms

      at ServerResponse.log [as json] (middleware/logger.js:95:13)

  console.log
      [31mError: Invalid anime ID format[0m

      at ServerResponse.log [as json] (middleware/logger.js:101:15)

  console.log
    [36m[REQUEST][0m POST /api/auth/register - IP: ::ffff:127.0.0.1

      at log (middleware/logger.js:76:11)

  console.log
    [90m  Body: {"username":"user_1775113160675","email":"user_1775113160675@example.com","password":"password123"}[0m

      at log (middleware/logger.js:82:13)

  console.log
    [32m[RESPONSE][0m POST /api/auth/register - 201 - 97ms

      at ServerResponse.log [as json] (middleware/logger.js:95:13)

  console.log
    [36m[REQUEST][0m POST /api/favorites/1767 - IP: ::ffff:127.0.0.1

      at log (middleware/logger.js:76:11)

  console.log
    [32m[RESPONSE][0m POST /api/favorites/1767 - 201 - 5ms

      at ServerResponse.log [as json] (middleware/logger.js:95:13)

  console.log
    [36m[REQUEST][0m POST /api/favorites/1768 - IP: ::ffff:127.0.0.1

      at log (middleware/logger.js:76:11)

  console.log
    [32m[RESPONSE][0m POST /api/favorites/1768 - 201 - 6ms

      at ServerResponse.log [as json] (middleware/logger.js:95:13)

  console.log
    [36m[REQUEST][0m DELETE /api/favorites/1767 - IP: ::ffff:127.0.0.1

      at log (middleware/logger.js:76:11)

  console.log
    [32m[RESPONSE][0m DELETE /api/favorites/1767 - 200 - 4ms

      at ServerResponse.log [as json] (middleware/logger.js:95:13)

  console.log
    [36m[REQUEST][0m GET /api/favorites - IP: ::ffff:127.0.0.1

      at log (middleware/logger.js:76:11)

  console.log
    [32m[RESPONSE][0m GET /api/favorites - 200 - 2ms

      at ServerResponse.log [as json] (middleware/logger.js:95:13)

PASS tests/favorites.test.js
  Favorites API Endpoints
    GET /api/favorites
      ÔêÜ Should return empty favorites list for new user (161 ms)
      ÔêÜ Should return user's favorites with anime names (143 ms)
      ÔêÜ Should return 401 when not authenticated (16 ms)
      ÔêÜ Should only return favorites for the authenticated user (237 ms)
    POST /api/favorites/:animeId
      ÔêÜ Should add anime to favorites successfully (112 ms)
      ÔêÜ Should return 401 when not authenticated (17 ms)
      ÔêÜ Should return 404 when anime does not exist (99 ms)
      ÔêÜ Should return 409 when anime is already favorited (109 ms)
      ÔêÜ Should return 400 for invalid anime ID (104 ms)
    DELETE /api/favorites/:animeId
      ÔêÜ Should remove anime from favorites successfully (118 ms)
      ÔêÜ Should return 401 when not authenticated (15 ms)
      ÔêÜ Should return 404 when anime is not in favorites (110 ms)
      ÔêÜ Should not remove another user's favorite (225 ms)
      ÔêÜ Should return 400 for invalid anime ID (115 ms)
      ÔêÜ Should correctly update favorites count after removal (141 ms)

Test Suites: 4 failed, 2 passed, 6 total
Tests:       35 failed, 90 passed, 125 total
Snapshots:   0 total
Time:        21.313 s
Ran all test suites.
